Archive member included to satisfy reference by file (symbol)

c:/ac6/systemworkbench/plugins/fr.ac6.mcu.externaltools.arm-none.win32_1.15.0.201708311556/tools/compiler/bin/../lib/gcc/arm-none-eabi/6.3.1/../../../../arm-none-eabi/lib/thumb/v7-m\libc.a(lib_a-exit.o)
                              c:/ac6/systemworkbench/plugins/fr.ac6.mcu.externaltools.arm-none.win32_1.15.0.201708311556/tools/compiler/bin/../lib/gcc/arm-none-eabi/6.3.1/../../../../arm-none-eabi/lib/thumb/v7-m/rdimon-crt0.o (exit)
c:/ac6/systemworkbench/plugins/fr.ac6.mcu.externaltools.arm-none.win32_1.15.0.201708311556/tools/compiler/bin/../lib/gcc/arm-none-eabi/6.3.1/../../../../arm-none-eabi/lib/thumb/v7-m\libc.a(lib_a-impure.o)
                              c:/ac6/systemworkbench/plugins/fr.ac6.mcu.externaltools.arm-none.win32_1.15.0.201708311556/tools/compiler/bin/../lib/gcc/arm-none-eabi/6.3.1/../../../../arm-none-eabi/lib/thumb/v7-m\libc.a(lib_a-exit.o) (_global_impure_ptr)
c:/ac6/systemworkbench/plugins/fr.ac6.mcu.externaltools.arm-none.win32_1.15.0.201708311556/tools/compiler/bin/../lib/gcc/arm-none-eabi/6.3.1/../../../../arm-none-eabi/lib/thumb/v7-m\libc.a(lib_a-init.o)
                              c:/ac6/systemworkbench/plugins/fr.ac6.mcu.externaltools.arm-none.win32_1.15.0.201708311556/tools/compiler/bin/../lib/gcc/arm-none-eabi/6.3.1/../../../../arm-none-eabi/lib/thumb/v7-m/rdimon-crt0.o (__libc_init_array)
c:/ac6/systemworkbench/plugins/fr.ac6.mcu.externaltools.arm-none.win32_1.15.0.201708311556/tools/compiler/bin/../lib/gcc/arm-none-eabi/6.3.1/../../../../arm-none-eabi/lib/thumb/v7-m\libc.a(lib_a-memset.o)
                              c:/ac6/systemworkbench/plugins/fr.ac6.mcu.externaltools.arm-none.win32_1.15.0.201708311556/tools/compiler/bin/../lib/gcc/arm-none-eabi/6.3.1/../../../../arm-none-eabi/lib/thumb/v7-m/rdimon-crt0.o (memset)
c:/ac6/systemworkbench/plugins/fr.ac6.mcu.externaltools.arm-none.win32_1.15.0.201708311556/tools/compiler/bin/../lib/gcc/arm-none-eabi/6.3.1/../../../../arm-none-eabi/lib/thumb/v7-m\libc.a(lib_a-__call_atexit.o)
                              c:/ac6/systemworkbench/plugins/fr.ac6.mcu.externaltools.arm-none.win32_1.15.0.201708311556/tools/compiler/bin/../lib/gcc/arm-none-eabi/6.3.1/../../../../arm-none-eabi/lib/thumb/v7-m\libc.a(lib_a-exit.o) (__call_exitprocs)
c:/ac6/systemworkbench/plugins/fr.ac6.mcu.externaltools.arm-none.win32_1.15.0.201708311556/tools/compiler/bin/../lib/gcc/arm-none-eabi/6.3.1/../../../../arm-none-eabi/lib/thumb/v7-m\libc.a(lib_a-atexit.o)
                              c:/ac6/systemworkbench/plugins/fr.ac6.mcu.externaltools.arm-none.win32_1.15.0.201708311556/tools/compiler/bin/../lib/gcc/arm-none-eabi/6.3.1/../../../../arm-none-eabi/lib/thumb/v7-m\libc.a(lib_a-__call_atexit.o) (atexit)
c:/ac6/systemworkbench/plugins/fr.ac6.mcu.externaltools.arm-none.win32_1.15.0.201708311556/tools/compiler/bin/../lib/gcc/arm-none-eabi/6.3.1/../../../../arm-none-eabi/lib/thumb/v7-m\libc.a(lib_a-fini.o)
                              c:/ac6/systemworkbench/plugins/fr.ac6.mcu.externaltools.arm-none.win32_1.15.0.201708311556/tools/compiler/bin/../lib/gcc/arm-none-eabi/6.3.1/../../../../arm-none-eabi/lib/thumb/v7-m\libc.a(lib_a-__call_atexit.o) (__libc_fini_array)
c:/ac6/systemworkbench/plugins/fr.ac6.mcu.externaltools.arm-none.win32_1.15.0.201708311556/tools/compiler/bin/../lib/gcc/arm-none-eabi/6.3.1/../../../../arm-none-eabi/lib/thumb/v7-m\libc.a(lib_a-lock.o)
                              c:/ac6/systemworkbench/plugins/fr.ac6.mcu.externaltools.arm-none.win32_1.15.0.201708311556/tools/compiler/bin/../lib/gcc/arm-none-eabi/6.3.1/../../../../arm-none-eabi/lib/thumb/v7-m\libc.a(lib_a-__call_atexit.o) (__retarget_lock_acquire_recursive)
c:/ac6/systemworkbench/plugins/fr.ac6.mcu.externaltools.arm-none.win32_1.15.0.201708311556/tools/compiler/bin/../lib/gcc/arm-none-eabi/6.3.1/../../../../arm-none-eabi/lib/thumb/v7-m\libc.a(lib_a-__atexit.o)
                              c:/ac6/systemworkbench/plugins/fr.ac6.mcu.externaltools.arm-none.win32_1.15.0.201708311556/tools/compiler/bin/../lib/gcc/arm-none-eabi/6.3.1/../../../../arm-none-eabi/lib/thumb/v7-m\libc.a(lib_a-atexit.o) (__register_exitproc)
c:/ac6/systemworkbench/plugins/fr.ac6.mcu.externaltools.arm-none.win32_1.15.0.201708311556/tools/compiler/bin/../lib/gcc/arm-none-eabi/6.3.1/../../../../arm-none-eabi/lib/thumb/v7-m\librdimon.a(rdimon-syscalls.o)
                              c:/ac6/systemworkbench/plugins/fr.ac6.mcu.externaltools.arm-none.win32_1.15.0.201708311556/tools/compiler/bin/../lib/gcc/arm-none-eabi/6.3.1/../../../../arm-none-eabi/lib/thumb/v7-m/rdimon-crt0.o (initialise_monitor_handles)
c:/ac6/systemworkbench/plugins/fr.ac6.mcu.externaltools.arm-none.win32_1.15.0.201708311556/tools/compiler/bin/../lib/gcc/arm-none-eabi/6.3.1/../../../../arm-none-eabi/lib/thumb/v7-m\librdimon.a(rdimon-_exit.o)
[...]
Memory Configuration

Name             Origin             Length             Attributes
RAM              0x20000000         0x00005000         xrw
FLASH            0x08000000         0x00010000         xr
*default*        0x00000000         0xffffffff

Linker script and memory map

LOAD c:/ac6/systemworkbench/plugins/fr.ac6.mcu.externaltools.arm-none.win32_1.15.0.201708311556/tools/compiler/bin/../lib/gcc/arm-none-eabi/6.3.1/thumb/v7-m/crti.o
LOAD c:/ac6/systemworkbench/plugins/fr.ac6.mcu.externaltools.arm-none.win32_1.15.0.201708311556/tools/compiler/bin/../lib/gcc/arm-none-eabi/6.3.1/thumb/v7-m/crtbegin.o
LOAD c:/ac6/systemworkbench/plugins/fr.ac6.mcu.externaltools.arm-none.win32_1.15.0.201708311556/tools/compiler/bin/../lib/gcc/arm-none-eabi/6.3.1/../../../../arm-none-eabi/lib/thumb/v7-m/rdimon-crt0.o
LOAD c:/ac6/systemworkbench/plugins/fr.ac6.mcu.externaltools.arm-none.win32_1.15.0.201708311556/tools/compiler/bin/../lib/gcc/arm-none-eabi/6.3.1/../../../../arm-none-eabi/lib/thumb/v7-m\libc.a
LOAD c:/ac6/systemworkbench/plugins/fr.ac6.mcu.externaltools.arm-none.win32_1.15.0.201708311556/tools/compiler/bin/../lib/gcc/arm-none-eabi/6.3.1/../../../../arm-none-eabi/lib/thumb/v7-m\librdimon.a
LOAD Drivers/STM32F1xx_HAL_Driver/Src/stm32f1xx_hal.o
LOAD Drivers/STM32F1xx_HAL_Driver/Src/stm32f1xx_hal_adc.o
LOAD Drivers/STM32F1xx_HAL_Driver/Src/stm32f1xx_hal_adc_ex.o
LOAD Drivers/STM32F1xx_HAL_Driver/Src/stm32f1xx_hal_cortex.o
LOAD Drivers/STM32F1xx_HAL_Driver/Src/stm32f1xx_hal_dma.o
LOAD Drivers/STM32F1xx_HAL_Driver/Src/stm32f1xx_hal_flash.o
LOAD Drivers/STM32F1xx_HAL_Driver/Src/stm32f1xx_hal_flash_ex.o
LOAD Drivers/STM32F1xx_HAL_Driver/Src/stm32f1xx_hal_gpio.o
LOAD Drivers/STM32F1xx_HAL_Driver/Src/stm32f1xx_hal_gpio_ex.o
LOAD Drivers/STM32F1xx_HAL_Driver/Src/stm32f1xx_hal_pcd.o
LOAD Drivers/STM32F1xx_HAL_Driver/Src/stm32f1xx_hal_pcd_ex.o
LOAD Drivers/STM32F1xx_HAL_Driver/Src/stm32f1xx_hal_pwr.o
LOAD Drivers/STM32F1xx_HAL_Driver/Src/stm32f1xx_hal_rcc.o
LOAD Drivers/STM32F1xx_HAL_Driver/Src/stm32f1xx_hal_rcc_ex.o
LOAD Drivers/STM32F1xx_HAL_Driver/Src/stm32f1xx_hal_tim.o
LOAD Drivers/STM32F1xx_HAL_Driver/Src/stm32f1xx_hal_tim_ex.o
LOAD Drivers/STM32F1xx_HAL_Driver/Src/stm32f1xx_ll_usb.o
LOAD Middlewares/ST/STM32_USB_Device_Library/Class/CDC/Src/usbd_cdc.o
LOAD Middlewares/ST/STM32_USB_Device_Library/Core/Src/usbd_core.o
LOAD Middlewares/ST/STM32_USB_Device_Library/Core/Src/usbd_ctlreq.o
LOAD Middlewares/ST/STM32_USB_Device_Library/Core/Src/usbd_ioreq.o
LOAD Src/Api.o
LOAD Src/angleFiring.o
LOAD Src/hardwareLogic.o
LOAD Src/main.o
LOAD Src/stm32f1xx_hal_msp.o
LOAD Src/stm32f1xx_it.o
LOAD Src/system_stm32f1xx.o
LOAD Src/usb_device.o
LOAD Src/usbd_cdc_if.o
LOAD Src/usbd_conf.o
LOAD Src/usbd_desc.o
LOAD startup/startup_stm32f103xb.o
LOAD c:/ac6/systemworkbench/plugins/fr.ac6.mcu.externaltools.arm-none.win32_1.15.0.201708311556/tools/compiler/bin/../lib/gcc/arm-none-eabi/6.3.1/../../../../arm-none-eabi/lib/thumb/v7-m\libm.a
START GROUP
LOAD c:/ac6/systemworkbench/plugins/fr.ac6.mcu.externaltools.arm-none.win32_1.15.0.201708311556/tools/compiler/bin/../lib/gcc/arm-none-eabi/6.3.1/thumb/v7-m\libgcc.a
LOAD c:/ac6/systemworkbench/plugins/fr.ac6.mcu.externaltools.arm-none.win32_1.15.0.201708311556/tools/compiler/bin/../lib/gcc/arm-none-eabi/6.3.1/../../../../arm-none-eabi/lib/thumb/v7-m\libc.a
END GROUP
START GROUP
LOAD c:/ac6/systemworkbench/plugins/fr.ac6.mcu.externaltools.arm-none.win32_1.15.0.201708311556/tools/compiler/bin/../lib/gcc/arm-none-eabi/6.3.1/thumb/v7-m\libgcc.a
LOAD c:/ac6/systemworkbench/plugins/fr.ac6.mcu.externaltools.arm-none.win32_1.15.0.201708311556/tools/compiler/bin/../lib/gcc/arm-none-eabi/6.3.1/../../../../arm-none-eabi/lib/thumb/v7-m\libc.a
LOAD c:/ac6/systemworkbench/plugins/fr.ac6.mcu.externaltools.arm-none.win32_1.15.0.201708311556/tools/compiler/bin/../lib/gcc/arm-none-eabi/6.3.1/../../../../arm-none-eabi/lib/thumb/v7-m\libnosys.a
END GROUP
START GROUP
LOAD c:/ac6/systemworkbench/plugins/fr.ac6.mcu.externaltools.arm-none.win32_1.15.0.201708311556/tools/compiler/bin/../lib/gcc/arm-none-eabi/6.3.1/thumb/v7-m\libgcc.a
LOAD c:/ac6/systemworkbench/plugins/fr.ac6.mcu.externaltools.arm-none.win32_1.15.0.201708311556/tools/compiler/bin/../lib/gcc/arm-none-eabi/6.3.1/../../../../arm-none-eabi/lib/thumb/v7-m\libc.a
LOAD c:/ac6/systemworkbench/plugins/fr.ac6.mcu.externaltools.arm-none.win32_1.15.0.201708311556/tools/compiler/bin/../lib/gcc/arm-none-eabi/6.3.1/../../../../arm-none-eabi/lib/thumb/v7-m\librdimon.a
END GROUP
LOAD c:/ac6/systemworkbench/plugins/fr.ac6.mcu.externaltools.arm-none.win32_1.15.0.201708311556/tools/compiler/bin/../lib/gcc/arm-none-eabi/6.3.1/thumb/v7-m/crtend.o
LOAD c:/ac6/systemworkbench/plugins/fr.ac6.mcu.externaltools.arm-none.win32_1.15.0.201708311556/tools/compiler/bin/../lib/gcc/arm-none-eabi/6.3.1/thumb/v7-m/crtn.o
                0x20005000                _estack = 0x20005000
                0x00000200                _Min_Heap_Size = 0x200
                0x00000400                _Min_Stack_Size = 0x400

.isr_vector     0x08000000      0x10c
                0x08000000                . = ALIGN (0x4)
 *(.isr_vector)
 .isr_vector    0x08000000      0x10c startup/startup_stm32f103xb.o
                0x08000000                g_pfnVectors
                0x0800010c                . = ALIGN (0x4)

.text           0x08000110     0x4d48
                0x08000110                . = ALIGN (0x4)
 *(.text)
 .text          0x08000110       0x6c c:/ac6/systemworkbench/plugins/fr.ac6.mcu.externaltools.arm-none.win32_1.15.0.201708311556/tools/compiler/bin/../lib/gcc/arm-none-eabi/6.3.1/thumb/v7-m/crtbegin.o
 .text          0x0800017c      0x370 c:/ac6/systemworkbench/plugins/fr.ac6.mcu.externaltools.arm-none.win32_1.15.0.201708311556/tools/compiler/bin/../lib/gcc/arm-none-eabi/6.3.1/thumb/v7-m\libgcc.a(_arm_addsubdf3.o)
                0x0800017c                __aeabi_drsub
                0x08000184                __aeabi_dsub
                0x08000184                __subdf3
                0x08000188                __aeabi_dadd
                0x08000188                __adddf3
                0x08000400                __floatunsidf
                0x08000400                __aeabi_ui2d
                0x08000420                __floatsidf
                0x08000420                __aeabi_i2d
                0x08000444                __aeabi_f2d
                0x08000444                __extendsfdf2
                0x08000480                __floatundidf
                0x08000480                __aeabi_ul2d
                0x08000490                __floatdidf
                0x08000490                __aeabi_l2d
 .text          0x080004ec      0x110 c:/ac6/systemworkbench/plugins/fr.ac6.mcu.externaltools.arm-none.win32_1.15.0.201708311556/tools/compiler/bin/../lib/gcc/arm-none-eabi/6.3.1/thumb/v7-m\libgcc.a(_arm_cmpdf2.o)
                0x080004ec                __gtdf2
                0x080004ec                __gedf2
                0x080004f4                __ltdf2
                0x080004f4                __ledf2
                0x080004fc                __nedf2
                0x080004fc                __eqdf2
                0x080004fc                __cmpdf2
                0x08000578                __aeabi_cdrcmple
                0x08000588                __aeabi_cdcmpeq
                0x08000588                __aeabi_cdcmple
                0x08000598                __aeabi_dcmpeq
                0x080005ac                __aeabi_dcmplt
                0x080005c0                __aeabi_dcmple
                0x080005d4                __aeabi_dcmpge
                0x080005e8                __aeabi_dcmpgt
 .text          0x080005fc      0x21c c:/ac6/systemworkbench/plugins/fr.ac6.mcu.externaltools.arm-none.win32_1.15.0.201708311556/tools/compiler/bin/../lib/gcc/arm-none-eabi/6.3.1/thumb/v7-m\libgcc.a(_arm_addsubsf3.o)
                0x080005fc                __aeabi_frsub
                0x08000604                __subsf3
                0x08000604                __aeabi_fsub
                0x08000608                __aeabi_fadd
                0x08000608                __addsf3
                0x08000768                __aeabi_ui2f
                0x08000768                __floatunsisf
                0x08000770                __aeabi_i2f
                0x08000770                __floatsisf
                0x0800078c                __aeabi_ul2f
                0x0800078c                __floatundisf
                0x0800079c                __aeabi_l2f
                0x0800079c                __floatdisf
 .text          0x08000818      0x2a0 c:/ac6/systemworkbench/plugins/fr.ac6.mcu.externaltools.arm-none.win32_1.15.0.201708311556/tools/compiler/bin/../lib/gcc/arm-none-eabi/6.3.1/thumb/v7-m\libgcc.a(_arm_muldivsf3.o)
                0x08000818                __mulsf3
                0x08000818                __aeabi_fmul
                0x08000980                __aeabi_fdiv
                0x08000980                __divsf3
 .text          0x08000ab8       0xec c:/ac6/systemworkbench/plugins/fr.ac6.mcu.externaltools.arm-none.win32_1.15.0.201708311556/tools/compiler/bin/../lib/gcc/arm-none-eabi/6.3.1/thumb/v7-m\libgcc.a(_arm_cmpsf2.o)
                0x08000ab8                __gesf2
                0x08000ab8                __gtsf2
                0x08000ac0                __lesf2
                0x08000ac0                __ltsf2
                0x08000ac8                __nesf2
                0x08000ac8                __eqsf2
                0x08000ac8                __cmpsf2
                0x08000b28                __aeabi_cfrcmple
                0x08000b30                __aeabi_cfcmpeq
                0x08000b30                __aeabi_cfcmple
                0x08000b40                __aeabi_fcmpeq
                0x08000b54                __aeabi_fcmplt
                0x08000b68                __aeabi_fcmple
                0x08000b7c                __aeabi_fcmpge
                0x08000b90                __aeabi_fcmpgt
 .text          0x08000ba4       0x4c c:/ac6/systemworkbench/plugins/fr.ac6.mcu.externaltools.arm-none.win32_1.15.0.201708311556/tools/compiler/bin/../lib/gcc/arm-none-eabi/6.3.1/thumb/v7-m\libgcc.a(_arm_fixsfsi.o)
                0x08000ba4                __aeabi_f2iz
                0x08000ba4                __fixsfsi
 *(.text*)
 .text.__libc_init_array
                0x08000bf0       0x50 c:/ac6/systemworkbench/plugins/fr.ac6.mcu.externaltools.arm-none.win32_1.15.0.201708311556/tools/compiler/bin/../lib/gcc/arm-none-eabi/6.3.1/../../../../arm-none-eabi/lib/thumb/v7-m\libc.a(lib_a-init.o)
                0x08000bf0                __libc_init_array
 .text.startup.register_fini
                0x08000c40       0x14 c:/ac6/systemworkbench/plugins/fr.ac6.mcu.externaltools.arm-none.win32_1.15.0.201708311556/tools/compiler/bin/../lib/gcc/arm-none-eabi/6.3.1/../../../../arm-none-eabi/lib/thumb/v7-m\libc.a(lib_a-__call_atexit.o)
 .text.atexit   0x08000c54        0xc c:/ac6/systemworkbench/plugins/fr.ac6.mcu.externaltools.arm-none.win32_1.15.0.201708311556/tools/compiler/bin/../lib/gcc/arm-none-eabi/6.3.1/../../../../arm-none-eabi/lib/thumb/v7-m\libc.a(lib_a-atexit.o)
                0x08000c54                atexit
 .text.__libc_fini_array
                0x08000c60       0x34 c:/ac6/systemworkbench/plugins/fr.ac6.mcu.externaltools.arm-none.win32_1.15.0.201708311556/tools/compiler/bin/../lib/gcc/arm-none-eabi/6.3.1/../../../../arm-none-eabi/lib/thumb/v7-m\libc.a(lib_a-fini.o)
                0x08000c60                __libc_fini_array
 .text.__retarget_lock_acquire_recursive
                0x08000c94        0x4 c:/ac6/systemworkbench/plugins/fr.ac6.mcu.externaltools.arm-none.win32_1.15.0.201708311556/tools/compiler/bin/../lib/gcc/arm-none-eabi/6.3.1/../../../../arm-none-eabi/lib/thumb/v7-m\libc.a(lib_a-lock.o)
                0x08000c94                __retarget_lock_acquire_recursive
 .text.__retarget_lock_release_recursive
                0x08000c98        0x4 c:/ac6/systemworkbench/plugins/fr.ac6.mcu.externaltools.arm-none.win32_1.15.0.201708311556/tools/compiler/bin/../lib/gcc/arm-none-eabi/6.3.1/../../../../arm-none-eabi/lib/thumb/v7-m\libc.a(lib_a-lock.o)
                0x08000c98                __retarget_lock_release_recursive
 .text.__register_exitproc
                0x08000c9c       0xc4 c:/ac6/systemworkbench/plugins/fr.ac6.mcu.externaltools.arm-none.win32_1.15.0.201708311556/tools/compiler/bin/../lib/gcc/arm-none-eabi/6.3.1/../../../../arm-none-eabi/lib/thumb/v7-m\libc.a(lib_a-__atexit.o)
                0x08000c9c                __register_exitproc
 .text.HAL_InitTick
                0x08000d60       0x48 Drivers/STM32F1xx_HAL_Driver/Src/stm32f1xx_hal.o
                0x08000d60                HAL_InitTick
 .text.HAL_Init
                0x08000da8       0x24 Drivers/STM32F1xx_HAL_Driver/Src/stm32f1xx_hal.o
                0x08000da8                HAL_Init
 .text.HAL_IncTick
                0x08000dcc       0x18 Drivers/STM32F1xx_HAL_Driver/Src/stm32f1xx_hal.o
                0x08000dcc                HAL_IncTick
 .text.HAL_GetTick
                0x08000de4        0xc Drivers/STM32F1xx_HAL_Driver/Src/stm32f1xx_hal.o
                0x08000de4                HAL_GetTick
 .text.HAL_ADC_ConfigChannel
                0x08000df0      0x138 Drivers/STM32F1xx_HAL_Driver/Src/stm32f1xx_hal_adc.o
                0x08000df0                HAL_ADC_ConfigChannel
 .text.ADC_ConversionStop_Disable
                0x08000f28       0x4c Drivers/STM32F1xx_HAL_Driver/Src/stm32f1xx_hal_adc.o
                0x08000f28                ADC_ConversionStop_Disable
 .text.HAL_ADC_Init
                0x08000f74      0x110 Drivers/STM32F1xx_HAL_Driver/Src/stm32f1xx_hal_adc.o
                0x08000f74                HAL_ADC_Init
 .text.HAL_NVIC_SetPriorityGrouping
                0x08001084       0x24 Drivers/STM32F1xx_HAL_Driver/Src/stm32f1xx_hal_cortex.o
                0x08001084                HAL_NVIC_SetPriorityGrouping
 .text.HAL_NVIC_SetPriority
                0x080010a8       0x64 Drivers/STM32F1xx_HAL_Driver/Src/stm32f1xx_hal_cortex.o
                0x080010a8                HAL_NVIC_SetPriority
 .text.HAL_NVIC_EnableIRQ
                0x0800110c       0x18 Drivers/STM32F1xx_HAL_Driver/Src/stm32f1xx_hal_cortex.o
                0x0800110c                HAL_NVIC_EnableIRQ
 .text.HAL_SYSTICK_Config
                0x08001124       0x2c Drivers/STM32F1xx_HAL_Driver/Src/stm32f1xx_hal_cortex.o
                0x08001124                HAL_SYSTICK_Config
 .text.HAL_SYSTICK_CLKSourceConfig
                0x08001150       0x20 Drivers/STM32F1xx_HAL_Driver/Src/stm32f1xx_hal_cortex.o
                0x08001150                HAL_SYSTICK_CLKSourceConfig
 .text.HAL_SYSTICK_Callback
                0x08001170        0x2 Drivers/STM32F1xx_HAL_Driver/Src/stm32f1xx_hal_cortex.o
                0x08001170                HAL_SYSTICK_Callback
 .text.HAL_SYSTICK_IRQHandler
                0x08001172        0x8 Drivers/STM32F1xx_HAL_Driver/Src/stm32f1xx_hal_cortex.o
                0x08001172                HAL_SYSTICK_IRQHandler
 *fill*         0x0800117a        0x2 
 .text.HAL_DMA_Init
                0x0800117c       0x78 Drivers/STM32F1xx_HAL_Driver/Src/stm32f1xx_hal_dma.o
                0x0800117c                HAL_DMA_Init
 .text.HAL_DMA_IRQHandler
                0x080011f4      0x144 Drivers/STM32F1xx_HAL_Driver/Src/stm32f1xx_hal_dma.o
                0x080011f4                HAL_DMA_IRQHandler
 .text.HAL_GPIO_Init
                0x08001338      0x1ec Drivers/STM32F1xx_HAL_Driver/Src/stm32f1xx_hal_gpio.o
                0x08001338                HAL_GPIO_Init
 .text.HAL_GPIO_WritePin
                0x08001524        0xc Drivers/STM32F1xx_HAL_Driver/Src/stm32f1xx_hal_gpio.o
                0x08001524                HAL_GPIO_WritePin
 .text.HAL_GPIO_EXTI_Callback
                0x08001530        0x2 Drivers/STM32F1xx_HAL_Driver/Src/stm32f1xx_hal_gpio.o
                0x08001530                HAL_GPIO_EXTI_Callback
 *fill*         0x08001532        0x2 
 .text.HAL_GPIO_EXTI_IRQHandler
                0x08001534       0x1c Drivers/STM32F1xx_HAL_Driver/Src/stm32f1xx_hal_gpio.o
                0x08001534                HAL_GPIO_EXTI_IRQHandler
 .text.HAL_PCD_Init
                0x08001550       0xd6 Drivers/STM32F1xx_HAL_Driver/Src/stm32f1xx_hal_pcd.o
                0x08001550                HAL_PCD_Init
 .text.HAL_PCD_Start
                0x08001626       0x2e Drivers/STM32F1xx_HAL_Driver/Src/stm32f1xx_hal_pcd.o
                0x08001626                HAL_PCD_Start
 .text.HAL_PCD_SetAddress
                0x08001654       0x28 Drivers/STM32F1xx_HAL_Driver/Src/stm32f1xx_hal_pcd.o
                0x08001654                HAL_PCD_SetAddress
 .text.HAL_PCD_EP_Open
                0x0800167c       0x52 Drivers/STM32F1xx_HAL_Driver/Src/stm32f1xx_hal_pcd.o
                0x0800167c                HAL_PCD_EP_Open
 .text.HAL_PCD_EP_Close
                0x080016ce       0x4e Drivers/STM32F1xx_HAL_Driver/Src/stm32f1xx_hal_pcd.o
                0x080016ce                HAL_PCD_EP_Close
 .text.HAL_PCD_EP_Receive
                0x0800171c       0x3e Drivers/STM32F1xx_HAL_Driver/Src/stm32f1xx_hal_pcd.o
                0x0800171c                HAL_PCD_EP_Receive
 .text.HAL_PCD_EP_GetRxCount
                0x0800175a        0xe Drivers/STM32F1xx_HAL_Driver/Src/stm32f1xx_hal_pcd.o
                0x0800175a                HAL_PCD_EP_GetRxCount
 .text.HAL_PCD_EP_Transmit
                0x08001768       0x3c Drivers/STM32F1xx_HAL_Driver/Src/stm32f1xx_hal_pcd.o
                0x08001768                HAL_PCD_EP_Transmit
 .text.PCD_EP_ISR_Handler
                0x080017a4      0x46e Drivers/STM32F1xx_HAL_Driver/Src/stm32f1xx_hal_pcd.o
 .text.HAL_PCD_IRQHandler
                0x08001c12      0x164 Drivers/STM32F1xx_HAL_Driver/Src/stm32f1xx_hal_pcd.o
                0x08001c12                HAL_PCD_IRQHandler
 .text.HAL_PCD_EP_SetStall
                0x08001d76       0x5c Drivers/STM32F1xx_HAL_Driver/Src/stm32f1xx_hal_pcd.o
                0x08001d76                HAL_PCD_EP_SetStall
 .text.HAL_PCD_EP_ClrStall
                0x08001dd2       0x4e Drivers/STM32F1xx_HAL_Driver/Src/stm32f1xx_hal_pcd.o
                0x08001dd2                HAL_PCD_EP_ClrStall
 .text.HAL_PCDEx_PMAConfig
                0x08001e20       0x30 Drivers/STM32F1xx_HAL_Driver/Src/stm32f1xx_hal_pcd_ex.o
                0x08001e20                HAL_PCDEx_PMAConfig
 .text.RCC_Delay
                0x08001e50       0x2c Drivers/STM32F1xx_HAL_Driver/Src/stm32f1xx_hal_rcc.o
 .text.HAL_RCC_OscConfig
                0x08001e7c      0x3e0 Drivers/STM32F1xx_HAL_Driver/Src/stm32f1xx_hal_rcc.o
                0x08001e7c                HAL_RCC_OscConfig
 .text.HAL_RCC_GetSysClockFreq
                0x0800225c       0x7c Drivers/STM32F1xx_HAL_Driver/Src/stm32f1xx_hal_rcc.o
                0x0800225c                HAL_RCC_GetSysClockFreq
 .text.HAL_RCC_ClockConfig
                0x080022d8      0x178 Drivers/STM32F1xx_HAL_Driver/Src/stm32f1xx_hal_rcc.o
                0x080022d8                HAL_RCC_ClockConfig
 .text.HAL_RCC_GetHCLKFreq
                0x08002450        0xc Drivers/STM32F1xx_HAL_Driver/Src/stm32f1xx_hal_rcc.o
                0x08002450                HAL_RCC_GetHCLKFreq
 .text.HAL_RCCEx_PeriphCLKConfig
                0x0800245c      0x114 Drivers/STM32F1xx_HAL_Driver/Src/stm32f1xx_hal_rcc_ex.o
                0x0800245c                HAL_RCCEx_PeriphCLKConfig
 .text.TIM_OC1_SetConfig
                0x08002570       0x5c Drivers/STM32F1xx_HAL_Driver/Src/stm32f1xx_hal_tim.o
 .text.TIM_OC3_SetConfig
                0x080025cc       0x64 Drivers/STM32F1xx_HAL_Driver/Src/stm32f1xx_hal_tim.o
 .text.TIM_OC4_SetConfig
                0x08002630       0x48 Drivers/STM32F1xx_HAL_Driver/Src/stm32f1xx_hal_tim.o
 .text.TIM_TI1_ConfigInputStage
                0x08002678       0x24 Drivers/STM32F1xx_HAL_Driver/Src/stm32f1xx_hal_tim.o
 .text.TIM_TI2_ConfigInputStage
                0x0800269c       0x26 Drivers/STM32F1xx_HAL_Driver/Src/stm32f1xx_hal_tim.o
 .text.TIM_ITRx_SetConfig
                0x080026c2       0x10 Drivers/STM32F1xx_HAL_Driver/Src/stm32f1xx_hal_tim.o
 .text.TIM_ETR_SetConfig
                0x080026d2       0x16 Drivers/STM32F1xx_HAL_Driver/Src/stm32f1xx_hal_tim.o
 .text.TIM_SlaveTimer_SetConfig
                0x080026e8       0x76 Drivers/STM32F1xx_HAL_Driver/Src/stm32f1xx_hal_tim.o
 .text.HAL_TIM_Base_Start
                0x0800275e       0x1a Drivers/STM32F1xx_HAL_Driver/Src/stm32f1xx_hal_tim.o
                0x0800275e                HAL_TIM_Base_Start
 .text.HAL_TIM_OC_MspInit
                0x08002778        0x2 Drivers/STM32F1xx_HAL_Driver/Src/stm32f1xx_hal_tim.o
                0x08002778                HAL_TIM_OC_MspInit
 .text.HAL_TIM_PWM_MspInit
                0x0800277a        0x2 Drivers/STM32F1xx_HAL_Driver/Src/stm32f1xx_hal_tim.o
                0x0800277a                HAL_TIM_PWM_MspInit
 .text.HAL_TIM_ConfigClockSource
                0x0800277c      0x108 Drivers/STM32F1xx_HAL_Driver/Src/stm32f1xx_hal_tim.o
                0x0800277c                HAL_TIM_ConfigClockSource
 .text.HAL_TIM_SlaveConfigSynchronization
                0x08002884       0x40 Drivers/STM32F1xx_HAL_Driver/Src/stm32f1xx_hal_tim.o
                0x08002884                HAL_TIM_SlaveConfigSynchronization
 .text.TIM_Base_SetConfig
                0x080028c4       0x78 Drivers/STM32F1xx_HAL_Driver/Src/stm32f1xx_hal_tim.o
                0x080028c4                TIM_Base_SetConfig
 .text.HAL_TIM_Base_Init
                0x0800293c       0x32 Drivers/STM32F1xx_HAL_Driver/Src/stm32f1xx_hal_tim.o
                0x0800293c                HAL_TIM_Base_Init
 .text.HAL_TIM_OC_Init
                0x0800296e       0x32 Drivers/STM32F1xx_HAL_Driver/Src/stm32f1xx_hal_tim.o
                0x0800296e                HAL_TIM_OC_Init
 .text.HAL_TIM_PWM_Init
                0x080029a0       0x32 Drivers/STM32F1xx_HAL_Driver/Src/stm32f1xx_hal_tim.o
                0x080029a0                HAL_TIM_PWM_Init
 *fill*         0x080029d2        0x2 
 .text.TIM_OC2_SetConfig
                0x080029d4       0x64 Drivers/STM32F1xx_HAL_Driver/Src/stm32f1xx_hal_tim.o
                0x080029d4                TIM_OC2_SetConfig
 .text.HAL_TIM_OC_ConfigChannel
                0x08002a38       0x5e Drivers/STM32F1xx_HAL_Driver/Src/stm32f1xx_hal_tim.o
                0x08002a38                HAL_TIM_OC_ConfigChannel
 .text.HAL_TIM_PWM_ConfigChannel
                0x08002a96       0xdc Drivers/STM32F1xx_HAL_Driver/Src/stm32f1xx_hal_tim.o
                0x08002a96                HAL_TIM_PWM_ConfigChannel
 .text.TIM_CCxChannelCmd
                0x08002b72       0x1c Drivers/STM32F1xx_HAL_Driver/Src/stm32f1xx_hal_tim.o
                0x08002b72                TIM_CCxChannelCmd
 *fill*         0x08002b8e        0x2 
 .text.HAL_TIM_OC_Start
                0x08002b90       0x30 Drivers/STM32F1xx_HAL_Driver/Src/stm32f1xx_hal_tim.o
                0x08002b90                HAL_TIM_OC_Start
 .text.HAL_TIM_OC_Stop
                0x08002bc0       0x58 Drivers/STM32F1xx_HAL_Driver/Src/stm32f1xx_hal_tim.o
                0x08002bc0                HAL_TIM_OC_Stop
 .text.HAL_TIM_PWM_Start
                0x08002c18       0x30 Drivers/STM32F1xx_HAL_Driver/Src/stm32f1xx_hal_tim.o
                0x08002c18                HAL_TIM_PWM_Start
 .text.HAL_TIMEx_MasterConfigSynchronization
                0x08002c48       0x52 Drivers/STM32F1xx_HAL_Driver/Src/stm32f1xx_hal_tim_ex.o
                0x08002c48                HAL_TIMEx_MasterConfigSynchronization
 .text.USB_CoreInit
                0x08002c9a        0xe Drivers/STM32F1xx_HAL_Driver/Src/stm32f1xx_ll_usb.o
                0x08002c9a                USB_CoreInit
 .text.USB_EnableGlobalInt
                0x08002ca8       0x12 Drivers/STM32F1xx_HAL_Driver/Src/stm32f1xx_ll_usb.o
                0x08002ca8                USB_EnableGlobalInt
 .text.USB_DisableGlobalInt
                0x08002cba       0x14 Drivers/STM32F1xx_HAL_Driver/Src/stm32f1xx_ll_usb.o
                0x08002cba                USB_DisableGlobalInt
 .text.USB_SetCurrentMode
                0x08002cce        0x4 Drivers/STM32F1xx_HAL_Driver/Src/stm32f1xx_ll_usb.o
                0x08002cce                USB_SetCurrentMode
 .text.USB_DevInit
                0x08002cd2       0x2c Drivers/STM32F1xx_HAL_Driver/Src/stm32f1xx_ll_usb.o
                0x08002cd2                USB_DevInit
 .text.USB_ActivateEndpoint
                0x08002cfe      0x332 Drivers/STM32F1xx_HAL_Driver/Src/stm32f1xx_ll_usb.o
                0x08002cfe                USB_ActivateEndpoint
 .text.USB_DeactivateEndpoint
                0x08003030      0x1c4 Drivers/STM32F1xx_HAL_Driver/Src/stm32f1xx_ll_usb.o
                0x08003030                USB_DeactivateEndpoint
 .text.USB_EPSetStall
                0x080031f4       0x6e Drivers/STM32F1xx_HAL_Driver/Src/stm32f1xx_ll_usb.o
                0x080031f4                USB_EPSetStall
 .text.USB_EPClearStall
                0x08003262       0x92 Drivers/STM32F1xx_HAL_Driver/Src/stm32f1xx_ll_usb.o
                0x08003262                USB_EPClearStall
 .text.USB_SetDevAddress
                0x080032f4        0xc Drivers/STM32F1xx_HAL_Driver/Src/stm32f1xx_ll_usb.o
                0x080032f4                USB_SetDevAddress
 .text.USB_DevConnect
                0x08003300        0x4 Drivers/STM32F1xx_HAL_Driver/Src/stm32f1xx_ll_usb.o
                0x08003300                USB_DevConnect
 .text.USB_DevDisconnect
                0x08003304        0x4 Drivers/STM32F1xx_HAL_Driver/Src/stm32f1xx_ll_usb.o
                0x08003304                USB_DevDisconnect
 .text.USB_ReadInterrupts
                0x08003308        0x8 Drivers/STM32F1xx_HAL_Driver/Src/stm32f1xx_ll_usb.o
                0x08003308                USB_ReadInterrupts
 .text.USB_EP0_OutStart
                0x08003310        0x4 Drivers/STM32F1xx_HAL_Driver/Src/stm32f1xx_ll_usb.o
                0x08003310                USB_EP0_OutStart
 .text.USB_WritePMA
                0x08003314       0x2a Drivers/STM32F1xx_HAL_Driver/Src/stm32f1xx_ll_usb.o
                0x08003314                USB_WritePMA
 .text.USB_EPStartXfer
                0x0800333e      0x2cc Drivers/STM32F1xx_HAL_Driver/Src/stm32f1xx_ll_usb.o
                0x0800333e                USB_EPStartXfer
 .text.USB_ReadPMA
                0x0800360a       0x1e Drivers/STM32F1xx_HAL_Driver/Src/stm32f1xx_ll_usb.o
                0x0800360a                USB_ReadPMA
 .text.USBD_CDC_DataIn
                0x08003628       0x12 Middlewares/ST/STM32_USB_Device_Library/Class/CDC/Src/usbd_cdc.o
 .text.USBD_CDC_EP0_RxReady
                0x0800363a       0x28 Middlewares/ST/STM32_USB_Device_Library/Class/CDC/Src/usbd_cdc.o
 *fill*         0x08003662        0x2 
 .text.USBD_CDC_GetFSCfgDesc
                0x08003664        0xc Middlewares/ST/STM32_USB_Device_Library/Class/CDC/Src/usbd_cdc.o
 .text.USBD_CDC_GetHSCfgDesc
                0x08003670        0xc Middlewares/ST/STM32_USB_Device_Library/Class/CDC/Src/usbd_cdc.o
 .text.USBD_CDC_GetOtherSpeedCfgDesc
                0x0800367c        0xc Middlewares/ST/STM32_USB_Device_Library/Class/CDC/Src/usbd_cdc.o
 .text.USBD_CDC_GetDeviceQualifierDescriptor
                0x08003688        0xc Middlewares/ST/STM32_USB_Device_Library/Class/CDC/Src/usbd_cdc.o
                0x08003688                USBD_CDC_GetDeviceQualifierDescriptor
 .text.USBD_CDC_DataOut
                0x08003694       0x2e Middlewares/ST/STM32_USB_Device_Library/Class/CDC/Src/usbd_cdc.o
 *fill*         0x080036c2        0x2 
 .text.USBD_CDC_Setup
                0x080036c4       0x74 Middlewares/ST/STM32_USB_Device_Library/Class/CDC/Src/usbd_cdc.o
 .text.USBD_CDC_DeInit
                0x08003738       0x3a Middlewares/ST/STM32_USB_Device_Library/Class/CDC/Src/usbd_cdc.o
 .text.USBD_CDC_Init
                0x08003772       0x96 Middlewares/ST/STM32_USB_Device_Library/Class/CDC/Src/usbd_cdc.o
 .text.USBD_CDC_RegisterInterface
                0x08003808        0xe Middlewares/ST/STM32_USB_Device_Library/Class/CDC/Src/usbd_cdc.o
                0x08003808                USBD_CDC_RegisterInterface
 .text.USBD_CDC_SetTxBuffer
                0x08003816       0x10 Middlewares/ST/STM32_USB_Device_Library/Class/CDC/Src/usbd_cdc.o
                0x08003816                USBD_CDC_SetTxBuffer
 .text.USBD_CDC_SetRxBuffer
                0x08003826        0xc Middlewares/ST/STM32_USB_Device_Library/Class/CDC/Src/usbd_cdc.o
                0x08003826                USBD_CDC_SetRxBuffer
 .text.USBD_CDC_ReceivePacket
                0x08003832       0x32 Middlewares/ST/STM32_USB_Device_Library/Class/CDC/Src/usbd_cdc.o
                0x08003832                USBD_CDC_ReceivePacket
 .text.USBD_Init
                0x08003864       0x2e Middlewares/ST/STM32_USB_Device_Library/Core/Src/usbd_core.o
                0x08003864                USBD_Init
 .text.USBD_RegisterClass
                0x08003892        0xe Middlewares/ST/STM32_USB_Device_Library/Core/Src/usbd_core.o
                0x08003892                USBD_RegisterClass
 .text.USBD_Start
                0x080038a0        0xa Middlewares/ST/STM32_USB_Device_Library/Core/Src/usbd_core.o
                0x080038a0                USBD_Start
 .text.USBD_SetClassConfig
                0x080038aa       0x1a Middlewares/ST/STM32_USB_Device_Library/Core/Src/usbd_core.o
                0x080038aa                USBD_SetClassConfig
 .text.USBD_ClrClassConfig
                0x080038c4        0xe Middlewares/ST/STM32_USB_Device_Library/Core/Src/usbd_core.o
                0x080038c4                USBD_ClrClassConfig
 .text.USBD_LL_SetupStage
                0x080038d2       0x5a Middlewares/ST/STM32_USB_Device_Library/Core/Src/usbd_core.o
                0x080038d2                USBD_LL_SetupStage
 .text.USBD_LL_DataOutStage
                0x0800392c       0x6a Middlewares/ST/STM32_USB_Device_Library/Core/Src/usbd_core.o
                0x0800392c                USBD_LL_DataOutStage
 .text.USBD_LL_DataInStage
                0x08003996       0xb2 Middlewares/ST/STM32_USB_Device_Library/Core/Src/usbd_core.o
                0x08003996                USBD_LL_DataInStage
 .text.USBD_LL_Reset
                0x08003a48       0x3e Middlewares/ST/STM32_USB_Device_Library/Core/Src/usbd_core.o
                0x08003a48                USBD_LL_Reset
 .text.USBD_LL_SetSpeed
                0x08003a86        0x6 Middlewares/ST/STM32_USB_Device_Library/Core/Src/usbd_core.o
                0x08003a86                USBD_LL_SetSpeed
 .text.USBD_LL_Suspend
                0x08003a8c       0x12 Middlewares/ST/STM32_USB_Device_Library/Core/Src/usbd_core.o
                0x08003a8c                USBD_LL_Suspend
 .text.USBD_LL_Resume
                0x08003a9e        0xc Middlewares/ST/STM32_USB_Device_Library/Core/Src/usbd_core.o
                0x08003a9e                USBD_LL_Resume
 .text.USBD_LL_SOF
                0x08003aaa       0x1c Middlewares/ST/STM32_USB_Device_Library/Core/Src/usbd_core.o
                0x08003aaa                USBD_LL_SOF
 .text.USBD_GetLen
                0x08003ac6       0x14 Middlewares/ST/STM32_USB_Device_Library/Core/Src/usbd_ctlreq.o
 .text.USBD_SetFeature
                0x08003ada       0x20 Middlewares/ST/STM32_USB_Device_Library/Core/Src/usbd_ctlreq.o
 .text.USBD_ParseSetupRequest
                0x08003afa       0x28 Middlewares/ST/STM32_USB_Device_Library/Core/Src/usbd_ctlreq.o
                0x08003afa                USBD_ParseSetupRequest
 .text.USBD_CtlError
                0x08003b22       0x14 Middlewares/ST/STM32_USB_Device_Library/Core/Src/usbd_ctlreq.o
                0x08003b22                USBD_CtlError
 .text.USBD_GetDescriptor
                0x08003b36      0x132 Middlewares/ST/STM32_USB_Device_Library/Core/Src/usbd_ctlreq.o
 .text.USBD_SetAddress
                0x08003c68       0x4a Middlewares/ST/STM32_USB_Device_Library/Core/Src/usbd_ctlreq.o
 *fill*         0x08003cb2        0x2 
 .text.USBD_SetConfig
                0x08003cb4       0xa4 Middlewares/ST/STM32_USB_Device_Library/Core/Src/usbd_ctlreq.o
 .text.USBD_GetConfig
                0x08003d58       0x3a Middlewares/ST/STM32_USB_Device_Library/Core/Src/usbd_ctlreq.o
 .text.USBD_GetStatus
                0x08003d92       0x2c Middlewares/ST/STM32_USB_Device_Library/Core/Src/usbd_ctlreq.o
 .text.USBD_ClrFeature
                0x08003dbe       0x32 Middlewares/ST/STM32_USB_Device_Library/Core/Src/usbd_ctlreq.o
 .text.USBD_StdDevReq
                0x08003df0       0x48 Middlewares/ST/STM32_USB_Device_Library/Core/Src/usbd_ctlreq.o
                0x08003df0                USBD_StdDevReq
 .text.USBD_StdItfReq
                0x08003e38       0x38 Middlewares/ST/STM32_USB_Device_Library/Core/Src/usbd_ctlreq.o
                0x08003e38                USBD_StdItfReq
 .text.USBD_StdEPReq
                0x08003e70      0x118 Middlewares/ST/STM32_USB_Device_Library/Core/Src/usbd_ctlreq.o
                0x08003e70                USBD_StdEPReq
 .text.USBD_GetString
                0x08003f88       0x3a Middlewares/ST/STM32_USB_Device_Library/Core/Src/usbd_ctlreq.o
                0x08003f88                USBD_GetString
 .text.USBD_CtlSendData
                0x08003fc2       0x1a Middlewares/ST/STM32_USB_Device_Library/Core/Src/usbd_ioreq.o
                0x08003fc2                USBD_CtlSendData
 .text.USBD_CtlContinueSendData
                0x08003fdc       0x10 Middlewares/ST/STM32_USB_Device_Library/Core/Src/usbd_ioreq.o
                0x08003fdc                USBD_CtlContinueSendData
 .text.USBD_CtlPrepareRx
                0x08003fec       0x1e Middlewares/ST/STM32_USB_Device_Library/Core/Src/usbd_ioreq.o
                0x08003fec                USBD_CtlPrepareRx
 .text.USBD_CtlContinueRx
                0x0800400a       0x10 Middlewares/ST/STM32_USB_Device_Library/Core/Src/usbd_ioreq.o
                0x0800400a                USBD_CtlContinueRx
 .text.USBD_CtlSendStatus
                0x0800401a       0x16 Middlewares/ST/STM32_USB_Device_Library/Core/Src/usbd_ioreq.o
                0x0800401a                USBD_CtlSendStatus
 .text.USBD_CtlReceiveStatus
                0x08004030       0x16 Middlewares/ST/STM32_USB_Device_Library/Core/Src/usbd_ioreq.o
                0x08004030                USBD_CtlReceiveStatus
 .text.computeFiringPercentageToTicks
                0x08004046       0x1c Src/angleFiring.o
                0x08004046                computeFiringPercentageToTicks
 .text.dmaStateOperationDeterminant
                0x08004062       0x26 Src/angleFiring.o
                0x08004062                dmaStateOperationDeterminant
 .text.replicateValueIntoDmaBuffer
                0x08004088       0x60 Src/angleFiring.o
                0x08004088                replicateValueIntoDmaBuffer
 .text.computeFiringTimesValue
                0x080040e8       0x5c Src/angleFiring.o
                0x080040e8                computeFiringTimesValue
 .text.computeValueToPutIntoDmaBufferFromTicks
                0x08004144       0x60 Src/angleFiring.o
                0x08004144                computeValueToPutIntoDmaBufferFromTicks
 .text.checkTransferCompletedFlag
                0x080041a4       0x10 Src/hardwareLogic.o
                0x080041a4                checkTransferCompletedFlag
 .text.disableDmaAndOcFiring
                0x080041b4       0x24 Src/hardwareLogic.o
                0x080041b4                disableDmaAndOcFiring
 .text.dmaConfiguration
                0x080041d8       0x1c Src/main.o
 *fill*         0x080041f4        0x4 
 .text.PIDcal   0x080041f8       0xb8 Src/main.o
 .text.DMA_SetConfig
                0x080042b0       0x2c Src/main.o
 .text.MX_GPIO_Init
                0x080042dc       0xb4 Src/main.o
 .text.MX_DMA_Init
                0x08004390       0x2c Src/main.o
 .text.EXTI1_IRQHandler
                0x080043bc       0xa8 Src/main.o
                0x080043bc                EXTI1_IRQHandler
 .text._Error_Handler
                0x08004464        0x2 Src/main.o
                0x08004464                _Error_Handler
 *fill*         0x08004466        0x2 
 .text.MX_TIM3_Init
                0x08004468       0xb0 Src/main.o
 .text.MX_TIM4_Init
                0x08004518       0xdc Src/main.o
 .text.MX_ADC1_Init
                0x080045f4       0x60 Src/main.o
 .text.SystemClock_Config
                0x08004654       0xa0 Src/main.o
                0x08004654                SystemClock_Config
 .text.main     0x080046f4       0x9c Src/main.o
                0x080046f4                main
 .text.HAL_MspInit
                0x08004790       0xa0 Src/stm32f1xx_hal_msp.o
                0x08004790                HAL_MspInit
 .text.HAL_ADC_MspInit
                0x08004830       0x44 Src/stm32f1xx_hal_msp.o
                0x08004830                HAL_ADC_MspInit
 .text.HAL_TIM_Base_MspInit
                0x08004874       0xac Src/stm32f1xx_hal_msp.o
                0x08004874                HAL_TIM_Base_MspInit
 .text.HAL_TIM_MspPostInit
                0x08004920       0x50 Src/stm32f1xx_hal_msp.o
                0x08004920                HAL_TIM_MspPostInit
 .text.NMI_Handler
                0x08004970        0x2 Src/stm32f1xx_it.o
                0x08004970                NMI_Handler
 .text.HardFault_Handler
                0x08004972        0x2 Src/stm32f1xx_it.o
                0x08004972                HardFault_Handler
 .text.MemManage_Handler
                0x08004974        0x2 Src/stm32f1xx_it.o
                0x08004974                MemManage_Handler
 .text.BusFault_Handler
                0x08004976        0x2 Src/stm32f1xx_it.o
                0x08004976                BusFault_Handler
 .text.UsageFault_Handler
                0x08004978        0x2 Src/stm32f1xx_it.o
                0x08004978                UsageFault_Handler
 .text.SVC_Handler
                0x0800497a        0x2 Src/stm32f1xx_it.o
                0x0800497a                SVC_Handler
 .text.DebugMon_Handler
                0x0800497c        0x2 Src/stm32f1xx_it.o
                0x0800497c                DebugMon_Handler
 .text.PendSV_Handler
                0x0800497e        0x2 Src/stm32f1xx_it.o
                0x0800497e                PendSV_Handler
 .text.SysTick_Handler
                0x08004980        0xc Src/stm32f1xx_it.o
                0x08004980                SysTick_Handler
 .text.DMA1_Channel1_IRQHandler
                0x0800498c       0x10 Src/stm32f1xx_it.o
                0x0800498c                DMA1_Channel1_IRQHandler
 .text.USB_LP_CAN1_RX0_IRQHandler
                0x0800499c       0x10 Src/stm32f1xx_it.o
                0x0800499c                USB_LP_CAN1_RX0_IRQHandler
 .text.SystemInit
                0x080049ac       0x4c Src/system_stm32f1xx.o
                0x080049ac                SystemInit
 .text.MX_USB_DEVICE_Init
                0x080049f8       0x38 Src/usb_device.o
                0x080049f8                MX_USB_DEVICE_Init
 .text.CDC_DeInit_FS
                0x08004a30        0x4 Src/usbd_cdc_if.o
 .text.CDC_Control_FS
                0x08004a34        0x4 Src/usbd_cdc_if.o
 .text.CDC_Init_FS
                0x08004a38       0x28 Src/usbd_cdc_if.o
 .text.CDC_Receive_FS
                0x08004a60       0x28 Src/usbd_cdc_if.o
                0x08004a60                CDC_Receive_FS
 .text.interpretor
                0x08004a88       0x28 Src/usbd_cdc_if.o
                0x08004a88                interpretor
 .text.HAL_PCD_MspInit
                0x08004ab0       0x40 Src/usbd_conf.o
                0x08004ab0                HAL_PCD_MspInit
 .text.HAL_PCD_SetupStageCallback
                0x08004af0       0x10 Src/usbd_conf.o
                0x08004af0                HAL_PCD_SetupStageCallback
 .text.HAL_PCD_DataOutStageCallback
                0x08004b00       0x14 Src/usbd_conf.o
                0x08004b00                HAL_PCD_DataOutStageCallback
 .text.HAL_PCD_DataInStageCallback
                0x08004b14       0x12 Src/usbd_conf.o
                0x08004b14                HAL_PCD_DataInStageCallback
 .text.HAL_PCD_SOFCallback
                0x08004b26        0xc Src/usbd_conf.o
                0x08004b26                HAL_PCD_SOFCallback
 .text.HAL_PCD_ResetCallback
                0x08004b32       0x18 Src/usbd_conf.o
                0x08004b32                HAL_PCD_ResetCallback
 *fill*         0x08004b4a        0x2 
 .text.HAL_PCD_SuspendCallback
                0x08004b4c       0x20 Src/usbd_conf.o
                0x08004b4c                HAL_PCD_SuspendCallback
 .text.HAL_PCD_ResumeCallback
                0x08004b6c        0xc Src/usbd_conf.o
                0x08004b6c                HAL_PCD_ResumeCallback
 .text.USBD_LL_Init
                0x08004b78       0x94 Src/usbd_conf.o
                0x08004b78                USBD_LL_Init
 .text.USBD_LL_Start
                0x08004c0c       0x1c Src/usbd_conf.o
                0x08004c0c                USBD_LL_Start
 .text.USBD_LL_OpenEP
                0x08004c28       0x22 Src/usbd_conf.o
                0x08004c28                USBD_LL_OpenEP
 .text.USBD_LL_CloseEP
                0x08004c4a       0x1c Src/usbd_conf.o
                0x08004c4a                USBD_LL_CloseEP
 .text.USBD_LL_StallEP
                0x08004c66       0x1c Src/usbd_conf.o
                0x08004c66                USBD_LL_StallEP
 .text.USBD_LL_ClearStallEP
                0x08004c82       0x1c Src/usbd_conf.o
                0x08004c82                USBD_LL_ClearStallEP
 .text.USBD_LL_IsStallEP
                0x08004c9e       0x26 Src/usbd_conf.o
                0x08004c9e                USBD_LL_IsStallEP
 .text.USBD_LL_SetUSBAddress
                0x08004cc4       0x1c Src/usbd_conf.o
                0x08004cc4                USBD_LL_SetUSBAddress
 .text.USBD_LL_Transmit
                0x08004ce0       0x1c Src/usbd_conf.o
                0x08004ce0                USBD_LL_Transmit
 .text.USBD_LL_PrepareReceive
                0x08004cfc       0x1c Src/usbd_conf.o
                0x08004cfc                USBD_LL_PrepareReceive
 .text.USBD_LL_GetRxDataSize
                0x08004d18        0xc Src/usbd_conf.o
                0x08004d18                USBD_LL_GetRxDataSize
 .text.USBD_static_malloc
                0x08004d24        0x8 Src/usbd_conf.o
                0x08004d24                USBD_static_malloc
 .text.USBD_static_free
                0x08004d2c        0x2 Src/usbd_conf.o
                0x08004d2c                USBD_static_free
 .text.HAL_PCDEx_SetConnectionState
                0x08004d2e        0x2 Src/usbd_conf.o
                0x08004d2e                HAL_PCDEx_SetConnectionState
 .text.USBD_FS_DeviceDescriptor
                0x08004d30        0xc Src/usbd_desc.o
                0x08004d30                USBD_FS_DeviceDescriptor
 .text.USBD_FS_LangIDStrDescriptor
                0x08004d3c        0xc Src/usbd_desc.o
                0x08004d3c                USBD_FS_LangIDStrDescriptor
 .text.USBD_FS_ProductStrDescriptor
                0x08004d48       0x24 Src/usbd_desc.o
                0x08004d48                USBD_FS_ProductStrDescriptor
 .text.USBD_FS_ManufacturerStrDescriptor
                0x08004d6c       0x1c Src/usbd_desc.o
                0x08004d6c                USBD_FS_ManufacturerStrDescriptor
 .text.USBD_FS_SerialStrDescriptor
                0x08004d88       0x24 Src/usbd_desc.o
                0x08004d88                USBD_FS_SerialStrDescriptor
 .text.USBD_FS_ConfigStrDescriptor
                0x08004dac       0x24 Src/usbd_desc.o
                0x08004dac                USBD_FS_ConfigStrDescriptor
 .text.USBD_FS_InterfaceStrDescriptor
                0x08004dd0       0x24 Src/usbd_desc.o
                0x08004dd0                USBD_FS_InterfaceStrDescriptor
 .text.Reset_Handler
                0x08004df4       0x48 startup/startup_stm32f103xb.o
                0x08004df4                Reset_Handler
 .text.Default_Handler
                0x08004e3c        0x2 startup/startup_stm32f103xb.o
                0x08004e3c                RTC_Alarm_IRQHandler
                0x08004e3c                EXTI2_IRQHandler
                0x08004e3c                TIM1_CC_IRQHandler
                0x08004e3c                PVD_IRQHandler
                0x08004e3c                EXTI3_IRQHandler
                0x08004e3c                EXTI0_IRQHandler
                0x08004e3c                I2C2_EV_IRQHandler
                0x08004e3c                ADC1_2_IRQHandler
                0x08004e3c                SPI1_IRQHandler
                0x08004e3c                TAMPER_IRQHandler
                0x08004e3c                DMA1_Channel4_IRQHandler
                0x08004e3c                USART3_IRQHandler
                0x08004e3c                RTC_IRQHandler
                0x08004e3c                DMA1_Channel7_IRQHandler
                0x08004e3c                CAN1_RX1_IRQHandler
                0x08004e3c                TIM4_IRQHandler
                0x08004e3c                I2C1_EV_IRQHandler
                0x08004e3c                DMA1_Channel6_IRQHandler
                0x08004e3c                TIM3_IRQHandler
                0x08004e3c                RCC_IRQHandler
                0x08004e3c                TIM1_TRG_COM_IRQHandler
                0x08004e3c                Default_Handler
                0x08004e3c                EXTI15_10_IRQHandler
                0x08004e3c                EXTI9_5_IRQHandler
                0x08004e3c                SPI2_IRQHandler
                0x08004e3c                DMA1_Channel5_IRQHandler
                0x08004e3c                EXTI4_IRQHandler
                0x08004e3c                USB_HP_CAN1_TX_IRQHandler
                0x08004e3c                DMA1_Channel3_IRQHandler
                0x08004e3c                TIM1_UP_IRQHandler
                0x08004e3c                WWDG_IRQHandler
                0x08004e3c                TIM2_IRQHandler
                0x08004e3c                TIM1_BRK_IRQHandler
                0x08004e3c                USART2_IRQHandler
                0x08004e3c                I2C2_ER_IRQHandler
                0x08004e3c                DMA1_Channel2_IRQHandler
                0x08004e3c                CAN1_SCE_IRQHandler
                0x08004e3c                FLASH_IRQHandler
                0x08004e3c                USART1_IRQHandler
                0x08004e3c                I2C1_ER_IRQHandler
                0x08004e3c                USBWakeUp_IRQHandler
 *(.glue_7)
 .glue_7        0x08004e3e        0x0 linker stubs
 *(.glue_7t)
 .glue_7t       0x08004e3e        0x0 linker stubs
 *(.eh_frame)
 *fill*         0x08004e3e        0x2 
 .eh_frame      0x08004e40        0x0 c:/ac6/systemworkbench/plugins/fr.ac6.mcu.externaltools.arm-none.win32_1.15.0.201708311556/tools/compiler/bin/../lib/gcc/arm-none-eabi/6.3.1/thumb/v7-m/crtbegin.o
 *(.init)
 .init          0x08004e40        0x4 c:/ac6/systemworkbench/plugins/fr.ac6.mcu.externaltools.arm-none.win32_1.15.0.201708311556/tools/compiler/bin/../lib/gcc/arm-none-eabi/6.3.1/thumb/v7-m/crti.o
                0x08004e40                _init
 .init          0x08004e44        0x8 c:/ac6/systemworkbench/plugins/fr.ac6.mcu.externaltools.arm-none.win32_1.15.0.201708311556/tools/compiler/bin/../lib/gcc/arm-none-eabi/6.3.1/thumb/v7-m/crtn.o
 *(.fini)
 .fini          0x08004e4c        0x4 c:/ac6/systemworkbench/plugins/fr.ac6.mcu.externaltools.arm-none.win32_1.15.0.201708311556/tools/compiler/bin/../lib/gcc/arm-none-eabi/6.3.1/thumb/v7-m/crti.o
                0x08004e4c                _fini
 .fini          0x08004e50        0x8 c:/ac6/systemworkbench/plugins/fr.ac6.mcu.externaltools.arm-none.win32_1.15.0.201708311556/tools/compiler/bin/../lib/gcc/arm-none-eabi/6.3.1/thumb/v7-m/crtn.o
                0x08004e58                . = ALIGN (0x4)
                0x08004e58                _etext = .

.vfp11_veneer   0x08004e58        0x0
 .vfp11_veneer  0x08004e58        0x0 linker stubs

.v4_bx          0x08004e58        0x0
 .v4_bx         0x08004e58        0x0 linker stubs

.iplt           0x08004e58        0x0
 .iplt          0x08004e58        0x0 c:/ac6/systemworkbench/plugins/fr.ac6.mcu.externaltools.arm-none.win32_1.15.0.201708311556/tools/compiler/bin/../lib/gcc/arm-none-eabi/6.3.1/thumb/v7-m/crtbegin.o

.rodata         0x08004e58       0xc8
                0x08004e58                . = ALIGN (0x4)
 *(.rodata)
 .rodata        0x08004e58       0x12 Drivers/STM32F1xx_HAL_Driver/Src/stm32f1xx_hal_rcc.o
 *fill*         0x08004e6a        0x2 
 .rodata        0x08004e6c       0x18 Src/system_stm32f1xx.o
                0x08004e6c                AHBPrescTable
                0x08004e7c                APBPrescTable
 *(.rodata*)
 .rodata._global_impure_ptr
                0x08004e84        0x4 c:/ac6/systemworkbench/plugins/fr.ac6.mcu.externaltools.arm-none.win32_1.15.0.201708311556/tools/compiler/bin/../lib/gcc/arm-none-eabi/6.3.1/../../../../arm-none-eabi/lib/thumb/v7-m\libc.a(lib_a-impure.o)
                0x08004e84                _global_impure_ptr
 .rodata.str1.4
                0x08004e88        0xe Src/main.o
 *fill*         0x08004e96        0x2 
 .rodata.str1.4
                0x08004e98       0x1b Src/stm32f1xx_hal_msp.o
 *fill*         0x08004eb3        0x1 
 .rodata.str1.4
                0x08004eb4       0x13 Src/usbd_conf.o
 *fill*         0x08004ec7        0x1 
 .rodata.str1.4
                0x08004ec8       0x58 Src/usbd_desc.o
                                 0x56 (size before relaxing)
                0x08004f20                . = ALIGN (0x4)

.rel.dyn        0x08004f20        0x0
 .rel.iplt      0x08004f20        0x0 c:/ac6/systemworkbench/plugins/fr.ac6.mcu.externaltools.arm-none.win32_1.15.0.201708311556/tools/compiler/bin/../lib/gcc/arm-none-eabi/6.3.1/thumb/v7-m/crtbegin.o

.ARM.extab
 *(.ARM.extab* .gnu.linkonce.armextab.*)

.ARM            0x08004f20        0x0
                0x08004f20                __exidx_start = .
 *(.ARM.exidx*)
                0x08004f20                __exidx_end = .

.preinit_array  0x08004f20        0x0
                0x08004f20                PROVIDE (__preinit_array_start, .)
 *(.preinit_array*)
                0x08004f20                PROVIDE (__preinit_array_end, .)

.init_array     0x08004f20        0x8
                0x08004f20                PROVIDE (__init_array_start, .)
 *(SORT(.init_array.*))
 .init_array.00000
                0x08004f20        0x4 c:/ac6/systemworkbench/plugins/fr.ac6.mcu.externaltools.arm-none.win32_1.15.0.201708311556/tools/compiler/bin/../lib/gcc/arm-none-eabi/6.3.1/../../../../arm-none-eabi/lib/thumb/v7-m\libc.a(lib_a-__call_atexit.o)
 *(.init_array*)
 .init_array    0x08004f24        0x4 c:/ac6/systemworkbench/plugins/fr.ac6.mcu.externaltools.arm-none.win32_1.15.0.201708311556/tools/compiler/bin/../lib/gcc/arm-none-eabi/6.3.1/thumb/v7-m/crtbegin.o
                0x08004f28                PROVIDE (__init_array_end, .)

.fini_array     0x08004f28        0x4
                0x08004f28                PROVIDE (__fini_array_start, .)
 *(SORT(.fini_array.*))
 *(.fini_array*)
 .fini_array    0x08004f28        0x4 c:/ac6/systemworkbench/plugins/fr.ac6.mcu.externaltools.arm-none.win32_1.15.0.201708311556/tools/compiler/bin/../lib/gcc/arm-none-eabi/6.3.1/thumb/v7-m/crtbegin.o
                0x08004f2c                PROVIDE (__fini_array_end, .)
                0x08004f2c                _sidata = LOADADDR (.data)

.data           0x20000000      0x5a4 load address 0x08004f2c
                0x20000000                . = ALIGN (0x4)
                0x20000000                _sdata = .
 *(.data)
 .data          0x20000000        0x8 Drivers/STM32F1xx_HAL_Driver/Src/stm32f1xx_hal.o
                0x20000000                uwTickFreq
                0x20000004                uwTickPrio
 .data          0x20000008      0x110 Middlewares/ST/STM32_USB_Device_Library/Class/CDC/Src/usbd_cdc.o
                0x20000008                USBD_CDC_CfgFSDesc
                0x2000004c                USBD_CDC_CfgHSDesc
                0x20000090                USBD_CDC_OtherSpeedCfgDesc
                0x200000e0                USBD_CDC
 .data          0x20000118        0x8 Src/angleFiring.o
 .data          0x20000120       0x10 Src/main.o
                0x20000124                x
                0x20000128                n
                0x2000012c                patternCallBack
 .data          0x20000130        0x4 Src/system_stm32f1xx.o
                0x20000130                SystemCoreClock
 .data          0x20000134       0x10 Src/usbd_cdc_if.o
                0x20000134                USBD_Interface_fops_FS
 .data          0x20000144       0x34 Src/usbd_desc.o
                0x20000144                USBD_FS_DeviceDesc
                0x20000158                USBD_LangIDDesc
                0x2000015c                FS_Desc
 *(.data*)
 .data.impure_data
                0x20000178      0x428 c:/ac6/systemworkbench/plugins/fr.ac6.mcu.externaltools.arm-none.win32_1.15.0.201708311556/tools/compiler/bin/../lib/gcc/arm-none-eabi/6.3.1/../../../../arm-none-eabi/lib/thumb/v7-m\libc.a(lib_a-impure.o)
 .data.__atexit_recursive_mutex
                0x200005a0        0x4 c:/ac6/systemworkbench/plugins/fr.ac6.mcu.externaltools.arm-none.win32_1.15.0.201708311556/tools/compiler/bin/../lib/gcc/arm-none-eabi/6.3.1/../../../../arm-none-eabi/lib/thumb/v7-m\libc.a(lib_a-__call_atexit.o)
                0x200005a0                __atexit_recursive_mutex
                0x200005a4                . = ALIGN (0x4)
                0x200005a4                _edata = .

.jcr            0x200005a4        0x0 load address 0x080054d0
 .jcr           0x200005a4        0x0 c:/ac6/systemworkbench/plugins/fr.ac6.mcu.externaltools.arm-none.win32_1.15.0.201708311556/tools/compiler/bin/../lib/gcc/arm-none-eabi/6.3.1/thumb/v7-m/crtbegin.o

.igot.plt       0x200005a4        0x0 load address 0x080054d0
 .igot.plt      0x200005a4        0x0 c:/ac6/systemworkbench/plugins/fr.ac6.mcu.externaltools.arm-none.win32_1.15.0.201708311556/tools/compiler/bin/../lib/gcc/arm-none-eabi/6.3.1/thumb/v7-m/crtbegin.o
                0x200005a4                . = ALIGN (0x4)

.bss            0x200005a4     0x1428 load address 0x080054d0
                0x200005a4                _sbss = .
                0x200005a4                __bss_start__ = _sbss
 *(.bss)
 .bss           0x200005a4       0x1c c:/ac6/systemworkbench/plugins/fr.ac6.mcu.externaltools.arm-none.win32_1.15.0.201708311556/tools/compiler/bin/../lib/gcc/arm-none-eabi/6.3.1/thumb/v7-m/crtbegin.o
 .bss           0x200005c0        0x1 Middlewares/ST/STM32_USB_Device_Library/Class/CDC/Src/usbd_cdc.o
 .bss           0x200005c1        0x1 Middlewares/ST/STM32_USB_Device_Library/Core/Src/usbd_ctlreq.o
 *fill*         0x200005c2        0x2 
 .bss           0x200005c4       0x50 Src/angleFiring.o
                0x200005c8                DMA_Buffer1
 .bss           0x20000614       0x24 Src/main.o
                0x2000061c                doPulse
                0x20000620                Busy
                0x20000624                pH
                0x20000628                nH
                0x2000062c                percentageVal
                0x20000634                adcValue
 .bss           0x20000638        0x4 Src/usbd_cdc_if.o
 .bss           0x2000063c      0x220 Src/usbd_conf.o
 *(.bss*)
 *(COMMON)
 COMMON         0x2000085c       0x21 c:/ac6/systemworkbench/plugins/fr.ac6.mcu.externaltools.arm-none.win32_1.15.0.201708311556/tools/compiler/bin/../lib/gcc/arm-none-eabi/6.3.1/../../../../arm-none-eabi/lib/thumb/v7-m\libc.a(lib_a-lock.o)
                0x2000085c                __lock___atexit_recursive_mutex
                0x20000860                __lock___arc4random_mutex
                0x20000864                __lock___env_recursive_mutex
                0x20000868                __lock___sinit_recursive_mutex
                0x2000086c                __lock___malloc_recursive_mutex
                0x20000870                __lock___at_quick_exit_mutex
                0x20000874                __lock___dd_hash_mutex
                0x20000878                __lock___tz_mutex
                0x2000087c                __lock___sfp_recursive_mutex
 *fill*         0x2000087d        0x3 
 COMMON         0x20000880        0x4 Drivers/STM32F1xx_HAL_Driver/Src/stm32f1xx_hal.o
                0x20000880                uwTick
 COMMON         0x20000884       0x84 Src/hardwareLogic.o
                0x20000884                htim4
                0x200008c4                hdma_tim4_ch1
 COMMON         0x20000908      0x458 Src/main.o
                0x20000908                UserRxBufferFS
                0x20000cf0                htim3
                0x20000d30                hadc1
 COMMON         0x20000d60      0x224 Src/usb_device.o
                0x20000d60                hUsbDeviceFS
 COMMON         0x20000f84      0x3e8 Src/usbd_cdc_if.o
                0x20000f84                UserTxBufferFS
 COMMON         0x2000136c      0x460 Src/usbd_conf.o
                0x2000136c                hpcd_USB_FS
 COMMON         0x200017cc      0x200 Src/usbd_desc.o
                0x200017cc                USBD_StrDesc
                0x200019cc                . = ALIGN (0x4)
                0x200019cc                _ebss = .
                0x200019cc                __bss_end__ = _ebss

._user_heap_stack
                0x200019cc      0x604 load address 0x080054d0
                0x200019d0                . = ALIGN (0x8)
 *fill*         0x200019cc        0x4 
                0x200019d0                PROVIDE (end, .)
                [!provide]                PROVIDE (_end, .)
                0x20001bd0                . = (. + _Min_Heap_Size)
 *fill*         0x200019d0      0x200 
                0x20001fd0                . = (. + _Min_Stack_Size)
 *fill*         0x20001bd0      0x400 
                0x20001fd0                . = ALIGN (0x8)

/DISCARD/
 libc.a(*)
 libm.a(*)
 libgcc.a(*)

.ARM.attributes
                0x00000000       0x29
 *(.ARM.attributes)
 .ARM.attributes
                0x00000000       0x1d c:/ac6/systemworkbench/plugins/fr.ac6.mcu.externaltools.arm-none.win32_1.15.0.201708311556/tools/compiler/bin/../lib/gcc/arm-none-eabi/6.3.1/thumb/v7-m/crti.o
 .ARM.attributes
                0x0000001d       0x2d c:/ac6/systemworkbench/plugins/fr.ac6.mcu.externaltools.arm-none.win32_1.15.0.201708311556/tools/compiler/bin/../lib/gcc/arm-none-eabi/6.3.1/thumb/v7-m/crtbegin.o
 .ARM.attributes
                0x0000004a       0x2d c:/ac6/systemworkbench/plugins/fr.ac6.mcu.externaltools.arm-none.win32_1.15.0.201708311556/tools/compiler/bin/../lib/gcc/arm-none-eabi/6.3.1/../../../../arm-none-eabi/lib/thumb/v7-m\libc.a(lib_a-impure.o)
 .ARM.attributes
                0x00000077       0x2d c:/ac6/systemworkbench/plugins/fr.ac6.mcu.externaltools.arm-none.win32_1.15.0.201708311556/tools/compiler/bin/../lib/gcc/arm-none-eabi/6.3.1/../../../../arm-none-eabi/lib/thumb/v7-m\libc.a(lib_a-init.o)
 .ARM.attributes
                0x000000a4       0x2d c:/ac6/systemworkbench/plugins/fr.ac6.mcu.externaltools.arm-none.win32_1.15.0.201708311556/tools/compiler/bin/../lib/gcc/arm-none-eabi/6.3.1/../../../../arm-none-eabi/lib/thumb/v7-m\libc.a(lib_a-__call_atexit.o)
 .ARM.attributes
                0x000000d1       0x2d c:/ac6/systemworkbench/plugins/fr.ac6.mcu.externaltools.arm-none.win32_1.15.0.201708311556/tools/compiler/bin/../lib/gcc/arm-none-eabi/6.3.1/../../../../arm-none-eabi/lib/thumb/v7-m\libc.a(lib_a-atexit.o)
 .ARM.attributes
                0x000000fe       0x2d c:/ac6/systemworkbench/plugins/fr.ac6.mcu.externaltools.arm-none.win32_1.15.0.201708311556/tools/compiler/bin/../lib/gcc/arm-none-eabi/6.3.1/../../../../arm-none-eabi/lib/thumb/v7-m\libc.a(lib_a-fini.o)
 .ARM.attributes
                0x0000012b       0x2d c:/ac6/systemworkbench/plugins/fr.ac6.mcu.externaltools.arm-none.win32_1.15.0.201708311556/tools/compiler/bin/../lib/gcc/arm-none-eabi/6.3.1/../../../../arm-none-eabi/lib/thumb/v7-m\libc.a(lib_a-lock.o)
 .ARM.attributes
                0x00000158       0x2d c:/ac6/systemworkbench/plugins/fr.ac6.mcu.externaltools.arm-none.win32_1.15.0.201708311556/tools/compiler/bin/../lib/gcc/arm-none-eabi/6.3.1/../../../../arm-none-eabi/lib/thumb/v7-m\libc.a(lib_a-__atexit.o)
 .ARM.attributes
                0x00000185       0x33 Drivers/STM32F1xx_HAL_Driver/Src/stm32f1xx_hal.o
 .ARM.attributes
                0x000001b8       0x33 Drivers/STM32F1xx_HAL_Driver/Src/stm32f1xx_hal_adc.o
 .ARM.attributes
                0x000001eb       0x33 Drivers/STM32F1xx_HAL_Driver/Src/stm32f1xx_hal_cortex.o
 .ARM.attributes
                0x0000021e       0x33 Drivers/STM32F1xx_HAL_Driver/Src/stm32f1xx_hal_dma.o
 .ARM.attributes
                0x00000251       0x33 Drivers/STM32F1xx_HAL_Driver/Src/stm32f1xx_hal_gpio.o
 .ARM.attributes
                0x00000284       0x33 Drivers/STM32F1xx_HAL_Driver/Src/stm32f1xx_hal_pcd.o
 .ARM.attributes
                0x000002b7       0x33 Drivers/STM32F1xx_HAL_Driver/Src/stm32f1xx_hal_pcd_ex.o
 .ARM.attributes
                0x000002ea       0x33 Drivers/STM32F1xx_HAL_Driver/Src/stm32f1xx_hal_rcc.o
 .ARM.attributes
                0x0000031d       0x33 Drivers/STM32F1xx_HAL_Driver/Src/stm32f1xx_hal_rcc_ex.o
 .ARM.attributes
                0x00000350       0x33 Drivers/STM32F1xx_HAL_Driver/Src/stm32f1xx_hal_tim.o
 .ARM.attributes
                0x00000383       0x33 Drivers/STM32F1xx_HAL_Driver/Src/stm32f1xx_hal_tim_ex.o
 .ARM.attributes
                0x000003b6       0x33 Drivers/STM32F1xx_HAL_Driver/Src/stm32f1xx_ll_usb.o
 .ARM.attributes
                0x000003e9       0x33 Middlewares/ST/STM32_USB_Device_Library/Class/CDC/Src/usbd_cdc.o
 .ARM.attributes
                0x0000041c       0x33 Middlewares/ST/STM32_USB_Device_Library/Core/Src/usbd_core.o
 .ARM.attributes
                0x0000044f       0x33 Middlewares/ST/STM32_USB_Device_Library/Core/Src/usbd_ctlreq.o
 .ARM.attributes
                0x00000482       0x33 Middlewares/ST/STM32_USB_Device_Library/Core/Src/usbd_ioreq.o
 .ARM.attributes
                0x000004b5       0x33 Src/angleFiring.o
 .ARM.attributes
                0x000004e8       0x33 Src/hardwareLogic.o
 .ARM.attributes
                0x0000051b       0x33 Src/main.o
 .ARM.attributes
                0x0000054e       0x33 Src/stm32f1xx_hal_msp.o
 .ARM.attributes
                0x00000581       0x33 Src/stm32f1xx_it.o
 .ARM.attributes
                0x000005b4       0x33 Src/system_stm32f1xx.o
 .ARM.attributes
                0x000005e7       0x33 Src/usb_device.o
 .ARM.attributes
                0x0000061a       0x33 Src/usbd_cdc_if.o
 .ARM.attributes
                0x0000064d       0x33 Src/usbd_conf.o
 .ARM.attributes
                0x00000680       0x33 Src/usbd_desc.o
 .ARM.attributes
                0x000006b3       0x21 startup/startup_stm32f103xb.o
 .ARM.attributes
                0x000006d4       0x1d c:/ac6/systemworkbench/plugins/fr.ac6.mcu.externaltools.arm-none.win32_1.15.0.201708311556/tools/compiler/bin/../lib/gcc/arm-none-eabi/6.3.1/thumb/v7-m\libgcc.a(_arm_addsubdf3.o)
 .ARM.attributes
                0x000006f1       0x1d c:/ac6/systemworkbench/plugins/fr.ac6.mcu.externaltools.arm-none.win32_1.15.0.201708311556/tools/compiler/bin/../lib/gcc/arm-none-eabi/6.3.1/thumb/v7-m\libgcc.a(_arm_cmpdf2.o)
 .ARM.attributes
                0x0000070e       0x1d c:/ac6/systemworkbench/plugins/fr.ac6.mcu.externaltools.arm-none.win32_1.15.0.201708311556/tools/compiler/bin/../lib/gcc/arm-none-eabi/6.3.1/thumb/v7-m\libgcc.a(_arm_addsubsf3.o)
 .ARM.attributes
                0x0000072b       0x1d c:/ac6/systemworkbench/plugins/fr.ac6.mcu.externaltools.arm-none.win32_1.15.0.201708311556/tools/compiler/bin/../lib/gcc/arm-none-eabi/6.3.1/thumb/v7-m\libgcc.a(_arm_muldivsf3.o)
 .ARM.attributes
                0x00000748       0x1d c:/ac6/systemworkbench/plugins/fr.ac6.mcu.externaltools.arm-none.win32_1.15.0.201708311556/tools/compiler/bin/../lib/gcc/arm-none-eabi/6.3.1/thumb/v7-m\libgcc.a(_arm_cmpsf2.o)
 .ARM.attributes
                0x00000765       0x1d c:/ac6/systemworkbench/plugins/fr.ac6.mcu.externaltools.arm-none.win32_1.15.0.201708311556/tools/compiler/bin/../lib/gcc/arm-none-eabi/6.3.1/thumb/v7-m\libgcc.a(_arm_fixsfsi.o)
 .ARM.attributes
                0x00000782       0x1d c:/ac6/systemworkbench/plugins/fr.ac6.mcu.externaltools.arm-none.win32_1.15.0.201708311556/tools/compiler/bin/../lib/gcc/arm-none-eabi/6.3.1/thumb/v7-m/crtn.o
OUTPUT(PWM.elf elf32-littlearm)

.debug_frame    0x00000000     0x2e80
 .debug_frame   0x00000000       0x2c c:/ac6/systemworkbench/plugins/fr.ac6.mcu.externaltools.arm-none.win32_1.15.0.201708311556/tools/compiler/bin/../lib/gcc/arm-none-eabi/6.3.1/../../../../arm-none-eabi/lib/thumb/v7-m\libc.a(lib_a-init.o)
 .debug_frame   0x0000002c       0x5c c:/ac6/systemworkbench/plugins/fr.ac6.mcu.externaltools.arm-none.win32_1.15.0.201708311556/tools/compiler/bin/../lib/gcc/arm-none-eabi/6.3.1/../../../../arm-none-eabi/lib/thumb/v7-m\libc.a(lib_a-__call_atexit.o)
 .debug_frame   0x00000088       0x20 c:/ac6/systemworkbench/plugins/fr.ac6.mcu.externaltools.arm-none.win32_1.15.0.201708311556/tools/compiler/bin/../lib/gcc/arm-none-eabi/6.3.1/../../../../arm-none-eabi/lib/thumb/v7-m\libc.a(lib_a-atexit.o)
 .debug_frame   0x000000a8       0x34 c:/ac6/systemworkbench/plugins/fr.ac6.mcu.externaltools.arm-none.win32_1.15.0.201708311556/tools/compiler/bin/../lib/gcc/arm-none-eabi/6.3.1/../../../../arm-none-eabi/lib/thumb/v7-m\libc.a(lib_a-fini.o)
 .debug_frame   0x000000dc       0xb0 c:/ac6/systemworkbench/plugins/fr.ac6.mcu.externaltools.arm-none.win32_1.15.0.201708311556/tools/compiler/bin/../lib/gcc/arm-none-eabi/6.3.1/../../../../arm-none-eabi/lib/thumb/v7-m\libc.a(lib_a-lock.o)
 .debug_frame   0x0000018c       0x34 c:/ac6/systemworkbench/plugins/fr.ac6.mcu.externaltools.arm-none.win32_1.15.0.201708311556/tools/compiler/bin/../lib/gcc/arm-none-eabi/6.3.1/../../../../arm-none-eabi/lib/thumb/v7-m\libc.a(lib_a-__atexit.o)
 .debug_frame   0x000001c0      0x1ac Drivers/STM32F1xx_HAL_Driver/Src/stm32f1xx_hal.o
 .debug_frame   0x0000036c      0x2a8 Drivers/STM32F1xx_HAL_Driver/Src/stm32f1xx_hal_adc.o
 .debug_frame   0x00000614      0x12c Drivers/STM32F1xx_HAL_Driver/Src/stm32f1xx_hal_cortex.o
 .debug_frame   0x00000740      0x148 Drivers/STM32F1xx_HAL_Driver/Src/stm32f1xx_hal_dma.o
 .debug_frame   0x00000888       0xe4 Drivers/STM32F1xx_HAL_Driver/Src/stm32f1xx_hal_gpio.o
 .debug_frame   0x0000096c      0x2e8 Drivers/STM32F1xx_HAL_Driver/Src/stm32f1xx_hal_pcd.o
 .debug_frame   0x00000c54       0x30 Drivers/STM32F1xx_HAL_Driver/Src/stm32f1xx_hal_pcd_ex.o
 .debug_frame   0x00000c84      0x170 Drivers/STM32F1xx_HAL_Driver/Src/stm32f1xx_hal_rcc.o
 .debug_frame   0x00000df4       0x6c Drivers/STM32F1xx_HAL_Driver/Src/stm32f1xx_hal_rcc_ex.o
 .debug_frame   0x00000e60      0x9e0 Drivers/STM32F1xx_HAL_Driver/Src/stm32f1xx_hal_tim.o
 .debug_frame   0x00001840      0x374 Drivers/STM32F1xx_HAL_Driver/Src/stm32f1xx_hal_tim_ex.o
 .debug_frame   0x00001bb4      0x23c Drivers/STM32F1xx_HAL_Driver/Src/stm32f1xx_ll_usb.o
 .debug_frame   0x00001df0      0x14c Middlewares/ST/STM32_USB_Device_Library/Class/CDC/Src/usbd_cdc.o
 .debug_frame   0x00001f3c      0x1bc Middlewares/ST/STM32_USB_Device_Library/Core/Src/usbd_core.o
 .debug_frame   0x000020f8      0x178 Middlewares/ST/STM32_USB_Device_Library/Core/Src/usbd_ctlreq.o
 .debug_frame   0x00002270       0xb8 Middlewares/ST/STM32_USB_Device_Library/Core/Src/usbd_ioreq.o
 .debug_frame   0x00002328       0xc0 Src/angleFiring.o
 .debug_frame   0x000023e8       0x38 Src/hardwareLogic.o
 .debug_frame   0x00002420      0x184 Src/main.o
 .debug_frame   0x000025a4       0xbc Src/stm32f1xx_hal_msp.o
 .debug_frame   0x00002660       0xd8 Src/stm32f1xx_it.o
 .debug_frame   0x00002738       0x30 Src/system_stm32f1xx.o
 .debug_frame   0x00002768       0x28 Src/usb_device.o
 .debug_frame   0x00002790       0x8c Src/usbd_cdc_if.o
 .debug_frame   0x0000281c      0x2dc Src/usbd_conf.o
 .debug_frame   0x00002af8       0xa8 Src/usbd_desc.o
 .debug_frame   0x00002ba0       0xac c:/ac6/systemworkbench/plugins/fr.ac6.mcu.externaltools.arm-none.win32_1.15.0.201708311556/tools/compiler/bin/../lib/gcc/arm-none-eabi/6.3.1/thumb/v7-m\libgcc.a(_arm_addsubdf3.o)
 .debug_frame   0x00002c4c       0xc4 c:/ac6/systemworkbench/plugins/fr.ac6.mcu.externaltools.arm-none.win32_1.15.0.201708311556/tools/compiler/bin/../lib/gcc/arm-none-eabi/6.3.1/thumb/v7-m\libgcc.a(_arm_cmpdf2.o)
 .debug_frame   0x00002d10       0x4c c:/ac6/systemworkbench/plugins/fr.ac6.mcu.externaltools.arm-none.win32_1.15.0.201708311556/tools/compiler/bin/../lib/gcc/arm-none-eabi/6.3.1/thumb/v7-m\libgcc.a(_arm_addsubsf3.o)
 .debug_frame   0x00002d5c       0x38 c:/ac6/systemworkbench/plugins/fr.ac6.mcu.externaltools.arm-none.win32_1.15.0.201708311556/tools/compiler/bin/../lib/gcc/arm-none-eabi/6.3.1/thumb/v7-m\libgcc.a(_arm_muldivsf3.o)
 .debug_frame   0x00002d94       0xc8 c:/ac6/systemworkbench/plugins/fr.ac6.mcu.externaltools.arm-none.win32_1.15.0.201708311556/tools/compiler/bin/../lib/gcc/arm-none-eabi/6.3.1/thumb/v7-m\libgcc.a(_arm_cmpsf2.o)
 .debug_frame   0x00002e5c       0x24 c:/ac6/systemworkbench/plugins/fr.ac6.mcu.externaltools.arm-none.win32_1.15.0.201708311556/tools/compiler/bin/../lib/gcc/arm-none-eabi/6.3.1/thumb/v7-m\libgcc.a(_arm_fixsfsi.o)

.debug_info     0x00000000    0x211d5
 .debug_info    0x00000000      0xfaa Drivers/STM32F1xx_HAL_Driver/Src/stm32f1xx_hal.o
 .debug_info    0x00000faa     0x161b Drivers/STM32F1xx_HAL_Driver/Src/stm32f1xx_hal_adc.o
 .debug_info    0x000025c5     0x147b Drivers/STM32F1xx_HAL_Driver/Src/stm32f1xx_hal_cortex.o
 .debug_info    0x00003a40     0x1017 Drivers/STM32F1xx_HAL_Driver/Src/stm32f1xx_hal_dma.o
 .debug_info    0x00004a57      0xe8b Drivers/STM32F1xx_HAL_Driver/Src/stm32f1xx_hal_gpio.o
 .debug_info    0x000058e2     0x19d4 Drivers/STM32F1xx_HAL_Driver/Src/stm32f1xx_hal_pcd.o
 .debug_info    0x000072b6      0xe11 Drivers/STM32F1xx_HAL_Driver/Src/stm32f1xx_hal_pcd_ex.o
 .debug_info    0x000080c7     0x11f3 Drivers/STM32F1xx_HAL_Driver/Src/stm32f1xx_hal_rcc.o
 .debug_info    0x000092ba      0xc6b Drivers/STM32F1xx_HAL_Driver/Src/stm32f1xx_hal_rcc_ex.o
 .debug_info    0x00009f25     0x3655 Drivers/STM32F1xx_HAL_Driver/Src/stm32f1xx_hal_tim.o
 .debug_info    0x0000d57a     0x1aa9 Drivers/STM32F1xx_HAL_Driver/Src/stm32f1xx_hal_tim_ex.o
 .debug_info    0x0000f023     0x1730 Drivers/STM32F1xx_HAL_Driver/Src/stm32f1xx_ll_usb.o
 .debug_info    0x00010753     0x158a Middlewares/ST/STM32_USB_Device_Library/Class/CDC/Src/usbd_cdc.o
 .debug_info    0x00011cdd     0x1490 Middlewares/ST/STM32_USB_Device_Library/Core/Src/usbd_core.o
 .debug_info    0x0001316d     0x1666 Middlewares/ST/STM32_USB_Device_Library/Core/Src/usbd_ctlreq.o
 .debug_info    0x000147d3      0xfd9 Middlewares/ST/STM32_USB_Device_Library/Core/Src/usbd_ioreq.o
 .debug_info    0x000157ac      0x3e3 Src/angleFiring.o
 .debug_info    0x00015b8f      0xe5c Src/hardwareLogic.o
 .debug_info    0x000169eb     0x270a Src/main.o
 .debug_info    0x000190f5     0x1678 Src/stm32f1xx_hal_msp.o
 .debug_info    0x0001a76d     0x1057 Src/stm32f1xx_it.o
 .debug_info    0x0001b7c4      0xc1b Src/system_stm32f1xx.o
 .debug_info    0x0001c3df      0xeb3 Src/usb_device.o
 .debug_info    0x0001d292     0x10fd Src/usbd_cdc_if.o
 .debug_info    0x0001e38f     0x2076 Src/usbd_conf.o
 .debug_info    0x00020405      0xd62 Src/usbd_desc.o
 .debug_info    0x00021167       0x6e startup/startup_stm32f103xb.o

.debug_abbrev   0x00000000     0x4620
 .debug_abbrev  0x00000000      0x2f2 Drivers/STM32F1xx_HAL_Driver/Src/stm32f1xx_hal.o
 .debug_abbrev  0x000002f2      0x295 Drivers/STM32F1xx_HAL_Driver/Src/stm32f1xx_hal_adc.o
 .debug_abbrev  0x00000587      0x3cb Drivers/STM32F1xx_HAL_Driver/Src/stm32f1xx_hal_cortex.o
 .debug_abbrev  0x00000952      0x2d4 Drivers/STM32F1xx_HAL_Driver/Src/stm32f1xx_hal_dma.o
 .debug_abbrev  0x00000c26      0x2a5 Drivers/STM32F1xx_HAL_Driver/Src/stm32f1xx_hal_gpio.o
 .debug_abbrev  0x00000ecb      0x355 Drivers/STM32F1xx_HAL_Driver/Src/stm32f1xx_hal_pcd.o
 .debug_abbrev  0x00001220      0x230 Drivers/STM32F1xx_HAL_Driver/Src/stm32f1xx_hal_pcd_ex.o
 .debug_abbrev  0x00001450      0x333 Drivers/STM32F1xx_HAL_Driver/Src/stm32f1xx_hal_rcc.o
 .debug_abbrev  0x00001783      0x2b2 Drivers/STM32F1xx_HAL_Driver/Src/stm32f1xx_hal_rcc_ex.o
 .debug_abbrev  0x00001a35      0x2eb Drivers/STM32F1xx_HAL_Driver/Src/stm32f1xx_hal_tim.o
 .debug_abbrev  0x00001d20      0x2dc Drivers/STM32F1xx_HAL_Driver/Src/stm32f1xx_hal_tim_ex.o
 .debug_abbrev  0x00001ffc      0x2c1 Drivers/STM32F1xx_HAL_Driver/Src/stm32f1xx_ll_usb.o
 .debug_abbrev  0x000022bd      0x312 Middlewares/ST/STM32_USB_Device_Library/Class/CDC/Src/usbd_cdc.o
 .debug_abbrev  0x000025cf      0x2c6 Middlewares/ST/STM32_USB_Device_Library/Core/Src/usbd_core.o
 .debug_abbrev  0x00002895      0x327 Middlewares/ST/STM32_USB_Device_Library/Core/Src/usbd_ctlreq.o
 .debug_abbrev  0x00002bbc      0x213 Middlewares/ST/STM32_USB_Device_Library/Core/Src/usbd_ioreq.o
 .debug_abbrev  0x00002dcf      0x13f Src/angleFiring.o
 .debug_abbrev  0x00002f0e      0x258 Src/hardwareLogic.o
 .debug_abbrev  0x00003166      0x365 Src/main.o
 .debug_abbrev  0x000034cb      0x26c Src/stm32f1xx_hal_msp.o
 .debug_abbrev  0x00003737      0x21b Src/stm32f1xx_it.o
 .debug_abbrev  0x00003952      0x226 Src/system_stm32f1xx.o
 .debug_abbrev  0x00003b78      0x230 Src/usb_device.o
 .debug_abbrev  0x00003da8      0x2da Src/usbd_cdc_if.o
 .debug_abbrev  0x00004082      0x31a Src/usbd_conf.o
 .debug_abbrev  0x0000439c      0x272 Src/usbd_desc.o
 .debug_abbrev  0x0000460e       0x12 startup/startup_stm32f103xb.o

.debug_loc      0x00000000     0xae3b
 .debug_loc     0x00000000      0x108 Drivers/STM32F1xx_HAL_Driver/Src/stm32f1xx_hal.o
 .debug_loc     0x00000108      0x952 Drivers/STM32F1xx_HAL_Driver/Src/stm32f1xx_hal_adc.o
 .debug_loc     0x00000a5a      0x5ad Drivers/STM32F1xx_HAL_Driver/Src/stm32f1xx_hal_cortex.o
 .debug_loc     0x00001007      0x71b Drivers/STM32F1xx_HAL_Driver/Src/stm32f1xx_hal_dma.o
 .debug_loc     0x00001722      0x42d Drivers/STM32F1xx_HAL_Driver/Src/stm32f1xx_hal_gpio.o
 .debug_loc     0x00001b4f      0x9fb Drivers/STM32F1xx_HAL_Driver/Src/stm32f1xx_hal_pcd.o
 .debug_loc     0x0000254a       0xf4 Drivers/STM32F1xx_HAL_Driver/Src/stm32f1xx_hal_pcd_ex.o
 .debug_loc     0x0000263e      0x510 Drivers/STM32F1xx_HAL_Driver/Src/stm32f1xx_hal_rcc.o
 .debug_loc     0x00002b4e      0x2de Drivers/STM32F1xx_HAL_Driver/Src/stm32f1xx_hal_rcc_ex.o
 .debug_loc     0x00002e2c     0x34d2 Drivers/STM32F1xx_HAL_Driver/Src/stm32f1xx_hal_tim.o
 .debug_loc     0x000062fe      0xf2e Drivers/STM32F1xx_HAL_Driver/Src/stm32f1xx_hal_tim_ex.o
 .debug_loc     0x0000722c      0xc18 Drivers/STM32F1xx_HAL_Driver/Src/stm32f1xx_ll_usb.o
 .debug_loc     0x00007e44      0x4b9 Middlewares/ST/STM32_USB_Device_Library/Class/CDC/Src/usbd_cdc.o
 .debug_loc     0x000082fd      0x71c Middlewares/ST/STM32_USB_Device_Library/Core/Src/usbd_core.o
 .debug_loc     0x00008a19      0xb78 Middlewares/ST/STM32_USB_Device_Library/Core/Src/usbd_ctlreq.o
 .debug_loc     0x00009591      0x23c Middlewares/ST/STM32_USB_Device_Library/Core/Src/usbd_ioreq.o
 .debug_loc     0x000097cd      0x3f8 Src/angleFiring.o
 .debug_loc     0x00009bc5       0x37 Src/hardwareLogic.o
 .debug_loc     0x00009bfc       0xf2 Src/main.o
 .debug_loc     0x00009cee      0x111 Src/stm32f1xx_hal_msp.o
 .debug_loc     0x00009dff       0xdf Src/system_stm32f1xx.o
 .debug_loc     0x00009ede      0x153 Src/usbd_cdc_if.o
 .debug_loc     0x0000a031      0xb53 Src/usbd_conf.o
 .debug_loc     0x0000ab84      0x2b7 Src/usbd_desc.o

.debug_aranges  0x00000000     0x10b8
 .debug_aranges
                0x00000000       0xd0 Drivers/STM32F1xx_HAL_Driver/Src/stm32f1xx_hal.o
 .debug_aranges
                0x000000d0       0xf0 Drivers/STM32F1xx_HAL_Driver/Src/stm32f1xx_hal_adc.o
 .debug_aranges
                0x000001c0       0x90 Drivers/STM32F1xx_HAL_Driver/Src/stm32f1xx_hal_cortex.o
 .debug_aranges
                0x00000250       0x80 Drivers/STM32F1xx_HAL_Driver/Src/stm32f1xx_hal_dma.o
 .debug_aranges
                0x000002d0       0x58 Drivers/STM32F1xx_HAL_Driver/Src/stm32f1xx_hal_gpio.o
 .debug_aranges
                0x00000328      0x120 Drivers/STM32F1xx_HAL_Driver/Src/stm32f1xx_hal_pcd.o
 .debug_aranges
                0x00000448       0x28 Drivers/STM32F1xx_HAL_Driver/Src/stm32f1xx_hal_pcd_ex.o
 .debug_aranges
                0x00000470       0x90 Drivers/STM32F1xx_HAL_Driver/Src/stm32f1xx_hal_rcc.o
 .debug_aranges
                0x00000500       0x30 Drivers/STM32F1xx_HAL_Driver/Src/stm32f1xx_hal_rcc_ex.o
 .debug_aranges
                0x00000530      0x368 Drivers/STM32F1xx_HAL_Driver/Src/stm32f1xx_hal_tim.o
 .debug_aranges
                0x00000898      0x138 Drivers/STM32F1xx_HAL_Driver/Src/stm32f1xx_hal_tim_ex.o
 .debug_aranges
                0x000009d0      0x100 Drivers/STM32F1xx_HAL_Driver/Src/stm32f1xx_ll_usb.o
 .debug_aranges
                0x00000ad0       0x90 Middlewares/ST/STM32_USB_Device_Library/Class/CDC/Src/usbd_cdc.o
 .debug_aranges
                0x00000b60       0xb8 Middlewares/ST/STM32_USB_Device_Library/Core/Src/usbd_core.o
 .debug_aranges
                0x00000c18       0x88 Middlewares/ST/STM32_USB_Device_Library/Core/Src/usbd_ctlreq.o
 .debug_aranges
                0x00000ca0       0x50 Middlewares/ST/STM32_USB_Device_Library/Core/Src/usbd_ioreq.o
 .debug_aranges
                0x00000cf0       0x50 Src/angleFiring.o
 .debug_aranges
                0x00000d40       0x28 Src/hardwareLogic.o
 .debug_aranges
                0x00000d68       0x80 Src/main.o
 .debug_aranges
                0x00000de8       0x48 Src/stm32f1xx_hal_msp.o
 .debug_aranges
                0x00000e30       0x70 Src/stm32f1xx_it.o
 .debug_aranges
                0x00000ea0       0x28 Src/system_stm32f1xx.o
 .debug_aranges
                0x00000ec8       0x20 Src/usb_device.o
 .debug_aranges
                0x00000ee8       0x48 Src/usbd_cdc_if.o
 .debug_aranges
                0x00000f30      0x110 Src/usbd_conf.o
 .debug_aranges
                0x00001040       0x50 Src/usbd_desc.o
 .debug_aranges
                0x00001090       0x28 startup/startup_stm32f103xb.o

.debug_ranges   0x00000000     0x10c8
 .debug_ranges  0x00000000       0xc0 Drivers/STM32F1xx_HAL_Driver/Src/stm32f1xx_hal.o
 .debug_ranges  0x000000c0       0xe0 Drivers/STM32F1xx_HAL_Driver/Src/stm32f1xx_hal_adc.o
 .debug_ranges  0x000001a0       0xe0 Drivers/STM32F1xx_HAL_Driver/Src/stm32f1xx_hal_cortex.o
 .debug_ranges  0x00000280       0x70 Drivers/STM32F1xx_HAL_Driver/Src/stm32f1xx_hal_dma.o
 .debug_ranges  0x000002f0       0x48 Drivers/STM32F1xx_HAL_Driver/Src/stm32f1xx_hal_gpio.o
 .debug_ranges  0x00000338      0x140 Drivers/STM32F1xx_HAL_Driver/Src/stm32f1xx_hal_pcd.o
 .debug_ranges  0x00000478       0x18 Drivers/STM32F1xx_HAL_Driver/Src/stm32f1xx_hal_pcd_ex.o
 .debug_ranges  0x00000490       0xa0 Drivers/STM32F1xx_HAL_Driver/Src/stm32f1xx_hal_rcc.o
 .debug_ranges  0x00000530       0x38 Drivers/STM32F1xx_HAL_Driver/Src/stm32f1xx_hal_rcc_ex.o
 .debug_ranges  0x00000568      0x358 Drivers/STM32F1xx_HAL_Driver/Src/stm32f1xx_hal_tim.o
 .debug_ranges  0x000008c0      0x128 Drivers/STM32F1xx_HAL_Driver/Src/stm32f1xx_hal_tim_ex.o
 .debug_ranges  0x000009e8      0x1e0 Drivers/STM32F1xx_HAL_Driver/Src/stm32f1xx_ll_usb.o
 .debug_ranges  0x00000bc8       0x80 Middlewares/ST/STM32_USB_Device_Library/Class/CDC/Src/usbd_cdc.o
 .debug_ranges  0x00000c48       0xa8 Middlewares/ST/STM32_USB_Device_Library/Core/Src/usbd_core.o
 .debug_ranges  0x00000cf0       0x78 Middlewares/ST/STM32_USB_Device_Library/Core/Src/usbd_ctlreq.o
 .debug_ranges  0x00000d68       0x40 Middlewares/ST/STM32_USB_Device_Library/Core/Src/usbd_ioreq.o
 .debug_ranges  0x00000da8       0x40 Src/angleFiring.o
 .debug_ranges  0x00000de8       0x18 Src/hardwareLogic.o
 .debug_ranges  0x00000e00       0x70 Src/main.o
 .debug_ranges  0x00000e70       0x38 Src/stm32f1xx_hal_msp.o
 .debug_ranges  0x00000ea8       0x60 Src/stm32f1xx_it.o
 .debug_ranges  0x00000f08       0x18 Src/system_stm32f1xx.o
 .debug_ranges  0x00000f20       0x10 Src/usb_device.o
 .debug_ranges  0x00000f30       0x38 Src/usbd_cdc_if.o
 .debug_ranges  0x00000f68      0x100 Src/usbd_conf.o
 .debug_ranges  0x00001068       0x40 Src/usbd_desc.o
 .debug_ranges  0x000010a8       0x20 startup/startup_stm32f103xb.o

.debug_macro    0x00000000    0x190c2
 .debug_macro   0x00000000      0x338 Drivers/STM32F1xx_HAL_Driver/Src/stm32f1xx_hal.o
 .debug_macro   0x00000338      0x8d4 Drivers/STM32F1xx_HAL_Driver/Src/stm32f1xx_hal.o
 .debug_macro   0x00000c0c       0x10 Drivers/STM32F1xx_HAL_Driver/Src/stm32f1xx_hal.o
 .debug_macro   0x00000c1c      0x175 Drivers/STM32F1xx_HAL_Driver/Src/stm32f1xx_hal.o
 .debug_macro   0x00000d91       0x2e Drivers/STM32F1xx_HAL_Driver/Src/stm32f1xx_hal.o
 .debug_macro   0x00000dbf       0x22 Drivers/STM32F1xx_HAL_Driver/Src/stm32f1xx_hal.o
 .debug_macro   0x00000de1       0x22 Drivers/STM32F1xx_HAL_Driver/Src/stm32f1xx_hal.o
 .debug_macro   0x00000e03       0x87 Drivers/STM32F1xx_HAL_Driver/Src/stm32f1xx_hal.o
 .debug_macro   0x00000e8a       0x51 Drivers/STM32F1xx_HAL_Driver/Src/stm32f1xx_hal.o
 .debug_macro   0x00000edb       0xef Drivers/STM32F1xx_HAL_Driver/Src/stm32f1xx_hal.o
 .debug_macro   0x00000fca       0x6a Drivers/STM32F1xx_HAL_Driver/Src/stm32f1xx_hal.o
 .debug_macro   0x00001034      0x1df Drivers/STM32F1xx_HAL_Driver/Src/stm32f1xx_hal.o
 .debug_macro   0x00001213       0x34 Drivers/STM32F1xx_HAL_Driver/Src/stm32f1xx_hal.o
 .debug_macro   0x00001247       0x34 Drivers/STM32F1xx_HAL_Driver/Src/stm32f1xx_hal.o
 .debug_macro   0x0000127b      0xb8e Drivers/STM32F1xx_HAL_Driver/Src/stm32f1xx_hal.o
 .debug_macro   0x00001e09     0xe90a Drivers/STM32F1xx_HAL_Driver/Src/stm32f1xx_hal.o
 .debug_macro   0x00010713       0x43 Drivers/STM32F1xx_HAL_Driver/Src/stm32f1xx_hal.o
 .debug_macro   0x00010756       0x58 Drivers/STM32F1xx_HAL_Driver/Src/stm32f1xx_hal.o
 .debug_macro   0x000107ae       0x35 Drivers/STM32F1xx_HAL_Driver/Src/stm32f1xx_hal.o
 .debug_macro   0x000107e3       0x9c Drivers/STM32F1xx_HAL_Driver/Src/stm32f1xx_hal.o
 .debug_macro   0x0001087f       0x16 Drivers/STM32F1xx_HAL_Driver/Src/stm32f1xx_hal.o
 .debug_macro   0x00010895       0x97 Drivers/STM32F1xx_HAL_Driver/Src/stm32f1xx_hal.o
 .debug_macro   0x0001092c      0x330 Drivers/STM32F1xx_HAL_Driver/Src/stm32f1xx_hal.o
 .debug_macro   0x00010c5c       0xfd Drivers/STM32F1xx_HAL_Driver/Src/stm32f1xx_hal.o
 .debug_macro   0x00010d59       0x10 Drivers/STM32F1xx_HAL_Driver/Src/stm32f1xx_hal.o
 .debug_macro   0x00010d69       0x58 Drivers/STM32F1xx_HAL_Driver/Src/stm32f1xx_hal.o
 .debug_macro   0x00010dc1       0x1f Drivers/STM32F1xx_HAL_Driver/Src/stm32f1xx_hal.o
 .debug_macro   0x00010de0       0x43 Drivers/STM32F1xx_HAL_Driver/Src/stm32f1xx_hal.o
 .debug_macro   0x00010e23       0x20 Drivers/STM32F1xx_HAL_Driver/Src/stm32f1xx_hal.o
 .debug_macro   0x00010e43      0x187 Drivers/STM32F1xx_HAL_Driver/Src/stm32f1xx_hal.o
 .debug_macro   0x00010fca       0x10 Drivers/STM32F1xx_HAL_Driver/Src/stm32f1xx_hal.o
 .debug_macro   0x00010fda       0x1c Drivers/STM32F1xx_HAL_Driver/Src/stm32f1xx_hal.o
 .debug_macro   0x00010ff6       0x52 Drivers/STM32F1xx_HAL_Driver/Src/stm32f1xx_hal.o
 .debug_macro   0x00011048       0x40 Drivers/STM32F1xx_HAL_Driver/Src/stm32f1xx_hal.o
 .debug_macro   0x00011088       0x10 Drivers/STM32F1xx_HAL_Driver/Src/stm32f1xx_hal.o
 .debug_macro   0x00011098       0x40 Drivers/STM32F1xx_HAL_Driver/Src/stm32f1xx_hal.o
 .debug_macro   0x000110d8       0xd7 Drivers/STM32F1xx_HAL_Driver/Src/stm32f1xx_hal.o
 .debug_macro   0x000111af       0x16 Drivers/STM32F1xx_HAL_Driver/Src/stm32f1xx_hal.o
 .debug_macro   0x000111c5      0x18b Drivers/STM32F1xx_HAL_Driver/Src/stm32f1xx_hal.o
 .debug_macro   0x00011350       0x50 Drivers/STM32F1xx_HAL_Driver/Src/stm32f1xx_hal.o
 .debug_macro   0x000113a0      0x5c2 Drivers/STM32F1xx_HAL_Driver/Src/stm32f1xx_hal.o
 .debug_macro   0x00011962      0x28a Drivers/STM32F1xx_HAL_Driver/Src/stm32f1xx_hal.o
 .debug_macro   0x00011bec      0x1cb Drivers/STM32F1xx_HAL_Driver/Src/stm32f1xx_hal.o
 .debug_macro   0x00011db7      0x11e Drivers/STM32F1xx_HAL_Driver/Src/stm32f1xx_hal.o
 .debug_macro   0x00011ed5      0x1b3 Drivers/STM32F1xx_HAL_Driver/Src/stm32f1xx_hal.o
 .debug_macro   0x00012088       0x27 Drivers/STM32F1xx_HAL_Driver/Src/stm32f1xx_hal.o
 .debug_macro   0x000120af      0x1bc Drivers/STM32F1xx_HAL_Driver/Src/stm32f1xx_hal.o
 .debug_macro   0x0001226b       0x34 Drivers/STM32F1xx_HAL_Driver/Src/stm32f1xx_hal.o
 .debug_macro   0x0001229f       0x3c Drivers/STM32F1xx_HAL_Driver/Src/stm32f1xx_hal.o
 .debug_macro   0x000122db       0x57 Drivers/STM32F1xx_HAL_Driver/Src/stm32f1xx_hal.o
 .debug_macro   0x00012332      0x46a Drivers/STM32F1xx_HAL_Driver/Src/stm32f1xx_hal.o
 .debug_macro   0x0001279c      0x1b5 Drivers/STM32F1xx_HAL_Driver/Src/stm32f1xx_hal.o
 .debug_macro   0x00012951       0x8c Drivers/STM32F1xx_HAL_Driver/Src/stm32f1xx_hal.o
 .debug_macro   0x000129dd      0x242 Drivers/STM32F1xx_HAL_Driver/Src/stm32f1xx_hal.o
 .debug_macro   0x00012c1f      0x143 Drivers/STM32F1xx_HAL_Driver/Src/stm32f1xx_hal.o
 .debug_macro   0x00012d62      0x84c Drivers/STM32F1xx_HAL_Driver/Src/stm32f1xx_hal.o
 .debug_macro   0x000135ae       0x1f Drivers/STM32F1xx_HAL_Driver/Src/stm32f1xx_hal.o
 .debug_macro   0x000135cd       0x50 Drivers/STM32F1xx_HAL_Driver/Src/stm32f1xx_hal.o
 .debug_macro   0x0001361d      0x26c Drivers/STM32F1xx_HAL_Driver/Src/stm32f1xx_hal.o
 .debug_macro   0x00013889       0x83 Drivers/STM32F1xx_HAL_Driver/Src/stm32f1xx_hal.o
 .debug_macro   0x0001390c      0x331 Drivers/STM32F1xx_HAL_Driver/Src/stm32f1xx_hal_adc.o
 .debug_macro   0x00013c3d      0x314 Drivers/STM32F1xx_HAL_Driver/Src/stm32f1xx_hal_cortex.o
 .debug_macro   0x00013f51      0x314 Drivers/STM32F1xx_HAL_Driver/Src/stm32f1xx_hal_dma.o
 .debug_macro   0x00014265      0x384 Drivers/STM32F1xx_HAL_Driver/Src/stm32f1xx_hal_gpio.o
 .debug_macro   0x000145e9      0x320 Drivers/STM32F1xx_HAL_Driver/Src/stm32f1xx_hal_pcd.o
 .debug_macro   0x00014909      0x314 Drivers/STM32F1xx_HAL_Driver/Src/stm32f1xx_hal_pcd_ex.o
 .debug_macro   0x00014c1d      0x326 Drivers/STM32F1xx_HAL_Driver/Src/stm32f1xx_hal_rcc.o
 .debug_macro   0x00014f43      0x314 Drivers/STM32F1xx_HAL_Driver/Src/stm32f1xx_hal_rcc_ex.o
 .debug_macro   0x00015257      0x314 Drivers/STM32F1xx_HAL_Driver/Src/stm32f1xx_hal_tim.o
 .debug_macro   0x0001556b      0x314 Drivers/STM32F1xx_HAL_Driver/Src/stm32f1xx_hal_tim_ex.o
 .debug_macro   0x0001587f      0x314 Drivers/STM32F1xx_HAL_Driver/Src/stm32f1xx_ll_usb.o
 .debug_macro   0x00015b93      0x3ca Middlewares/ST/STM32_USB_Device_Library/Class/CDC/Src/usbd_cdc.o
 .debug_macro   0x00015f5d       0x52 Middlewares/ST/STM32_USB_Device_Library/Class/CDC/Src/usbd_cdc.o
 .debug_macro   0x00015faf       0x8d Middlewares/ST/STM32_USB_Device_Library/Class/CDC/Src/usbd_cdc.o
 .debug_macro   0x0001603c       0x57 Middlewares/ST/STM32_USB_Device_Library/Class/CDC/Src/usbd_cdc.o
 .debug_macro   0x00016093       0x16 Middlewares/ST/STM32_USB_Device_Library/Class/CDC/Src/usbd_cdc.o
 .debug_macro   0x000160a9       0x35 Middlewares/ST/STM32_USB_Device_Library/Class/CDC/Src/usbd_cdc.o
 .debug_macro   0x000160de       0x16 Middlewares/ST/STM32_USB_Device_Library/Class/CDC/Src/usbd_cdc.o
 .debug_macro   0x000160f4       0x29 Middlewares/ST/STM32_USB_Device_Library/Class/CDC/Src/usbd_cdc.o
 .debug_macro   0x0001611d       0x16 Middlewares/ST/STM32_USB_Device_Library/Class/CDC/Src/usbd_cdc.o
 .debug_macro   0x00016133       0x6a Middlewares/ST/STM32_USB_Device_Library/Class/CDC/Src/usbd_cdc.o
 .debug_macro   0x0001619d      0x1c3 Middlewares/ST/STM32_USB_Device_Library/Class/CDC/Src/usbd_cdc.o
 .debug_macro   0x00016360       0x83 Middlewares/ST/STM32_USB_Device_Library/Class/CDC/Src/usbd_cdc.o
 .debug_macro   0x000163e3      0x3b1 Middlewares/ST/STM32_USB_Device_Library/Core/Src/usbd_core.o
 .debug_macro   0x00016794      0x3b1 Middlewares/ST/STM32_USB_Device_Library/Core/Src/usbd_ctlreq.o
 .debug_macro   0x00016b45      0x3ad Middlewares/ST/STM32_USB_Device_Library/Core/Src/usbd_ioreq.o
 .debug_macro   0x00016ef2       0x72 Src/angleFiring.o
 .debug_macro   0x00016f64       0x7c Src/angleFiring.o
 .debug_macro   0x00016fe0      0x31d Src/hardwareLogic.o
 .debug_macro   0x000172fd       0x16 Src/hardwareLogic.o
 .debug_macro   0x00017313      0x441 Src/main.o
 .debug_macro   0x00017754       0x82 Src/main.o
 .debug_macro   0x000177d6       0x22 Src/main.o
 .debug_macro   0x000177f8      0x314 Src/stm32f1xx_hal_msp.o
 .debug_macro   0x00017b0c      0x31e Src/stm32f1xx_it.o
 .debug_macro   0x00017e2a      0x31a Src/system_stm32f1xx.o
 .debug_macro   0x00018144      0x3e7 Src/usb_device.o
 .debug_macro   0x0001852b       0x10 Src/usb_device.o
 .debug_macro   0x0001853b      0x3d2 Src/usbd_cdc_if.o
 .debug_macro   0x0001890d      0x3ca Src/usbd_conf.o
 .debug_macro   0x00018cd7      0x3eb Src/usbd_desc.o

.debug_line     0x00000000    0x102d3
 .debug_line    0x00000000      0x906 Drivers/STM32F1xx_HAL_Driver/Src/stm32f1xx_hal.o
 .debug_line    0x00000906      0xc82 Drivers/STM32F1xx_HAL_Driver/Src/stm32f1xx_hal_adc.o
 .debug_line    0x00001588      0x905 Drivers/STM32F1xx_HAL_Driver/Src/stm32f1xx_hal_cortex.o
 .debug_line    0x00001e8d      0xac5 Drivers/STM32F1xx_HAL_Driver/Src/stm32f1xx_hal_dma.o
 .debug_line    0x00002952      0x907 Drivers/STM32F1xx_HAL_Driver/Src/stm32f1xx_hal_gpio.o
 .debug_line    0x00003259      0xc1b Drivers/STM32F1xx_HAL_Driver/Src/stm32f1xx_hal_pcd.o
 .debug_line    0x00003e74      0x78a Drivers/STM32F1xx_HAL_Driver/Src/stm32f1xx_hal_pcd_ex.o
 .debug_line    0x000045fe      0xa19 Drivers/STM32F1xx_HAL_Driver/Src/stm32f1xx_hal_rcc.o
 .debug_line    0x00005017      0x814 Drivers/STM32F1xx_HAL_Driver/Src/stm32f1xx_hal_rcc_ex.o
 .debug_line    0x0000582b     0x1710 Drivers/STM32F1xx_HAL_Driver/Src/stm32f1xx_hal_tim.o
 .debug_line    0x00006f3b      0xcd3 Drivers/STM32F1xx_HAL_Driver/Src/stm32f1xx_hal_tim_ex.o
 .debug_line    0x00007c0e      0xb85 Drivers/STM32F1xx_HAL_Driver/Src/stm32f1xx_ll_usb.o
 .debug_line    0x00008793      0xa4e Middlewares/ST/STM32_USB_Device_Library/Class/CDC/Src/usbd_cdc.o
 .debug_line    0x000091e1      0xa4a Middlewares/ST/STM32_USB_Device_Library/Core/Src/usbd_core.o
 .debug_line    0x00009c2b      0xa5f Middlewares/ST/STM32_USB_Device_Library/Core/Src/usbd_ctlreq.o
 .debug_line    0x0000a68a      0x8d5 Middlewares/ST/STM32_USB_Device_Library/Core/Src/usbd_ioreq.o
 .debug_line    0x0000af5f      0x3b0 Src/angleFiring.o
 .debug_line    0x0000b30f      0x76c Src/hardwareLogic.o
 .debug_line    0x0000ba7b      0xa8b Src/main.o
 .debug_line    0x0000c506      0x7f4 Src/stm32f1xx_hal_msp.o
 .debug_line    0x0000ccfa      0x7ff Src/stm32f1xx_it.o
 .debug_line    0x0000d4f9      0x78b Src/system_stm32f1xx.o
 .debug_line    0x0000dc84      0x8d0 Src/usb_device.o
 .debug_line    0x0000e554      0x918 Src/usbd_cdc_if.o
 .debug_line    0x0000ee6c      0xb2c Src/usbd_conf.o
 .debug_line    0x0000f998      0x8be Src/usbd_desc.o
 .debug_line    0x00010256       0x7d startup/startup_stm32f103xb.o

.debug_str      0x00000000    0x78cc6
 .debug_str     0x00000000    0x73999 Drivers/STM32F1xx_HAL_Driver/Src/stm32f1xx_hal.o
                              0x73d77 (size before relaxing)
 .debug_str     0x00073999      0x6b7 Drivers/STM32F1xx_HAL_Driver/Src/stm32f1xx_hal_adc.o
                              0x73d1e (size before relaxing)
 .debug_str     0x00074050      0x2e1 Drivers/STM32F1xx_HAL_Driver/Src/stm32f1xx_hal_cortex.o
                              0x73ccc (size before relaxing)
 .debug_str     0x00074331      0x220 Drivers/STM32F1xx_HAL_Driver/Src/stm32f1xx_hal_dma.o
                              0x73a30 (size before relaxing)
 .debug_str     0x00074551      0x39e Drivers/STM32F1xx_HAL_Driver/Src/stm32f1xx_hal_gpio.o
                              0x73a13 (size before relaxing)
 .debug_str     0x000748ef      0x7d5 Drivers/STM32F1xx_HAL_Driver/Src/stm32f1xx_hal_pcd.o
                              0x73e81 (size before relaxing)
 .debug_str     0x000750c4       0x57 Drivers/STM32F1xx_HAL_Driver/Src/stm32f1xx_hal_pcd_ex.o
                              0x7395e (size before relaxing)
 .debug_str     0x0007511b      0x368 Drivers/STM32F1xx_HAL_Driver/Src/stm32f1xx_hal_rcc.o
                              0x73a68 (size before relaxing)
 .debug_str     0x00075483      0x110 Drivers/STM32F1xx_HAL_Driver/Src/stm32f1xx_hal_rcc_ex.o
                              0x737f4 (size before relaxing)
 .debug_str     0x00075593      0xeff Drivers/STM32F1xx_HAL_Driver/Src/stm32f1xx_hal_tim.o
                              0x74768 (size before relaxing)
 .debug_str     0x00076492      0x4f1 Drivers/STM32F1xx_HAL_Driver/Src/stm32f1xx_hal_tim_ex.o
                              0x7400a (size before relaxing)
 .debug_str     0x00076983      0x155 Drivers/STM32F1xx_HAL_Driver/Src/stm32f1xx_ll_usb.o
                              0x73b31 (size before relaxing)
 .debug_str     0x00076ad8     0x12a6 Middlewares/ST/STM32_USB_Device_Library/Class/CDC/Src/usbd_cdc.o
                              0x749a7 (size before relaxing)
 .debug_str     0x00077d7e      0x294 Middlewares/ST/STM32_USB_Device_Library/Core/Src/usbd_core.o
                              0x74668 (size before relaxing)
 .debug_str     0x00078012      0x12e Middlewares/ST/STM32_USB_Device_Library/Core/Src/usbd_ctlreq.o
                              0x74582 (size before relaxing)
 .debug_str     0x00078140       0x51 Middlewares/ST/STM32_USB_Device_Library/Core/Src/usbd_ioreq.o
                              0x744af (size before relaxing)
 .debug_str     0x00078191      0x35f Src/angleFiring.o
                               0x3834 (size before relaxing)
 .debug_str     0x000784f0       0x73 Src/hardwareLogic.o
                              0x73a19 (size before relaxing)
 .debug_str     0x00078563      0x2f2 Src/main.o
                              0x759fe (size before relaxing)
 .debug_str     0x00078855       0x25 Src/stm32f1xx_hal_msp.o
                              0x73f4a (size before relaxing)
 .debug_str     0x0007887a       0xdd Src/stm32f1xx_it.o
                              0x73b84 (size before relaxing)
 .debug_str     0x00078957       0x69 Src/system_stm32f1xx.o
                              0x736be (size before relaxing)
 .debug_str     0x000789c0       0x14 Src/usb_device.o