14:16:12 **** Incremental Build of configuration Debug for project PWM ****
make all 
Building target: PWM.elf
Invoking: MCU GCC Linker
arm-none-eabi-gcc -mcpu=cortex-m3 -mthumb -mfloat-abi=soft -L"C:\Ac6\SystemWorkbench\/../CMSIS/Lib/GCC" -L"\pack\2.1.14\Libraries\CMS IS\Lib\GCC" -specs=nosys.specs -specs=nano.specs -T"../STM32F103C8Tx_FLASH.ld" -Wl,-Map=output.map -Wl,--gc-sections -o "PWM.elf" @"objects.list"   -lm
Finished building target: PWM.elf
 
make --no-print-directory post-build
Generating hex and Printing size information:
arm-none-eabi-objcopy -O ihex "PWM.elf" "PWM.hex"
arm-none-eabi-size "PWM.elf"
   text	   data	    bss	    dec	    hex	filename
  12296	     32	   2000	  14328	   37f8	PWM.elf
 
14:16:13 **** Incremental Build of configuration Debug for project PWM ****
make all 
make: Nothing to be done for 'all'.
14:16:33 **** Incremental Build of configuration Debug for project PWM ****
make all 
make: Nothing to be done for 'all'.
14:16:46 **** Incremental Build of configuration Debug for project PWM ****
make all 
make: Nothing to be done for 'all'.
14:17:02 **** Incremental Build of configuration Debug for project PWM ****
make all 
make: Nothing to be done for 'all'.
14:20:12 **** Incremental Build of configuration Debug for project PWM ****
make all 
Building file: ../Src/main.c
Invoking: MCU GCC Compiler
C:\Users\D203-02\Project\Reflow-Oven\STM32\PWM\Debug
arm-none-eabi-gcc -mcpu=cortex-m3 -mthumb -mfloat-abi=soft '-D__weak=__attribute__((weak))' -D__FPU_PRESENT '-D__packed="__attribute__((__packed__))"' -DUSE_HAL_DRIVER -DSTM32F103xB '-D__weak=__attribute__((weak))' '-D__packed=__attribute__((__packed__))' -DARM_MATH_CM4 -I"C:/Users/D203-02/Project/Reflow-Oven/STM32/PWM/Inc" -I"C:/Users/D203-02/Project/Reflow-Oven/STM32/PWM/Drivers/STM32F1xx_HAL_Driver/Inc" -I"C:/Users/D203-02/Project/Reflow-Oven/STM32/PWM/Drivers/STM32F1xx_HAL_Driver/Inc/Legacy" -I"C:/Users/D203-02/Project/Reflow-Oven/STM32/PWM/Drivers/CMSIS/Device/ST/STM32F1xx/Include" -I"C:/Users/D203-02/Project/Reflow-Oven/STM32/PWM/Drivers/CMSIS/Include"  -Og -g3 -Wall -fmessage-length=0 -ffunction-sections -c -fmessage-length=0 -MMD -MP -MF"Src/main.d" -MT"Src/main.o" -o "Src/main.o" "../Src/main.c"
<command-line>:0:0: warning: "__packed" redefined
<command-line>:0:0: note: this is the location of the previous definition
../Src/main.c:92:13: warning: 'userDefinePulseWidth' declared 'static' but never defined [-Wunused-function]
 static void userDefinePulseWidth(int *numOfUnits,int *data);
             ^~~~~~~~~~~~~~~~~~~~
Finished building: ../Src/main.c
 
Building target: PWM.elf
Invoking: MCU GCC Linker
arm-none-eabi-gcc -mcpu=cortex-m3 -mthumb -mfloat-abi=soft -L"C:\Ac6\SystemWorkbench\/../CMSIS/Lib/GCC" -L"\pack\2.1.14\Libraries\CMS IS\Lib\GCC" -specs=nosys.specs -specs=nano.specs -T"../STM32F103C8Tx_FLASH.ld" -Wl,-Map=output.map -Wl,--gc-sections -o "PWM.elf" @"objects.list"   -lm
Finished building target: PWM.elf
 
make --no-print-directory post-build
Generating hex and Printing size information:
arm-none-eabi-objcopy -O ihex "PWM.elf" "PWM.hex"
arm-none-eabi-size "PWM.elf"
   text	   data	    bss	    dec	    hex	filename
  12296	     32	   2000	  14328	   37f8	PWM.elf
 
14:25:19 **** Incremental Build of configuration Debug for project PWM ****
make all 
Building file: ../Src/main.c
Invoking: MCU GCC Compiler
C:\Users\D203-02\Project\Reflow-Oven\STM32\PWM\Debug
arm-none-eabi-gcc -mcpu=cortex-m3 -mthumb -mfloat-abi=soft '-D__weak=__attribute__((weak))' -D__FPU_PRESENT '-D__packed="__attribute__((__packed__))"' -DUSE_HAL_DRIVER -DSTM32F103xB '-D__weak=__attribute__((weak))' '-D__packed=__attribute__((__packed__))' -DARM_MATH_CM4 -I"C:/Users/D203-02/Project/Reflow-Oven/STM32/PWM/Inc" -I"C:/Users/D203-02/Project/Reflow-Oven/STM32/PWM/Drivers/STM32F1xx_HAL_Driver/Inc" -I"C:/Users/D203-02/Project/Reflow-Oven/STM32/PWM/Drivers/STM32F1xx_HAL_Driver/Inc/Legacy" -I"C:/Users/D203-02/Project/Reflow-Oven/STM32/PWM/Drivers/CMSIS/Device/ST/STM32F1xx/Include" -I"C:/Users/D203-02/Project/Reflow-Oven/STM32/PWM/Drivers/CMSIS/Include"  -Og -g3 -Wall -fmessage-length=0 -ffunction-sections -c -fmessage-length=0 -MMD -MP -MF"Src/main.d" -MT"Src/main.o" -o "Src/main.o" "../Src/main.c"
<command-line>:0:0: warning: "__packed" redefined
<command-line>:0:0: note: this is the location of the previous definition
../Src/main.c:92:13: warning: 'userDefinePulseWidth' declared 'static' but never defined [-Wunused-function]
 static void userDefinePulseWidth(int *numOfUnits,int *data);
             ^~~~~~~~~~~~~~~~~~~~
Finished building: ../Src/main.c
 
Building target: PWM.elf
Invoking: MCU GCC Linker
arm-none-eabi-gcc -mcpu=cortex-m3 -mthumb -mfloat-abi=soft -L"C:\Ac6\SystemWorkbench\/../CMSIS/Lib/GCC" -L"\pack\2.1.14\Libraries\CMS IS\Lib\GCC" -specs=nosys.specs -specs=nano.specs -T"../STM32F103C8Tx_FLASH.ld" -Wl,-Map=output.map -Wl,--gc-sections -o "PWM.elf" @"objects.list"   -lm
Finished building target: PWM.elf
 
make --no-print-directory post-build
Generating hex and Printing size information:
arm-none-eabi-objcopy -O ihex "PWM.elf" "PWM.hex"
arm-none-eabi-size "PWM.elf"
   text	   data	    bss	    dec	    hex	filename
  12240	     32	   2000	  14272	   37c0	PWM.elf
 
14:26:20 **** Incremental Build of configuration Debug for project PWM ****
make all 
Building file: ../Src/main.c
Invoking: MCU GCC Compiler
C:\Users\D203-02\Project\Reflow-Oven\STM32\PWM\Debug
arm-none-eabi-gcc -mcpu=cortex-m3 -mthumb -mfloat-abi=soft '-D__weak=__attribute__((weak))' -D__FPU_PRESENT '-D__packed="__attribute__((__packed__))"' -DUSE_HAL_DRIVER -DSTM32F103xB '-D__weak=__attribute__((weak))' '-D__packed=__attribute__((__packed__))' -DARM_MATH_CM4 -I"C:/Users/D203-02/Project/Reflow-Oven/STM32/PWM/Inc" -I"C:/Users/D203-02/Project/Reflow-Oven/STM32/PWM/Drivers/STM32F1xx_HAL_Driver/Inc" -I"C:/Users/D203-02/Project/Reflow-Oven/STM32/PWM/Drivers/STM32F1xx_HAL_Driver/Inc/Legacy" -I"C:/Users/D203-02/Project/Reflow-Oven/STM32/PWM/Drivers/CMSIS/Device/ST/STM32F1xx/Include" -I"C:/Users/D203-02/Project/Reflow-Oven/STM32/PWM/Drivers/CMSIS/Include"  -Og -g3 -Wall -fmessage-length=0 -ffunction-sections -c -fmessage-length=0 -MMD -MP -MF"Src/main.d" -MT"Src/main.o" -o "Src/main.o" "../Src/main.c"
<command-line>:0:0: warning: "__packed" redefined
<command-line>:0:0: note: this is the location of the previous definition
../Src/main.c:92:13: warning: 'userDefinePulseWidth' declared 'static' but never defined [-Wunused-function]
 static void userDefinePulseWidth(int *numOfUnits,int *data);
             ^~~~~~~~~~~~~~~~~~~~
Finished building: ../Src/main.c
 
Building target: PWM.elf
Invoking: MCU GCC Linker
arm-none-eabi-gcc -mcpu=cortex-m3 -mthumb -mfloat-abi=soft -L"C:\Ac6\SystemWorkbench\/../CMSIS/Lib/GCC" -L"\pack\2.1.14\Libraries\CMS IS\Lib\GCC" -specs=nosys.specs -specs=nano.specs -T"../STM32F103C8Tx_FLASH.ld" -Wl,-Map=output.map -Wl,--gc-sections -o "PWM.elf" @"objects.list"   -lm
Finished building target: PWM.elf
 
make --no-print-directory post-build
Generating hex and Printing size information:
arm-none-eabi-objcopy -O ihex "PWM.elf" "PWM.hex"
arm-none-eabi-size "PWM.elf"
   text	   data	    bss	    dec	    hex	filename
  12240	     32	   2000	  14272	   37c0	PWM.elf
 
14:34:27 **** Incremental Build of configuration Debug for project PWM ****
make all 
Building file: ../Src/main.c
Invoking: MCU GCC Compiler
C:\Users\D203-02\Project\Reflow-Oven\STM32\PWM\Debug
arm-none-eabi-gcc -mcpu=cortex-m3 -mthumb -mfloat-abi=soft '-D__weak=__attribute__((weak))' -D__FPU_PRESENT '-D__packed="__attribute__((__packed__))"' -DUSE_HAL_DRIVER -DSTM32F103xB '-D__weak=__attribute__((weak))' '-D__packed=__attribute__((__packed__))' -DARM_MATH_CM4 -I"C:/Users/D203-02/Project/Reflow-Oven/STM32/PWM/Inc" -I"C:/Users/D203-02/Project/Reflow-Oven/STM32/PWM/Drivers/STM32F1xx_HAL_Driver/Inc" -I"C:/Users/D203-02/Project/Reflow-Oven/STM32/PWM/Drivers/STM32F1xx_HAL_Driver/Inc/Legacy" -I"C:/Users/D203-02/Project/Reflow-Oven/STM32/PWM/Drivers/CMSIS/Device/ST/STM32F1xx/Include" -I"C:/Users/D203-02/Project/Reflow-Oven/STM32/PWM/Drivers/CMSIS/Include"  -Og -g3 -Wall -fmessage-length=0 -ffunction-sections -c -fmessage-length=0 -MMD -MP -MF"Src/main.d" -MT"Src/main.o" -o "Src/main.o" "../Src/main.c"
<command-line>:0:0: warning: "__packed" redefined
<command-line>:0:0: note: this is the location of the previous definition
../Src/main.c:92:13: warning: 'userDefinePulseWidth' declared 'static' but never defined [-Wunused-function]
 static void userDefinePulseWidth(int *numOfUnits,int *data);
             ^~~~~~~~~~~~~~~~~~~~
Finished building: ../Src/main.c
 
Building target: PWM.elf
Invoking: MCU GCC Linker
arm-none-eabi-gcc -mcpu=cortex-m3 -mthumb -mfloat-abi=soft -L"C:\Ac6\SystemWorkbench\/../CMSIS/Lib/GCC" -L"\pack\2.1.14\Libraries\CMS IS\Lib\GCC" -specs=nosys.specs -specs=nano.specs -T"../STM32F103C8Tx_FLASH.ld" -Wl,-Map=output.map -Wl,--gc-sections -o "PWM.elf" @"objects.list"   -lm
Finished building target: PWM.elf
 
make --no-print-directory post-build
Generating hex and Printing size information:
arm-none-eabi-objcopy -O ihex "PWM.elf" "PWM.hex"
arm-none-eabi-size "PWM.elf"
   text	   data	    bss	    dec	    hex	filename
  12240	     32	   2000	  14272	   37c0	PWM.elf
 
15:03:51 **** Incremental Build of configuration Debug for project PWM ****
make all 
Building file: ../Src/main.c
Invoking: MCU GCC Compiler
C:\Users\D203-02\Project\Reflow-Oven\STM32\PWM\Debug
arm-none-eabi-gcc -mcpu=cortex-m3 -mthumb -mfloat-abi=soft '-D__weak=__attribute__((weak))' -D__FPU_PRESENT '-D__packed="__attribute__((__packed__))"' -DUSE_HAL_DRIVER -DSTM32F103xB '-D__weak=__attribute__((weak))' '-D__packed=__attribute__((__packed__))' -DARM_MATH_CM4 -I"C:/Users/D203-02/Project/Reflow-Oven/STM32/PWM/Inc" -I"C:/Users/D203-02/Project/Reflow-Oven/STM32/PWM/Drivers/STM32F1xx_HAL_Driver/Inc" -I"C:/Users/D203-02/Project/Reflow-Oven/STM32/PWM/Drivers/STM32F1xx_HAL_Driver/Inc/Legacy" -I"C:/Users/D203-02/Project/Reflow-Oven/STM32/PWM/Drivers/CMSIS/Device/ST/STM32F1xx/Include" -I"C:/Users/D203-02/Project/Reflow-Oven/STM32/PWM/Drivers/CMSIS/Include"  -Og -g3 -Wall -fmessage-length=0 -ffunction-sections -c -fmessage-length=0 -MMD -MP -MF"Src/main.d" -MT"Src/main.o" -o "Src/main.o" "../Src/main.c"
<command-line>:0:0: warning: "__packed" redefined
<command-line>:0:0: note: this is the location of the previous definition
../Src/main.c:92:13: warning: 'userDefinePulseWidth' declared 'static' but never defined [-Wunused-function]
 static void userDefinePulseWidth(int *numOfUnits,int *data);
             ^~~~~~~~~~~~~~~~~~~~
Finished building: ../Src/main.c
 
Building target: PWM.elf
Invoking: MCU GCC Linker
arm-none-eabi-gcc -mcpu=cortex-m3 -mthumb -mfloat-abi=soft -L"C:\Ac6\SystemWorkbench\/../CMSIS/Lib/GCC" -L"\pack\2.1.14\Libraries\CMS IS\Lib\GCC" -specs=nosys.specs -specs=nano.specs -T"../STM32F103C8Tx_FLASH.ld" -Wl,-Map=output.map -Wl,--gc-sections -o "PWM.elf" @"objects.list"   -lm
c:/ac6/systemworkbench/plugins/fr.ac6.mcu.externaltools.arm-none.win32_1.15.0.201708311556/tools/compiler/bin/../lib/gcc/arm-none-eabi/6.3.1/../../../../arm-none-eabi/bin/ld.exe: final link failed: No space left on device
collect2.exe: error: ld returned 1 exit status
make: *** [PWM.elf] Error 1
makefile:35: recipe for target 'PWM.elf' failed
15:04:06 **** Incremental Build of configuration Debug for project PWM ****
make all 
Building target: PWM.elf
Invoking: MCU GCC Linker
arm-none-eabi-gcc -mcpu=cortex-m3 -mthumb -mfloat-abi=soft -L"C:\Ac6\SystemWorkbench\/../CMSIS/Lib/GCC" -L"\pack\2.1.14\Libraries\CMS IS\Lib\GCC" -specs=nosys.specs -specs=nano.specs -T"../STM32F103C8Tx_FLASH.ld" -Wl,-Map=output.map -Wl,--gc-sections -o "PWM.elf" @"objects.list"   -lm
Finished building target: PWM.elf
 
make --no-print-directory post-build
Generating hex and Printing size information:
arm-none-eabi-objcopy -O ihex "PWM.elf" "PWM.hex"
arm-none-eabi-size "PWM.elf"
   text	   data	    bss	    dec	    hex	filename
  12240	     32	   2000	  14272	   37c0	PWM.elf
 
15:07:52 **** Incremental Build of configuration Debug for project PWM ****
make all 
Building file: ../Src/main.c
Invoking: MCU GCC Compiler
C:\Users\D203-02\Project\Reflow-Oven\STM32\PWM\Debug
arm-none-eabi-gcc -mcpu=cortex-m3 -mthumb -mfloat-abi=soft '-D__weak=__attribute__((weak))' -D__FPU_PRESENT '-D__packed="__attribute__((__packed__))"' -DUSE_HAL_DRIVER -DSTM32F103xB '-D__weak=__attribute__((weak))' '-D__packed=__attribute__((__packed__))' -DARM_MATH_CM4 -I"C:/Users/D203-02/Project/Reflow-Oven/STM32/PWM/Inc" -I"C:/Users/D203-02/Project/Reflow-Oven/STM32/PWM/Drivers/STM32F1xx_HAL_Driver/Inc" -I"C:/Users/D203-02/Project/Reflow-Oven/STM32/PWM/Drivers/STM32F1xx_HAL_Driver/Inc/Legacy" -I"C:/Users/D203-02/Project/Reflow-Oven/STM32/PWM/Drivers/CMSIS/Device/ST/STM32F1xx/Include" -I"C:/Users/D203-02/Project/Reflow-Oven/STM32/PWM/Drivers/CMSIS/Include"  -Og -g3 -Wall -fmessage-length=0 -ffunction-sections -c -fmessage-length=0 -MMD -MP -MF"Src/main.d" -MT"Src/main.o" -o "Src/main.o" "../Src/main.c"
<command-line>:0:0: warning: "__packed" redefined
<command-line>:0:0: note: this is the location of the previous definition
../Src/main.c:92:13: warning: 'userDefinePulseWidth' declared 'static' but never defined [-Wunused-function]
 static void userDefinePulseWidth(int *numOfUnits,int *data);
             ^~~~~~~~~~~~~~~~~~~~
Finished building: ../Src/main.c
 
Building target: PWM.elf
Invoking: MCU GCC Linker
arm-none-eabi-gcc -mcpu=cortex-m3 -mthumb -mfloat-abi=soft -L"C:\Ac6\SystemWorkbench\/../CMSIS/Lib/GCC" -L"\pack\2.1.14\Libraries\CMS IS\Lib\GCC" -specs=nosys.specs -specs=nano.specs -T"../STM32F103C8Tx_FLASH.ld" -Wl,-Map=output.map -Wl,--gc-sections -o "PWM.elf" @"objects.list"   -lm
Finished building target: PWM.elf
 
make --no-print-directory post-build
Generating hex and Printing size information:
arm-none-eabi-objcopy -O ihex "PWM.elf" "PWM.hex"
arm-none-eabi-size "PWM.elf"
   text	   data	    bss	    dec	    hex	filename
  12240	     32	   2000	  14272	   37c0	PWM.elf
 
15:09:05 **** Incremental Build of configuration Debug for project PWM ****
make all 
Building file: ../Src/main.c
Invoking: MCU GCC Compiler
C:\Users\D203-02\Project\Reflow-Oven\STM32\PWM\Debug
arm-none-eabi-gcc -mcpu=cortex-m3 -mthumb -mfloat-abi=soft '-D__weak=__attribute__((weak))' -D__FPU_PRESENT '-D__packed="__attribute__((__packed__))"' -DUSE_HAL_DRIVER -DSTM32F103xB '-D__weak=__attribute__((weak))' '-D__packed=__attribute__((__packed__))' -DARM_MATH_CM4 -I"C:/Users/D203-02/Project/Reflow-Oven/STM32/PWM/Inc" -I"C:/Users/D203-02/Project/Reflow-Oven/STM32/PWM/Drivers/STM32F1xx_HAL_Driver/Inc" -I"C:/Users/D203-02/Project/Reflow-Oven/STM32/PWM/Drivers/STM32F1xx_HAL_Driver/Inc/Legacy" -I"C:/Users/D203-02/Project/Reflow-Oven/STM32/PWM/Drivers/CMSIS/Device/ST/STM32F1xx/Include" -I"C:/Users/D203-02/Project/Reflow-Oven/STM32/PWM/Drivers/CMSIS/Include"  -Og -g3 -Wall -fmessage-length=0 -ffunction-sections -c -fmessage-length=0 -MMD -MP -MF"Src/main.d" -MT"Src/main.o" -o "Src/main.o" "../Src/main.c"
<command-line>:0:0: warning: "__packed" redefined
<command-line>:0:0: note: this is the location of the previous definition
../Src/main.c:92:13: warning: 'userDefinePulseWidth' declared 'static' but never defined [-Wunused-function]
 static void userDefinePulseWidth(int *numOfUnits,int *data);
             ^~~~~~~~~~~~~~~~~~~~
Finished building: ../Src/main.c
 
Building target: PWM.elf
Invoking: MCU GCC Linker
arm-none-eabi-gcc -mcpu=cortex-m3 -mthumb -mfloat-abi=soft -L"C:\Ac6\SystemWorkbench\/../CMSIS/Lib/GCC" -L"\pack\2.1.14\Libraries\CMS IS\Lib\GCC" -specs=nosys.specs -specs=nano.specs -T"../STM32F103C8Tx_FLASH.ld" -Wl,-Map=output.map -Wl,--gc-sections -o "PWM.elf" @"objects.list"   -lm
c:/ac6/systemworkbench/plugins/fr.ac6.mcu.externaltools.arm-none.win32_1.15.0.201708311556/tools/compiler/bin/../lib/gcc/arm-none-eabi/6.3.1/../../../../arm-none-eabi/bin/ld.exe: final link failed: No space left on device
collect2.exe: error: ld returned 1 exit status
makefile:35: recipe for target 'PWM.elf' failed
make: *** [PWM.elf] Error 1
15:09:11 **** Incremental Build of configuration Debug for project PWM ****
make all 
Building target: PWM.elf
Invoking: MCU GCC Linker
arm-none-eabi-gcc -mcpu=cortex-m3 -mthumb -mfloat-abi=soft -L"C:\Ac6\SystemWorkbench\/../CMSIS/Lib/GCC" -L"\pack\2.1.14\Libraries\CMS IS\Lib\GCC" -specs=nosys.specs -specs=nano.specs -T"../STM32F103C8Tx_FLASH.ld" -Wl,-Map=output.map -Wl,--gc-sections -o "PWM.elf" @"objects.list"   -lm
c:/ac6/systemworkbench/plugins/fr.ac6.mcu.externaltools.arm-none.win32_1.15.0.201708311556/tools/compiler/bin/../lib/gcc/arm-none-eabi/6.3.1/../../../../arm-none-eabi/bin/ld.exe: final link failed: No space left on device
collect2.exe: error: ld returned 1 exit status
make: *** [PWM.elf] Error 1
makefile:35: recipe for target 'PWM.elf' failed
15:09:19 **** Incremental Build of configuration Debug for project PWM ****
make all 
Building target: PWM.elf
Invoking: MCU GCC Linker
arm-none-eabi-gcc -mcpu=cortex-m3 -mthumb -mfloat-abi=soft -L"C:\Ac6\SystemWorkbench\/../CMSIS/Lib/GCC" -L"\pack\2.1.14\Libraries\CMS IS\Lib\GCC" -specs=nosys.specs -specs=nano.specs -T"../STM32F103C8Tx_FLASH.ld" -Wl,-Map=output.map -Wl,--gc-sections -o "PWM.elf" @"objects.list"   -lm
Finished building target: PWM.elf
 
make --no-print-directory post-build
Generating hex and Printing size information:
arm-none-eabi-objcopy -O ihex "PWM.elf" "PWM.hex"
arm-none-eabi-size "PWM.elf"
   text	   data	    bss	    dec	    hex	filename
  12240	     32	   2000	  14272	   37c0	PWM.elf
 
15:14:50 **** Incremental Build of configuration Debug for project PWM ****
make all 
Building file: ../Src/main.c
Invoking: MCU GCC Compiler
C:\Users\D203-02\Project\Reflow-Oven\STM32\PWM\Debug
arm-none-eabi-gcc -mcpu=cortex-m3 -mthumb -mfloat-abi=soft '-D__weak=__attribute__((weak))' -D__FPU_PRESENT '-D__packed="__attribute__((__packed__))"' -DUSE_HAL_DRIVER -DSTM32F103xB '-D__weak=__attribute__((weak))' '-D__packed=__attribute__((__packed__))' -DARM_MATH_CM4 -I"C:/Users/D203-02/Project/Reflow-Oven/STM32/PWM/Inc" -I"C:/Users/D203-02/Project/Reflow-Oven/STM32/PWM/Drivers/STM32F1xx_HAL_Driver/Inc" -I"C:/Users/D203-02/Project/Reflow-Oven/STM32/PWM/Drivers/STM32F1xx_HAL_Driver/Inc/Legacy" -I"C:/Users/D203-02/Project/Reflow-Oven/STM32/PWM/Drivers/CMSIS/Device/ST/STM32F1xx/Include" -I"C:/Users/D203-02/Project/Reflow-Oven/STM32/PWM/Drivers/CMSIS/Include"  -Og -g3 -Wall -fmessage-length=0 -ffunction-sections -c -fmessage-length=0 -MMD -MP -MF"Src/main.d" -MT"Src/main.o" -o "Src/main.o" "../Src/main.c"
<command-line>:0:0: warning: "__packed" redefined
<command-line>:0:0: note: this is the location of the previous definition
../Src/main.c:92:13: warning: 'userDefinePulseWidth' declared 'static' but never defined [-Wunused-function]
 static void userDefinePulseWidth(int *numOfUnits,int *data);
             ^~~~~~~~~~~~~~~~~~~~
Finished building: ../Src/main.c
 
Building target: PWM.elf
Invoking: MCU GCC Linker
arm-none-eabi-gcc -mcpu=cortex-m3 -mthumb -mfloat-abi=soft -L"C:\Ac6\SystemWorkbench\/../CMSIS/Lib/GCC" -L"\pack\2.1.14\Libraries\CMS IS\Lib\GCC" -specs=nosys.specs -specs=nano.specs -T"../STM32F103C8Tx_FLASH.ld" -Wl,-Map=output.map -Wl,--gc-sections -o "PWM.elf" @"objects.list"   -lm
c:/ac6/systemworkbench/plugins/fr.ac6.mcu.externaltools.arm-none.win32_1.15.0.201708311556/tools/compiler/bin/../lib/gcc/arm-none-eabi/6.3.1/../../../../arm-none-eabi/bin/ld.exe: final link failed: No space left on device
collect2.exe: error: ld returned 1 exit status
make: *** [PWM.elf] Error 1
makefile:35: recipe for target 'PWM.elf' failed
15:15:00 **** Incremental Build of configuration Debug for project PWM ****
make all 
Building target: PWM.elf
Invoking: MCU GCC Linker
arm-none-eabi-gcc -mcpu=cortex-m3 -mthumb -mfloat-abi=soft -L"C:\Ac6\SystemWorkbench\/../CMSIS/Lib/GCC" -L"\pack\2.1.14\Libraries\CMS IS\Lib\GCC" -specs=nosys.specs -specs=nano.specs -T"../STM32F103C8Tx_FLASH.ld" -Wl,-Map=output.map -Wl,--gc-sections -o "PWM.elf" @"objects.list"   -lm
Finished building target: PWM.elf
 
make --no-print-directory post-build
Generating hex and Printing size information:
arm-none-eabi-objcopy -O ihex "PWM.elf" "PWM.hex"
arm-none-eabi-size "PWM.elf"
   text	   data	    bss	    dec	    hex	filename
  12240	     32	   2000	  14272	   37c0	PWM.elf
 
15:19:38 **** Incremental Build of configuration Debug for project PWM ****
make all 
Building file: ../Src/main.c
Invoking: MCU GCC Compiler
C:\Users\D203-02\Project\Reflow-Oven\STM32\PWM\Debug
arm-none-eabi-gcc -mcpu=cortex-m3 -mthumb -mfloat-abi=soft '-D__weak=__attribute__((weak))' -D__FPU_PRESENT '-D__packed="__attribute__((__packed__))"' -DUSE_HAL_DRIVER -DSTM32F103xB '-D__weak=__attribute__((weak))' '-D__packed=__attribute__((__packed__))' -DARM_MATH_CM4 -I"C:/Users/D203-02/Project/Reflow-Oven/STM32/PWM/Inc" -I"C:/Users/D203-02/Project/Reflow-Oven/STM32/PWM/Drivers/STM32F1xx_HAL_Driver/Inc" -I"C:/Users/D203-02/Project/Reflow-Oven/STM32/PWM/Drivers/STM32F1xx_HAL_Driver/Inc/Legacy" -I"C:/Users/D203-02/Project/Reflow-Oven/STM32/PWM/Drivers/CMSIS/Device/ST/STM32F1xx/Include" -I"C:/Users/D203-02/Project/Reflow-Oven/STM32/PWM/Drivers/CMSIS/Include"  -Og -g3 -Wall -fmessage-length=0 -ffunction-sections -c -fmessage-length=0 -MMD -MP -MF"Src/main.d" -MT"Src/main.o" -o "Src/main.o" "../Src/main.c"
<command-line>:0:0: warning: "__packed" redefined
<command-line>:0:0: note: this is the location of the previous definition
../Src/main.c:92:13: warning: 'userDefinePulseWidth' declared 'static' but never defined [-Wunused-function]
 static void userDefinePulseWidth(int *numOfUnits,int *data);
             ^~~~~~~~~~~~~~~~~~~~
Finished building: ../Src/main.c
 
Building target: PWM.elf
Invoking: MCU GCC Linker
arm-none-eabi-gcc -mcpu=cortex-m3 -mthumb -mfloat-abi=soft -L"C:\Ac6\SystemWorkbench\/../CMSIS/Lib/GCC" -L"\pack\2.1.14\Libraries\CMS IS\Lib\GCC" -specs=nosys.specs -specs=nano.specs -T"../STM32F103C8Tx_FLASH.ld" -Wl,-Map=output.map -Wl,--gc-sections -o "PWM.elf" @"objects.list"   -lm
Finished building target: PWM.elf
 
make --no-print-directory post-build
Generating hex and Printing size information:
arm-none-eabi-objcopy -O ihex "PWM.elf" "PWM.hex"
arm-none-eabi-size "PWM.elf"
   text	   data	    bss	    dec	    hex	filename
  12240	     32	   2000	  14272	   37c0	PWM.elf
 
15:27:00 **** Incremental Build of configuration Debug for project PWM ****
make all 
Building file: ../Src/main.c
Invoking: MCU GCC Compiler
C:\Users\D203-02\Project\Reflow-Oven\STM32\PWM\Debug
arm-none-eabi-gcc -mcpu=cortex-m3 -mthumb -mfloat-abi=soft '-D__weak=__attribute__((weak))' -D__FPU_PRESENT '-D__packed="__attribute__((__packed__))"' -DUSE_HAL_DRIVER -DSTM32F103xB '-D__weak=__attribute__((weak))' '-D__packed=__attribute__((__packed__))' -DARM_MATH_CM4 -I"C:/Users/D203-02/Project/Reflow-Oven/STM32/PWM/Inc" -I"C:/Users/D203-02/Project/Reflow-Oven/STM32/PWM/Drivers/STM32F1xx_HAL_Driver/Inc" -I"C:/Users/D203-02/Project/Reflow-Oven/STM32/PWM/Drivers/STM32F1xx_HAL_Driver/Inc/Legacy" -I"C:/Users/D203-02/Project/Reflow-Oven/STM32/PWM/Drivers/CMSIS/Device/ST/STM32F1xx/Include" -I"C:/Users/D203-02/Project/Reflow-Oven/STM32/PWM/Drivers/CMSIS/Include"  -Og -g3 -Wall -fmessage-length=0 -ffunction-sections -c -fmessage-length=0 -MMD -MP -MF"Src/main.d" -MT"Src/main.o" -o "Src/main.o" "../Src/main.c"
<command-line>:0:0: warning: "__packed" redefined
<command-line>:0:0: note: this is the location of the previous definition
../Src/main.c:92:13: warning: 'userDefinePulseWidth' declared 'static' but never defined [-Wunused-function]
 static void userDefinePulseWidth(int *numOfUnits,int *data);
             ^~~~~~~~~~~~~~~~~~~~
Finished building: ../Src/main.c
 
Building target: PWM.elf
Invoking: MCU GCC Linker
arm-none-eabi-gcc -mcpu=cortex-m3 -mthumb -mfloat-abi=soft -L"C:\Ac6\SystemWorkbench\/../CMSIS/Lib/GCC" -L"\pack\2.1.14\Libraries\CMS IS\Lib\GCC" -specs=nosys.specs -specs=nano.specs -T"../STM32F103C8Tx_FLASH.ld" -Wl,-Map=output.map -Wl,--gc-sections -o "PWM.elf" @"objects.list"   -lm
c:/ac6/systemworkbench/plugins/fr.ac6.mcu.externaltools.arm-none.win32_1.15.0.201708311556/tools/compiler/bin/../lib/gcc/arm-none-eabi/6.3.1/../../../../arm-none-eabi/bin/ld.exe: final link failed: No space left on device
collect2.exe: error: ld returned 1 exit status
makefile:35: recipe for target 'PWM.elf' failed
make: *** [PWM.elf] Error 1
15:27:06 **** Incremental Build of configuration Debug for project PWM ****
make all 
Building target: PWM.elf
Invoking: MCU GCC Linker
arm-none-eabi-gcc -mcpu=cortex-m3 -mthumb -mfloat-abi=soft -L"C:\Ac6\SystemWorkbench\/../CMSIS/Lib/GCC" -L"\pack\2.1.14\Libraries\CMS IS\Lib\GCC" -specs=nosys.specs -specs=nano.specs -T"../STM32F103C8Tx_FLASH.ld" -Wl,-Map=output.map -Wl,--gc-sections -o "PWM.elf" @"objects.list"   -lm
c:/ac6/systemworkbench/plugins/fr.ac6.mcu.externaltools.arm-none.win32_1.15.0.201708311556/tools/compiler/bin/../lib/gcc/arm-none-eabi/6.3.1/../../../../arm-none-eabi/bin/ld.exe: final link failed: No space left on device
collect2.exe: error: ld returned 1 exit status
makefile:35: recipe for target 'PWM.elf' failed
make: *** [PWM.elf] Error 1
15:27:10 **** Incremental Build of configuration Debug for project PWM ****
make all 
Building target: PWM.elf
Invoking: MCU GCC Linker
arm-none-eabi-gcc -mcpu=cortex-m3 -mthumb -mfloat-abi=soft -L"C:\Ac6\SystemWorkbench\/../CMSIS/Lib/GCC" -L"\pack\2.1.14\Libraries\CMS IS\Lib\GCC" -specs=nosys.specs -specs=nano.specs -T"../STM32F103C8Tx_FLASH.ld" -Wl,-Map=output.map -Wl,--gc-sections -o "PWM.elf" @"objects.list"   -lm
c:/ac6/systemworkbench/plugins/fr.ac6.mcu.externaltools.arm-none.win32_1.15.0.201708311556/tools/compiler/bin/../lib/gcc/arm-none-eabi/6.3.1/../../../../arm-none-eabi/bin/ld.exe: final link failed: No space left on device
collect2.exe: error: ld returned 1 exit status
makefile:35: recipe for target 'PWM.elf' failed
make: *** [PWM.elf] Error 1
15:27:22 **** Incremental Build of configuration Debug for project PWM ****
make all 
Building target: PWM.elf
Invoking: MCU GCC Linker
arm-none-eabi-gcc -mcpu=cortex-m3 -mthumb -mfloat-abi=soft -L"C:\Ac6\SystemWorkbench\/../CMSIS/Lib/GCC" -L"\pack\2.1.14\Libraries\CMS IS\Lib\GCC" -specs=nosys.specs -specs=nano.specs -T"../STM32F103C8Tx_FLASH.ld" -Wl,-Map=output.map -Wl,--gc-sections -o "PWM.elf" @"objects.list"   -lm
c:/ac6/systemworkbench/plugins/fr.ac6.mcu.externaltools.arm-none.win32_1.15.0.201708311556/tools/compiler/bin/../lib/gcc/arm-none-eabi/6.3.1/../../../../arm-none-eabi/bin/ld.exe: final link failed: No space left on device
collect2.exe: error: ld returned 1 exit status
makefile:35: recipe for target 'PWM.elf' failed
make: *** [PWM.elf] Error 1
15:27:33 **** Incremental Build of configuration Debug for project PWM ****
make all 
Building target: PWM.elf
Invoking: MCU GCC Linker
arm-none-eabi-gcc -mcpu=cortex-m3 -mthumb -mfloat-abi=soft -L"C:\Ac6\SystemWorkbench\/../CMSIS/Lib/GCC" -L"\pack\2.1.14\Libraries\CMS IS\Lib\GCC" -specs=nosys.specs -specs=nano.specs -T"../STM32F103C8Tx_FLASH.ld" -Wl,-Map=output.map -Wl,--gc-sections -o "PWM.elf" @"objects.list"   -lm
c:/ac6/systemworkbench/plugins/fr.ac6.mcu.externaltools.arm-none.win32_1.15.0.201708311556/tools/compiler/bin/../lib/gcc/arm-none-eabi/6.3.1/../../../../arm-none-eabi/bin/ld.exe: final link failed: No space left on device
collect2.exe: error: ld returned 1 exit status
makefile:35: recipe for target 'PWM.elf' failed
make: *** [PWM.elf] Error 1
15:27:49 **** Incremental Build of configuration Debug for project PWM ****
make all 
Building target: PWM.elf
Invoking: MCU GCC Linker
arm-none-eabi-gcc -mcpu=cortex-m3 -mthumb -mfloat-abi=soft -L"C:\Ac6\SystemWorkbench\/../CMSIS/Lib/GCC" -L"\pack\2.1.14\Libraries\CMS IS\Lib\GCC" -specs=nosys.specs -specs=nano.specs -T"../STM32F103C8Tx_FLASH.ld" -Wl,-Map=output.map -Wl,--gc-sections -o "PWM.elf" @"objects.list"   -lm
c:/ac6/systemworkbench/plugins/fr.ac6.mcu.externaltools.arm-none.win32_1.15.0.201708311556/tools/compiler/bin/../lib/gcc/arm-none-eabi/6.3.1/../../../../arm-none-eabi/bin/ld.exe: final link failed: No space left on device
collect2.exe: error: ld returned 1 exit status
makefile:35: recipe for target 'PWM.elf' failed
make: *** [PWM.elf] Error 1
15:27:58 **** Incremental Build of configuration Debug for project PWM ****
make all 
Building target: PWM.elf
Invoking: MCU GCC Linker
arm-none-eabi-gcc -mcpu=cortex-m3 -mthumb -mfloat-abi=soft -L"C:\Ac6\SystemWorkbench\/../CMSIS/Lib/GCC" -L"\pack\2.1.14\Libraries\CMS IS\Lib\GCC" -specs=nosys.specs -specs=nano.specs -T"../STM32F103C8Tx_FLASH.ld" -Wl,-Map=output.map -Wl,--gc-sections -o "PWM.elf" @"objects.list"   -lm
c:/ac6/systemworkbench/plugins/fr.ac6.mcu.externaltools.arm-none.win32_1.15.0.201708311556/tools/compiler/bin/../lib/gcc/arm-none-eabi/6.3.1/../../../../arm-none-eabi/bin/ld.exe: final link failed: No space left on device
collect2.exe: error: ld returned 1 exit status
makefile:35: recipe for target 'PWM.elf' failed
make: *** [PWM.elf] Error 1
15:29:09 **** Incremental Build of configuration Debug for project PWM ****
make all 
Building target: PWM.elf
Invoking: MCU GCC Linker
arm-none-eabi-gcc -mcpu=cortex-m3 -mthumb -mfloat-abi=soft -L"C:\Ac6\SystemWorkbench\/../CMSIS/Lib/GCC" -L"\pack\2.1.14\Libraries\CMS IS\Lib\GCC" -specs=nosys.specs -specs=nano.specs -T"../STM32F103C8Tx_FLASH.ld" -Wl,-Map=output.map -Wl,--gc-sections -o "PWM.elf" @"objects.list"   -lm
c:/ac6/systemworkbench/plugins/fr.ac6.mcu.externaltools.arm-none.win32_1.15.0.201708311556/tools/compiler/bin/../lib/gcc/arm-none-eabi/6.3.1/../../../../arm-none-eabi/bin/ld.exe: final link failed: No space left on device
collect2.exe: error: ld returned 1 exit status
makefile:35: recipe for target 'PWM.elf' failed
make: *** [PWM.elf] Error 1
15:29:20 **** Incremental Build of configuration Debug for project PWM ****
make all 
Building target: PWM.elf
Invoking: MCU GCC Linker
arm-none-eabi-gcc -mcpu=cortex-m3 -mthumb -mfloat-abi=soft -L"C:\Ac6\SystemWorkbench\/../CMSIS/Lib/GCC" -L"\pack\2.1.14\Libraries\CMS IS\Lib\GCC" -specs=nosys.specs -specs=nano.specs -T"../STM32F103C8Tx_FLASH.ld" -Wl,-Map=output.map -Wl,--gc-sections -o "PWM.elf" @"objects.list"   -lm
c:/ac6/systemworkbench/plugins/fr.ac6.mcu.externaltools.arm-none.win32_1.15.0.201708311556/tools/compiler/bin/../lib/gcc/arm-none-eabi/6.3.1/../../../../arm-none-eabi/bin/ld.exe: final link failed: No space left on device
collect2.exe: error: ld returned 1 exit status
make: *** [PWM.elf] Error 1
makefile:35: recipe for target 'PWM.elf' failed
09:56:15 **** Incremental Build of configuration Debug for project PWM ****
make all 
Building file: ../startup/startup_stm32f103xb.s
Invoking: MCU GCC Assembler
C:\Users\D203-02\Project\Reflow-Oven\STM32\PWM\Debug
arm-none-eabi-as -mcpu=cortex-m3 -mthumb -mfloat-abi=soft -g -o "startup/startup_stm32f103xb.o" "../startup/startup_stm32f103xb.s"
Finished building: ../startup/startup_stm32f103xb.s
 
Building file: ../Src/main.c
Invoking: MCU GCC Compiler
C:\Users\D203-02\Project\Reflow-Oven\STM32\PWM\Debug
arm-none-eabi-gcc -mcpu=cortex-m3 -mthumb -mfloat-abi=soft '-D__weak=__attribute__((weak))' -D__FPU_PRESENT '-D__packed="__attribute__((__packed__))"' -DUSE_HAL_DRIVER -DSTM32F103xB '-D__weak=__attribute__((weak))' '-D__packed=__attribute__((__packed__))' -DARM_MATH_CM4 -I"C:/Users/D203-02/Project/Reflow-Oven/STM32/PWM/Inc" -I"C:/Users/D203-02/Project/Reflow-Oven/STM32/PWM/Drivers/STM32F1xx_HAL_Driver/Inc" -I"C:/Users/D203-02/Project/Reflow-Oven/STM32/PWM/Drivers/STM32F1xx_HAL_Driver/Inc/Legacy" -I"C:/Users/D203-02/Project/Reflow-Oven/STM32/PWM/Drivers/CMSIS/Device/ST/STM32F1xx/Include" -I"C:/Users/D203-02/Project/Reflow-Oven/STM32/PWM/Drivers/CMSIS/Include"  -Og -g3 -Wall -fmessage-length=0 -ffunction-sections -c -fmessage-length=0 -MMD -MP -MF"Src/main.d" -MT"Src/main.o" -o "Src/main.o" "../Src/main.c"
<command-line>:0:0: warning: "__packed" redefined
<command-line>:0:0: note: this is the location of the previous definition
Finished building: ../Src/main.c
 
Building file: ../Src/stm32f1xx_hal_msp.c
Invoking: MCU GCC Compiler
C:\Users\D203-02\Project\Reflow-Oven\STM32\PWM\Debug
arm-none-eabi-gcc -mcpu=cortex-m3 -mthumb -mfloat-abi=soft '-D__weak=__attribute__((weak))' -D__FPU_PRESENT '-D__packed="__attribute__((__packed__))"' -DUSE_HAL_DRIVER -DSTM32F103xB '-D__weak=__attribute__((weak))' '-D__packed=__attribute__((__packed__))' -DARM_MATH_CM4 -I"C:/Users/D203-02/Project/Reflow-Oven/STM32/PWM/Inc" -I"C:/Users/D203-02/Project/Reflow-Oven/STM32/PWM/Drivers/STM32F1xx_HAL_Driver/Inc" -I"C:/Users/D203-02/Project/Reflow-Oven/STM32/PWM/Drivers/STM32F1xx_HAL_Driver/Inc/Legacy" -I"C:/Users/D203-02/Project/Reflow-Oven/STM32/PWM/Drivers/CMSIS/Device/ST/STM32F1xx/Include" -I"C:/Users/D203-02/Project/Reflow-Oven/STM32/PWM/Drivers/CMSIS/Include"  -Og -g3 -Wall -fmessage-length=0 -ffunction-sections -c -fmessage-length=0 -MMD -MP -MF"Src/stm32f1xx_hal_msp.d" -MT"Src/stm32f1xx_hal_msp.o" -o "Src/stm32f1xx_hal_msp.o" "../Src/stm32f1xx_hal_msp.c"
<command-line>:0:0: warning: "__packed" redefined
<command-line>:0:0: note: this is the location of the previous definition
Finished building: ../Src/stm32f1xx_hal_msp.c
 
Building file: ../Src/stm32f1xx_it.c
Invoking: MCU GCC Compiler
C:\Users\D203-02\Project\Reflow-Oven\STM32\PWM\Debug
arm-none-eabi-gcc -mcpu=cortex-m3 -mthumb -mfloat-abi=soft '-D__weak=__attribute__((weak))' -D__FPU_PRESENT '-D__packed="__attribute__((__packed__))"' -DUSE_HAL_DRIVER -DSTM32F103xB '-D__weak=__attribute__((weak))' '-D__packed=__attribute__((__packed__))' -DARM_MATH_CM4 -I"C:/Users/D203-02/Project/Reflow-Oven/STM32/PWM/Inc" -I"C:/Users/D203-02/Project/Reflow-Oven/STM32/PWM/Drivers/STM32F1xx_HAL_Driver/Inc" -I"C:/Users/D203-02/Project/Reflow-Oven/STM32/PWM/Drivers/STM32F1xx_HAL_Driver/Inc/Legacy" -I"C:/Users/D203-02/Project/Reflow-Oven/STM32/PWM/Drivers/CMSIS/Device/ST/STM32F1xx/Include" -I"C:/Users/D203-02/Project/Reflow-Oven/STM32/PWM/Drivers/CMSIS/Include"  -Og -g3 -Wall -fmessage-length=0 -ffunction-sections -c -fmessage-length=0 -MMD -MP -MF"Src/stm32f1xx_it.d" -MT"Src/stm32f1xx_it.o" -o "Src/stm32f1xx_it.o" "../Src/stm32f1xx_it.c"
<command-line>:0:0: warning: "__packed" redefined
<command-line>:0:0: note: this is the location of the previous definition
Finished building: ../Src/stm32f1xx_it.c
 
Building file: ../Src/system_stm32f1xx.c
Invoking: MCU GCC Compiler
C:\Users\D203-02\Project\Reflow-Oven\STM32\PWM\Debug
arm-none-eabi-gcc -mcpu=cortex-m3 -mthumb -mfloat-abi=soft '-D__weak=__attribute__((weak))' -D__FPU_PRESENT '-D__packed="__attribute__((__packed__))"' -DUSE_HAL_DRIVER -DSTM32F103xB '-D__weak=__attribute__((weak))' '-D__packed=__attribute__((__packed__))' -DARM_MATH_CM4 -I"C:/Users/D203-02/Project/Reflow-Oven/STM32/PWM/Inc" -I"C:/Users/D203-02/Project/Reflow-Oven/STM32/PWM/Drivers/STM32F1xx_HAL_Driver/Inc" -I"C:/Users/D203-02/Project/Reflow-Oven/STM32/PWM/Drivers/STM32F1xx_HAL_Driver/Inc/Legacy" -I"C:/Users/D203-02/Project/Reflow-Oven/STM32/PWM/Drivers/CMSIS/Device/ST/STM32F1xx/Include" -I"C:/Users/D203-02/Project/Reflow-Oven/STM32/PWM/Drivers/CMSIS/Include"  -Og -g3 -Wall -fmessage-length=0 -ffunction-sections -c -fmessage-length=0 -MMD -MP -MF"Src/system_stm32f1xx.d" -MT"Src/system_stm32f1xx.o" -o "Src/system_stm32f1xx.o" "../Src/system_stm32f1xx.c"
<command-line>:0:0: warning: "__packed" redefined
<command-line>:0:0: note: this is the location of the previous definition
Finished building: ../Src/system_stm32f1xx.c
 
Building file: ../Drivers/STM32F1xx_HAL_Driver/Src/stm32f1xx_hal.c
Invoking: MCU GCC Compiler
C:\Users\D203-02\Project\Reflow-Oven\STM32\PWM\Debug
arm-none-eabi-gcc -mcpu=cortex-m3 -mthumb -mfloat-abi=soft '-D__weak=__attribute__((weak))' -D__FPU_PRESENT '-D__packed="__attribute__((__packed__))"' -DUSE_HAL_DRIVER -DSTM32F103xB '-D__weak=__attribute__((weak))' '-D__packed=__attribute__((__packed__))' -DARM_MATH_CM4 -I"C:/Users/D203-02/Project/Reflow-Oven/STM32/PWM/Inc" -I"C:/Users/D203-02/Project/Reflow-Oven/STM32/PWM/Drivers/STM32F1xx_HAL_Driver/Inc" -I"C:/Users/D203-02/Project/Reflow-Oven/STM32/PWM/Drivers/STM32F1xx_HAL_Driver/Inc/Legacy" -I"C:/Users/D203-02/Project/Reflow-Oven/STM32/PWM/Drivers/CMSIS/Device/ST/STM32F1xx/Include" -I"C:/Users/D203-02/Project/Reflow-Oven/STM32/PWM/Drivers/CMSIS/Include"  -Og -g3 -Wall -fmessage-length=0 -ffunction-sections -c -fmessage-length=0 -MMD -MP -MF"Drivers/STM32F1xx_HAL_Driver/Src/stm32f1xx_hal.d" -MT"Drivers/STM32F1xx_HAL_Driver/Src/stm32f1xx_hal.o" -o "Drivers/STM32F1xx_HAL_Driver/Src/stm32f1xx_hal.o" "../Drivers/STM32F1xx_HAL_Driver/Src/stm32f1xx_hal.c"
<command-line>:0:0: warning: "__packed" redefined
<command-line>:0:0: note: this is the location of the previous definition
Finished building: ../Drivers/STM32F1xx_HAL_Driver/Src/stm32f1xx_hal.c
 
Building file: ../Drivers/STM32F1xx_HAL_Driver/Src/stm32f1xx_hal_adc.c
Invoking: MCU GCC Compiler
C:\Users\D203-02\Project\Reflow-Oven\STM32\PWM\Debug
arm-none-eabi-gcc -mcpu=cortex-m3 -mthumb -mfloat-abi=soft '-D__weak=__attribute__((weak))' -D__FPU_PRESENT '-D__packed="__attribute__((__packed__))"' -DUSE_HAL_DRIVER -DSTM32F103xB '-D__weak=__attribute__((weak))' '-D__packed=__attribute__((__packed__))' -DARM_MATH_CM4 -I"C:/Users/D203-02/Project/Reflow-Oven/STM32/PWM/Inc" -I"C:/Users/D203-02/Project/Reflow-Oven/STM32/PWM/Drivers/STM32F1xx_HAL_Driver/Inc" -I"C:/Users/D203-02/Project/Reflow-Oven/STM32/PWM/Drivers/STM32F1xx_HAL_Driver/Inc/Legacy" -I"C:/Users/D203-02/Project/Reflow-Oven/STM32/PWM/Drivers/CMSIS/Device/ST/STM32F1xx/Include" -I"C:/Users/D203-02/Project/Reflow-Oven/STM32/PWM/Drivers/CMSIS/Include"  -Og -g3 -Wall -fmessage-length=0 -ffunction-sections -c -fmessage-length=0 -MMD -MP -MF"Drivers/STM32F1xx_HAL_Driver/Src/stm32f1xx_hal_adc.d" -MT"Drivers/STM32F1xx_HAL_Driver/Src/stm32f1xx_hal_adc.o" -o "Drivers/STM32F1xx_HAL_Driver/Src/stm32f1xx_hal_adc.o" "../Drivers/STM32F1xx_HAL_Driver/Src/stm32f1xx_hal_adc.c"
<command-line>:0:0: warning: "__packed" redefined
<command-line>:0:0: note: this is the location of the previous definition
Finished building: ../Drivers/STM32F1xx_HAL_Driver/Src/stm32f1xx_hal_adc.c
 
Building file: ../Drivers/STM32F1xx_HAL_Driver/Src/stm32f1xx_hal_adc_ex.c
Invoking: MCU GCC Compiler
C:\Users\D203-02\Project\Reflow-Oven\STM32\PWM\Debug
arm-none-eabi-gcc -mcpu=cortex-m3 -mthumb -mfloat-abi=soft '-D__weak=__attribute__((weak))' -D__FPU_PRESENT '-D__packed="__attribute__((__packed__))"' -DUSE_HAL_DRIVER -DSTM32F103xB '-D__weak=__attribute__((weak))' '-D__packed=__attribute__((__packed__))' -DARM_MATH_CM4 -I"C:/Users/D203-02/Project/Reflow-Oven/STM32/PWM/Inc" -I"C:/Users/D203-02/Project/Reflow-Oven/STM32/PWM/Drivers/STM32F1xx_HAL_Driver/Inc" -I"C:/Users/D203-02/Project/Reflow-Oven/STM32/PWM/Drivers/STM32F1xx_HAL_Driver/Inc/Legacy" -I"C:/Users/D203-02/Project/Reflow-Oven/STM32/PWM/Drivers/CMSIS/Device/ST/STM32F1xx/Include" -I"C:/Users/D203-02/Project/Reflow-Oven/STM32/PWM/Drivers/CMSIS/Include"  -Og -g3 -Wall -fmessage-length=0 -ffunction-sections -c -fmessage-length=0 -MMD -MP -MF"Drivers/STM32F1xx_HAL_Driver/Src/stm32f1xx_hal_adc_ex.d" -MT"Drivers/STM32F1xx_HAL_Driver/Src/stm32f1xx_hal_adc_ex.o" -o "Drivers/STM32F1xx_HAL_Driver/Src/stm32f1xx_hal_adc_ex.o" "../Drivers/STM32F1xx_HAL_Driver/Src/stm32f1xx_hal_adc_ex.c"
<command-line>:0:0: warning: "__packed" redefined
<command-line>:0:0: note: this is the location of the previous definition
Finished building: ../Drivers/STM32F1xx_HAL_Driver/Src/stm32f1xx_hal_adc_ex.c
 
Building file: ../Drivers/STM32F1xx_HAL_Driver/Src/stm32f1xx_hal_cortex.c
Invoking: MCU GCC Compiler
C:\Users\D203-02\Project\Reflow-Oven\STM32\PWM\Debug
arm-none-eabi-gcc -mcpu=cortex-m3 -mthumb -mfloat-abi=soft '-D__weak=__attribute__((weak))' -D__FPU_PRESENT '-D__packed="__attribute__((__packed__))"' -DUSE_HAL_DRIVER -DSTM32F103xB '-D__weak=__attribute__((weak))' '-D__packed=__attribute__((__packed__))' -DARM_MATH_CM4 -I"C:/Users/D203-02/Project/Reflow-Oven/STM32/PWM/Inc" -I"C:/Users/D203-02/Project/Reflow-Oven/STM32/PWM/Drivers/STM32F1xx_HAL_Driver/Inc" -I"C:/Users/D203-02/Project/Reflow-Oven/STM32/PWM/Drivers/STM32F1xx_HAL_Driver/Inc/Legacy" -I"C:/Users/D203-02/Project/Reflow-Oven/STM32/PWM/Drivers/CMSIS/Device/ST/STM32F1xx/Include" -I"C:/Users/D203-02/Project/Reflow-Oven/STM32/PWM/Drivers/CMSIS/Include"  -Og -g3 -Wall -fmessage-length=0 -ffunction-sections -c -fmessage-length=0 -MMD -MP -MF"Drivers/STM32F1xx_HAL_Driver/Src/stm32f1xx_hal_cortex.d" -MT"Drivers/STM32F1xx_HAL_Driver/Src/stm32f1xx_hal_cortex.o" -o "Drivers/STM32F1xx_HAL_Driver/Src/stm32f1xx_hal_cortex.o" "../Drivers/STM32F1xx_HAL_Driver/Src/stm32f1xx_hal_cortex.c"
<command-line>:0:0: warning: "__packed" redefined
<command-line>:0:0: note: this is the location of the previous definition
Finished building: ../Drivers/STM32F1xx_HAL_Driver/Src/stm32f1xx_hal_cortex.c
 
Building file: ../Drivers/STM32F1xx_HAL_Driver/Src/stm32f1xx_hal_dma.c
Invoking: MCU GCC Compiler
C:\Users\D203-02\Project\Reflow-Oven\STM32\PWM\Debug
arm-none-eabi-gcc -mcpu=cortex-m3 -mthumb -mfloat-abi=soft '-D__weak=__attribute__((weak))' -D__FPU_PRESENT '-D__packed="__attribute__((__packed__))"' -DUSE_HAL_DRIVER -DSTM32F103xB '-D__weak=__attribute__((weak))' '-D__packed=__attribute__((__packed__))' -DARM_MATH_CM4 -I"C:/Users/D203-02/Project/Reflow-Oven/STM32/PWM/Inc" -I"C:/Users/D203-02/Project/Reflow-Oven/STM32/PWM/Drivers/STM32F1xx_HAL_Driver/Inc" -I"C:/Users/D203-02/Project/Reflow-Oven/STM32/PWM/Drivers/STM32F1xx_HAL_Driver/Inc/Legacy" -I"C:/Users/D203-02/Project/Reflow-Oven/STM32/PWM/Drivers/CMSIS/Device/ST/STM32F1xx/Include" -I"C:/Users/D203-02/Project/Reflow-Oven/STM32/PWM/Drivers/CMSIS/Include"  -Og -g3 -Wall -fmessage-length=0 -ffunction-sections -c -fmessage-length=0 -MMD -MP -MF"Drivers/STM32F1xx_HAL_Driver/Src/stm32f1xx_hal_dma.d" -MT"Drivers/STM32F1xx_HAL_Driver/Src/stm32f1xx_hal_dma.o" -o "Drivers/STM32F1xx_HAL_Driver/Src/stm32f1xx_hal_dma.o" "../Drivers/STM32F1xx_HAL_Driver/Src/stm32f1xx_hal_dma.c"
<command-line>:0:0: warning: "__packed" redefined
<command-line>:0:0: note: this is the location of the previous definition
Finished building: ../Drivers/STM32F1xx_HAL_Driver/Src/stm32f1xx_hal_dma.c
 
Building file: ../Drivers/STM32F1xx_HAL_Driver/Src/stm32f1xx_hal_flash.c
Invoking: MCU GCC Compiler
C:\Users\D203-02\Project\Reflow-Oven\STM32\PWM\Debug
arm-none-eabi-gcc -mcpu=cortex-m3 -mthumb -mfloat-abi=soft '-D__weak=__attribute__((weak))' -D__FPU_PRESENT '-D__packed="__attribute__((__packed__))"' -DUSE_HAL_DRIVER -DSTM32F103xB '-D__weak=__attribute__((weak))' '-D__packed=__attribute__((__packed__))' -DARM_MATH_CM4 -I"C:/Users/D203-02/Project/Reflow-Oven/STM32/PWM/Inc" -I"C:/Users/D203-02/Project/Reflow-Oven/STM32/PWM/Drivers/STM32F1xx_HAL_Driver/Inc" -I"C:/Users/D203-02/Project/Reflow-Oven/STM32/PWM/Drivers/STM32F1xx_HAL_Driver/Inc/Legacy" -I"C:/Users/D203-02/Project/Reflow-Oven/STM32/PWM/Drivers/CMSIS/Device/ST/STM32F1xx/Include" -I"C:/Users/D203-02/Project/Reflow-Oven/STM32/PWM/Drivers/CMSIS/Include"  -Og -g3 -Wall -fmessage-length=0 -ffunction-sections -c -fmessage-length=0 -MMD -MP -MF"Drivers/STM32F1xx_HAL_Driver/Src/stm32f1xx_hal_flash.d" -MT"Drivers/STM32F1xx_HAL_Driver/Src/stm32f1xx_hal_flash.o" -o "Drivers/STM32F1xx_HAL_Driver/Src/stm32f1xx_hal_flash.o" "../Drivers/STM32F1xx_HAL_Driver/Src/stm32f1xx_hal_flash.c"
<command-line>:0:0: warning: "__packed" redefined
<command-line>:0:0: note: this is the location of the previous definition
Finished building: ../Drivers/STM32F1xx_HAL_Driver/Src/stm32f1xx_hal_flash.c
 
Building file: ../Drivers/STM32F1xx_HAL_Driver/Src/stm32f1xx_hal_flash_ex.c
Invoking: MCU GCC Compiler
C:\Users\D203-02\Project\Reflow-Oven\STM32\PWM\Debug
arm-none-eabi-gcc -mcpu=cortex-m3 -mthumb -mfloat-abi=soft '-D__weak=__attribute__((weak))' -D__FPU_PRESENT '-D__packed="__attribute__((__packed__))"' -DUSE_HAL_DRIVER -DSTM32F103xB '-D__weak=__attribute__((weak))' '-D__packed=__attribute__((__packed__))' -DARM_MATH_CM4 -I"C:/Users/D203-02/Project/Reflow-Oven/STM32/PWM/Inc" -I"C:/Users/D203-02/Project/Reflow-Oven/STM32/PWM/Drivers/STM32F1xx_HAL_Driver/Inc" -I"C:/Users/D203-02/Project/Reflow-Oven/STM32/PWM/Drivers/STM32F1xx_HAL_Driver/Inc/Legacy" -I"C:/Users/D203-02/Project/Reflow-Oven/STM32/PWM/Drivers/CMSIS/Device/ST/STM32F1xx/Include" -I"C:/Users/D203-02/Project/Reflow-Oven/STM32/PWM/Drivers/CMSIS/Include"  -Og -g3 -Wall -fmessage-length=0 -ffunction-sections -c -fmessage-length=0 -MMD -MP -MF"Drivers/STM32F1xx_HAL_Driver/Src/stm32f1xx_hal_flash_ex.d" -MT"Drivers/STM32F1xx_HAL_Driver/Src/stm32f1xx_hal_flash_ex.o" -o "Drivers/STM32F1xx_HAL_Driver/Src/stm32f1xx_hal_flash_ex.o" "../Drivers/STM32F1xx_HAL_Driver/Src/stm32f1xx_hal_flash_ex.c"
<command-line>:0:0: warning: "__packed" redefined
<command-line>:0:0: note: this is the location of the previous definition
Finished building: ../Drivers/STM32F1xx_HAL_Driver/Src/stm32f1xx_hal_flash_ex.c
 
Building file: ../Drivers/STM32F1xx_HAL_Driver/Src/stm32f1xx_hal_gpio.c
Invoking: MCU GCC Compiler
C:\Users\D203-02\Project\Reflow-Oven\STM32\PWM\Debug
arm-none-eabi-gcc -mcpu=cortex-m3 -mthumb -mfloat-abi=soft '-D__weak=__attribute__((weak))' -D__FPU_PRESENT '-D__packed="__attribute__((__packed__))"' -DUSE_HAL_DRIVER -DSTM32F103xB '-D__weak=__attribute__((weak))' '-D__packed=__attribute__((__packed__))' -DARM_MATH_CM4 -I"C:/Users/D203-02/Project/Reflow-Oven/STM32/PWM/Inc" -I"C:/Users/D203-02/Project/Reflow-Oven/STM32/PWM/Drivers/STM32F1xx_HAL_Driver/Inc" -I"C:/Users/D203-02/Project/Reflow-Oven/STM32/PWM/Drivers/STM32F1xx_HAL_Driver/Inc/Legacy" -I"C:/Users/D203-02/Project/Reflow-Oven/STM32/PWM/Drivers/CMSIS/Device/ST/STM32F1xx/Include" -I"C:/Users/D203-02/Project/Reflow-Oven/STM32/PWM/Drivers/CMSIS/Include"  -Og -g3 -Wall -fmessage-length=0 -ffunction-sections -c -fmessage-length=0 -MMD -MP -MF"Drivers/STM32F1xx_HAL_Driver/Src/stm32f1xx_hal_gpio.d" -MT"Drivers/STM32F1xx_HAL_Driver/Src/stm32f1xx_hal_gpio.o" -o "Drivers/STM32F1xx_HAL_Driver/Src/stm32f1xx_hal_gpio.o" "../Drivers/STM32F1xx_HAL_Driver/Src/stm32f1xx_hal_gpio.c"
<command-line>:0:0: warning: "__packed" redefined
<command-line>:0:0: note: this is the location of the previous definition
Finished building: ../Drivers/STM32F1xx_HAL_Driver/Src/stm32f1xx_hal_gpio.c
 
Building file: ../Drivers/STM32F1xx_HAL_Driver/Src/stm32f1xx_hal_gpio_ex.c
Invoking: MCU GCC Compiler
C:\Users\D203-02\Project\Reflow-Oven\STM32\PWM\Debug
arm-none-eabi-gcc -mcpu=cortex-m3 -mthumb -mfloat-abi=soft '-D__weak=__attribute__((weak))' -D__FPU_PRESENT '-D__packed="__attribute__((__packed__))"' -DUSE_HAL_DRIVER -DSTM32F103xB '-D__weak=__attribute__((weak))' '-D__packed=__attribute__((__packed__))' -DARM_MATH_CM4 -I"C:/Users/D203-02/Project/Reflow-Oven/STM32/PWM/Inc" -I"C:/Users/D203-02/Project/Reflow-Oven/STM32/PWM/Drivers/STM32F1xx_HAL_Driver/Inc" -I"C:/Users/D203-02/Project/Reflow-Oven/STM32/PWM/Drivers/STM32F1xx_HAL_Driver/Inc/Legacy" -I"C:/Users/D203-02/Project/Reflow-Oven/STM32/PWM/Drivers/CMSIS/Device/ST/STM32F1xx/Include" -I"C:/Users/D203-02/Project/Reflow-Oven/STM32/PWM/Drivers/CMSIS/Include"  -Og -g3 -Wall -fmessage-length=0 -ffunction-sections -c -fmessage-length=0 -MMD -MP -MF"Drivers/STM32F1xx_HAL_Driver/Src/stm32f1xx_hal_gpio_ex.d" -MT"Drivers/STM32F1xx_HAL_Driver/Src/stm32f1xx_hal_gpio_ex.o" -o "Drivers/STM32F1xx_HAL_Driver/Src/stm32f1xx_hal_gpio_ex.o" "../Drivers/STM32F1xx_HAL_Driver/Src/stm32f1xx_hal_gpio_ex.c"
<command-line>:0:0: warning: "__packed" redefined
<command-line>:0:0: note: this is the location of the previous definition
Finished building: ../Drivers/STM32F1xx_HAL_Driver/Src/stm32f1xx_hal_gpio_ex.c
 
Building file: ../Drivers/STM32F1xx_HAL_Driver/Src/stm32f1xx_hal_pwr.c
Invoking: MCU GCC Compiler
C:\Users\D203-02\Project\Reflow-Oven\STM32\PWM\Debug
arm-none-eabi-gcc -mcpu=cortex-m3 -mthumb -mfloat-abi=soft '-D__weak=__attribute__((weak))' -D__FPU_PRESENT '-D__packed="__attribute__((__packed__))"' -DUSE_HAL_DRIVER -DSTM32F103xB '-D__weak=__attribute__((weak))' '-D__packed=__attribute__((__packed__))' -DARM_MATH_CM4 -I"C:/Users/D203-02/Project/Reflow-Oven/STM32/PWM/Inc" -I"C:/Users/D203-02/Project/Reflow-Oven/STM32/PWM/Drivers/STM32F1xx_HAL_Driver/Inc" -I"C:/Users/D203-02/Project/Reflow-Oven/STM32/PWM/Drivers/STM32F1xx_HAL_Driver/Inc/Legacy" -I"C:/Users/D203-02/Project/Reflow-Oven/STM32/PWM/Drivers/CMSIS/Device/ST/STM32F1xx/Include" -I"C:/Users/D203-02/Project/Reflow-Oven/STM32/PWM/Drivers/CMSIS/Include"  -Og -g3 -Wall -fmessage-length=0 -ffunction-sections -c -fmessage-length=0 -MMD -MP -MF"Drivers/STM32F1xx_HAL_Driver/Src/stm32f1xx_hal_pwr.d" -MT"Drivers/STM32F1xx_HAL_Driver/Src/stm32f1xx_hal_pwr.o" -o "Drivers/STM32F1xx_HAL_Driver/Src/stm32f1xx_hal_pwr.o" "../Drivers/STM32F1xx_HAL_Driver/Src/stm32f1xx_hal_pwr.c"
<command-line>:0:0: warning: "__packed" redefined
<command-line>:0:0: note: this is the location of the previous definition
Finished building: ../Drivers/STM32F1xx_HAL_Driver/Src/stm32f1xx_hal_pwr.c
 
Building file: ../Drivers/STM32F1xx_HAL_Driver/Src/stm32f1xx_hal_rcc.c
Invoking: MCU GCC Compiler
C:\Users\D203-02\Project\Reflow-Oven\STM32\PWM\Debug
arm-none-eabi-gcc -mcpu=cortex-m3 -mthumb -mfloat-abi=soft '-D__weak=__attribute__((weak))' -D__FPU_PRESENT '-D__packed="__attribute__((__packed__))"' -DUSE_HAL_DRIVER -DSTM32F103xB '-D__weak=__attribute__((weak))' '-D__packed=__attribute__((__packed__))' -DARM_MATH_CM4 -I"C:/Users/D203-02/Project/Reflow-Oven/STM32/PWM/Inc" -I"C:/Users/D203-02/Project/Reflow-Oven/STM32/PWM/Drivers/STM32F1xx_HAL_Driver/Inc" -I"C:/Users/D203-02/Project/Reflow-Oven/STM32/PWM/Drivers/STM32F1xx_HAL_Driver/Inc/Legacy" -I"C:/Users/D203-02/Project/Reflow-Oven/STM32/PWM/Drivers/CMSIS/Device/ST/STM32F1xx/Include" -I"C:/Users/D203-02/Project/Reflow-Oven/STM32/PWM/Drivers/CMSIS/Include"  -Og -g3 -Wall -fmessage-length=0 -ffunction-sections -c -fmessage-length=0 -MMD -MP -MF"Drivers/STM32F1xx_HAL_Driver/Src/stm32f1xx_hal_rcc.d" -MT"Drivers/STM32F1xx_HAL_Driver/Src/stm32f1xx_hal_rcc.o" -o "Drivers/STM32F1xx_HAL_Driver/Src/stm32f1xx_hal_rcc.o" "../Drivers/STM32F1xx_HAL_Driver/Src/stm32f1xx_hal_rcc.c"
<command-line>:0:0: warning: "__packed" redefined
<command-line>:0:0: note: this is the location of the previous definition
Finished building: ../Drivers/STM32F1xx_HAL_Driver/Src/stm32f1xx_hal_rcc.c
 
Building file: ../Drivers/STM32F1xx_HAL_Driver/Src/stm32f1xx_hal_rcc_ex.c
Invoking: MCU GCC Compiler
C:\Users\D203-02\Project\Reflow-Oven\STM32\PWM\Debug
arm-none-eabi-gcc -mcpu=cortex-m3 -mthumb -mfloat-abi=soft '-D__weak=__attribute__((weak))' -D__FPU_PRESENT '-D__packed="__attribute__((__packed__))"' -DUSE_HAL_DRIVER -DSTM32F103xB '-D__weak=__attribute__((weak))' '-D__packed=__attribute__((__packed__))' -DARM_MATH_CM4 -I"C:/Users/D203-02/Project/Reflow-Oven/STM32/PWM/Inc" -I"C:/Users/D203-02/Project/Reflow-Oven/STM32/PWM/Drivers/STM32F1xx_HAL_Driver/Inc" -I"C:/Users/D203-02/Project/Reflow-Oven/STM32/PWM/Drivers/STM32F1xx_HAL_Driver/Inc/Legacy" -I"C:/Users/D203-02/Project/Reflow-Oven/STM32/PWM/Drivers/CMSIS/Device/ST/STM32F1xx/Include" -I"C:/Users/D203-02/Project/Reflow-Oven/STM32/PWM/Drivers/CMSIS/Include"  -Og -g3 -Wall -fmessage-length=0 -ffunction-sections -c -fmessage-length=0 -MMD -MP -MF"Drivers/STM32F1xx_HAL_Driver/Src/stm32f1xx_hal_rcc_ex.d" -MT"Drivers/STM32F1xx_HAL_Driver/Src/stm32f1xx_hal_rcc_ex.o" -o "Drivers/STM32F1xx_HAL_Driver/Src/stm32f1xx_hal_rcc_ex.o" "../Drivers/STM32F1xx_HAL_Driver/Src/stm32f1xx_hal_rcc_ex.c"
<command-line>:0:0: warning: "__packed" redefined
<command-line>:0:0: note: this is the location of the previous definition
Finished building: ../Drivers/STM32F1xx_HAL_Driver/Src/stm32f1xx_hal_rcc_ex.c
 
Building file: ../Drivers/STM32F1xx_HAL_Driver/Src/stm32f1xx_hal_tim.c
Invoking: MCU GCC Compiler
C:\Users\D203-02\Project\Reflow-Oven\STM32\PWM\Debug
arm-none-eabi-gcc -mcpu=cortex-m3 -mthumb -mfloat-abi=soft '-D__weak=__attribute__((weak))' -D__FPU_PRESENT '-D__packed="__attribute__((__packed__))"' -DUSE_HAL_DRIVER -DSTM32F103xB '-D__weak=__attribute__((weak))' '-D__packed=__attribute__((__packed__))' -DARM_MATH_CM4 -I"C:/Users/D203-02/Project/Reflow-Oven/STM32/PWM/Inc" -I"C:/Users/D203-02/Project/Reflow-Oven/STM32/PWM/Drivers/STM32F1xx_HAL_Driver/Inc" -I"C:/Users/D203-02/Project/Reflow-Oven/STM32/PWM/Drivers/STM32F1xx_HAL_Driver/Inc/Legacy" -I"C:/Users/D203-02/Project/Reflow-Oven/STM32/PWM/Drivers/CMSIS/Device/ST/STM32F1xx/Include" -I"C:/Users/D203-02/Project/Reflow-Oven/STM32/PWM/Drivers/CMSIS/Include"  -Og -g3 -Wall -fmessage-length=0 -ffunction-sections -c -fmessage-length=0 -MMD -MP -MF"Drivers/STM32F1xx_HAL_Driver/Src/stm32f1xx_hal_tim.d" -MT"Drivers/STM32F1xx_HAL_Driver/Src/stm32f1xx_hal_tim.o" -o "Drivers/STM32F1xx_HAL_Driver/Src/stm32f1xx_hal_tim.o" "../Drivers/STM32F1xx_HAL_Driver/Src/stm32f1xx_hal_tim.c"
<command-line>:0:0: warning: "__packed" redefined
<command-line>:0:0: note: this is the location of the previous definition
Finished building: ../Drivers/STM32F1xx_HAL_Driver/Src/stm32f1xx_hal_tim.c
 
Building file: ../Drivers/STM32F1xx_HAL_Driver/Src/stm32f1xx_hal_tim_ex.c
Invoking: MCU GCC Compiler
C:\Users\D203-02\Project\Reflow-Oven\STM32\PWM\Debug
arm-none-eabi-gcc -mcpu=cortex-m3 -mthumb -mfloat-abi=soft '-D__weak=__attribute__((weak))' -D__FPU_PRESENT '-D__packed="__attribute__((__packed__))"' -DUSE_HAL_DRIVER -DSTM32F103xB '-D__weak=__attribute__((weak))' '-D__packed=__attribute__((__packed__))' -DARM_MATH_CM4 -I"C:/Users/D203-02/Project/Reflow-Oven/STM32/PWM/Inc" -I"C:/Users/D203-02/Project/Reflow-Oven/STM32/PWM/Drivers/STM32F1xx_HAL_Driver/Inc" -I"C:/Users/D203-02/Project/Reflow-Oven/STM32/PWM/Drivers/STM32F1xx_HAL_Driver/Inc/Legacy" -I"C:/Users/D203-02/Project/Reflow-Oven/STM32/PWM/Drivers/CMSIS/Device/ST/STM32F1xx/Include" -I"C:/Users/D203-02/Project/Reflow-Oven/STM32/PWM/Drivers/CMSIS/Include"  -Og -g3 -Wall -fmessage-length=0 -ffunction-sections -c -fmessage-length=0 -MMD -MP -MF"Drivers/STM32F1xx_HAL_Driver/Src/stm32f1xx_hal_tim_ex.d" -MT"Drivers/STM32F1xx_HAL_Driver/Src/stm32f1xx_hal_tim_ex.o" -o "Drivers/STM32F1xx_HAL_Driver/Src/stm32f1xx_hal_tim_ex.o" "../Drivers/STM32F1xx_HAL_Driver/Src/stm32f1xx_hal_tim_ex.c"
<command-line>:0:0: warning: "__packed" redefined
<command-line>:0:0: note: this is the location of the previous definition
Finished building: ../Drivers/STM32F1xx_HAL_Driver/Src/stm32f1xx_hal_tim_ex.c
 
Building target: PWM.elf
Invoking: MCU GCC Linker
arm-none-eabi-gcc -mcpu=cortex-m3 -mthumb -mfloat-abi=soft -L"C:\Ac6\SystemWorkbench\/../CMSIS/Lib/GCC" -L"\pack\2.1.14\Libraries\CMS IS\Lib\GCC" -specs=nosys.specs -specs=nano.specs -T"../STM32F103C8Tx_FLASH.ld" -Wl,-Map=output.map -Wl,--gc-sections -o "PWM.elf" @"objects.list"   -lm
Finished building target: PWM.elf
 
make --no-print-directory post-build
Generating hex and Printing size information:
arm-none-eabi-objcopy -O ihex "PWM.elf" "PWM.hex"
arm-none-eabi-size "PWM.elf"
   text	   data	    bss	    dec	    hex	filename
  12136	     32	   2000	  14168	   3758	PWM.elf
 
14:08:35 **** Incremental Build of configuration Debug for project PWM ****
make all 
Building file: ../Src/main.c
Invoking: MCU GCC Compiler
C:\Users\D203-02\Project\Reflow-Oven\STM32\PWM\Debug
arm-none-eabi-gcc -mcpu=cortex-m3 -mthumb -mfloat-abi=soft '-D__weak=__attribute__((weak))' -D__FPU_PRESENT '-D__packed="__attribute__((__packed__))"' -DUSE_HAL_DRIVER -DSTM32F103xB '-D__weak=__attribute__((weak))' '-D__packed=__attribute__((__packed__))' -DARM_MATH_CM4 -I"C:/Users/D203-02/Project/Reflow-Oven/STM32/PWM/Inc" -I"C:/Users/D203-02/Project/Reflow-Oven/STM32/PWM/Drivers/STM32F1xx_HAL_Driver/Inc" -I"C:/Users/D203-02/Project/Reflow-Oven/STM32/PWM/Drivers/STM32F1xx_HAL_Driver/Inc/Legacy" -I"C:/Users/D203-02/Project/Reflow-Oven/STM32/PWM/Drivers/CMSIS/Device/ST/STM32F1xx/Include" -I"C:/Users/D203-02/Project/Reflow-Oven/STM32/PWM/Drivers/CMSIS/Include"  -Og -g3 -Wall -fmessage-length=0 -ffunction-sections -c -fmessage-length=0 -MMD -MP -MF"Src/main.d" -MT"Src/main.o" -o "Src/main.o" "../Src/main.c"
<command-line>:0:0: warning: "__packed" redefined
<command-line>:0:0: note: this is the location of the previous definition
Finished building: ../Src/main.c
 
Building target: PWM.elf
Invoking: MCU GCC Linker
arm-none-eabi-gcc -mcpu=cortex-m3 -mthumb -mfloat-abi=soft -L"C:\Ac6\SystemWorkbench\/../CMSIS/Lib/GCC" -L"\pack\2.1.14\Libraries\CMS IS\Lib\GCC" -specs=nosys.specs -specs=nano.specs -T"../STM32F103C8Tx_FLASH.ld" -Wl,-Map=output.map -Wl,--gc-sections -o "PWM.elf" @"objects.list"   -lm
Finished building target: PWM.elf
 
make --no-print-directory post-build
Generating hex and Printing size information:
arm-none-eabi-objcopy -O ihex "PWM.elf" "PWM.hex"
arm-none-eabi-size "PWM.elf"
   text	   data	    bss	    dec	    hex	filename
  12136	     32	   2000	  14168	   3758	PWM.elf
 
14:24:24 **** Incremental Build of configuration Debug for project PWM ****
make all 
Building file: ../Src/main.c
Invoking: MCU GCC Compiler
C:\Users\D203-02\Project\Reflow-Oven\STM32\PWM\Debug
arm-none-eabi-gcc -mcpu=cortex-m3 -mthumb -mfloat-abi=soft '-D__weak=__attribute__((weak))' -D__FPU_PRESENT '-D__packed="__attribute__((__packed__))"' -DUSE_HAL_DRIVER -DSTM32F103xB '-D__weak=__attribute__((weak))' '-D__packed=__attribute__((__packed__))' -DARM_MATH_CM4 -I"C:/Users/D203-02/Project/Reflow-Oven/STM32/PWM/Inc" -I"C:/Users/D203-02/Project/Reflow-Oven/STM32/PWM/Drivers/STM32F1xx_HAL_Driver/Inc" -I"C:/Users/D203-02/Project/Reflow-Oven/STM32/PWM/Drivers/STM32F1xx_HAL_Driver/Inc/Legacy" -I"C:/Users/D203-02/Project/Reflow-Oven/STM32/PWM/Drivers/CMSIS/Device/ST/STM32F1xx/Include" -I"C:/Users/D203-02/Project/Reflow-Oven/STM32/PWM/Drivers/CMSIS/Include"  -Og -g3 -Wall -fmessage-length=0 -ffunction-sections -c -fmessage-length=0 -MMD -MP -MF"Src/main.d" -MT"Src/main.o" -o "Src/main.o" "../Src/main.c"
<command-line>:0:0: warning: "__packed" redefined
<command-line>:0:0: note: this is the location of the previous definition
Finished building: ../Src/main.c
 
Building target: PWM.elf
Invoking: MCU GCC Linker
arm-none-eabi-gcc -mcpu=cortex-m3 -mthumb -mfloat-abi=soft -L"C:\Ac6\SystemWorkbench\/../CMSIS/Lib/GCC" -L"\pack\2.1.14\Libraries\CMS IS\Lib\GCC" -specs=nosys.specs -specs=nano.specs -T"../STM32F103C8Tx_FLASH.ld" -Wl,-Map=output.map -Wl,--gc-sections -o "PWM.elf" @"objects.list"   -lm
Finished building target: PWM.elf
 
make --no-print-directory post-build
Generating hex and Printing size information:
arm-none-eabi-objcopy -O ihex "PWM.elf" "PWM.hex"
arm-none-eabi-size "PWM.elf"
   text	   data	    bss	    dec	    hex	filename
  12180	     32	   2000	  14212	   3784	PWM.elf
 
14:25:48 **** Incremental Build of configuration Debug for project PWM ****
make all 
Building file: ../Src/main.c
Invoking: MCU GCC Compiler
C:\Users\D203-02\Project\Reflow-Oven\STM32\PWM\Debug
arm-none-eabi-gcc -mcpu=cortex-m3 -mthumb -mfloat-abi=soft '-D__weak=__attribute__((weak))' -D__FPU_PRESENT '-D__packed="__attribute__((__packed__))"' -DUSE_HAL_DRIVER -DSTM32F103xB '-D__weak=__attribute__((weak))' '-D__packed=__attribute__((__packed__))' -DARM_MATH_CM4 -I"C:/Users/D203-02/Project/Reflow-Oven/STM32/PWM/Inc" -I"C:/Users/D203-02/Project/Reflow-Oven/STM32/PWM/Drivers/STM32F1xx_HAL_Driver/Inc" -I"C:/Users/D203-02/Project/Reflow-Oven/STM32/PWM/Drivers/STM32F1xx_HAL_Driver/Inc/Legacy" -I"C:/Users/D203-02/Project/Reflow-Oven/STM32/PWM/Drivers/CMSIS/Device/ST/STM32F1xx/Include" -I"C:/Users/D203-02/Project/Reflow-Oven/STM32/PWM/Drivers/CMSIS/Include"  -Og -g3 -Wall -fmessage-length=0 -ffunction-sections -c -fmessage-length=0 -MMD -MP -MF"Src/main.d" -MT"Src/main.o" -o "Src/main.o" "../Src/main.c"
<command-line>:0:0: warning: "__packed" redefined
<command-line>:0:0: note: this is the location of the previous definition
Finished building: ../Src/main.c
 
Building target: PWM.elf
Invoking: MCU GCC Linker
arm-none-eabi-gcc -mcpu=cortex-m3 -mthumb -mfloat-abi=soft -L"C:\Ac6\SystemWorkbench\/../CMSIS/Lib/GCC" -L"\pack\2.1.14\Libraries\CMS IS\Lib\GCC" -specs=nosys.specs -specs=nano.specs -T"../STM32F103C8Tx_FLASH.ld" -Wl,-Map=output.map -Wl,--gc-sections -o "PWM.elf" @"objects.list"   -lm
Finished building target: PWM.elf
 
make --no-print-directory post-build
Generating hex and Printing size information:
arm-none-eabi-objcopy -O ihex "PWM.elf" "PWM.hex"
arm-none-eabi-size "PWM.elf"
   text	   data	    bss	    dec	    hex	filename
  12124	     32	   2000	  14156	   374c	PWM.elf
 
14:27:45 **** Incremental Build of configuration Debug for project PWM ****
make all 
make: Nothing to be done for 'all'.
14:28:56 **** Incremental Build of configuration Debug for project PWM ****
make all 
Building file: ../Src/main.c
Invoking: MCU GCC Compiler
C:\Users\D203-02\Project\Reflow-Oven\STM32\PWM\Debug
arm-none-eabi-gcc -mcpu=cortex-m3 -mthumb -mfloat-abi=soft '-D__weak=__attribute__((weak))' -D__FPU_PRESENT '-D__packed="__attribute__((__packed__))"' -DUSE_HAL_DRIVER -DSTM32F103xB '-D__weak=__attribute__((weak))' '-D__packed=__attribute__((__packed__))' -DARM_MATH_CM4 -I"C:/Users/D203-02/Project/Reflow-Oven/STM32/PWM/Inc" -I"C:/Users/D203-02/Project/Reflow-Oven/STM32/PWM/Drivers/STM32F1xx_HAL_Driver/Inc" -I"C:/Users/D203-02/Project/Reflow-Oven/STM32/PWM/Drivers/STM32F1xx_HAL_Driver/Inc/Legacy" -I"C:/Users/D203-02/Project/Reflow-Oven/STM32/PWM/Drivers/CMSIS/Device/ST/STM32F1xx/Include" -I"C:/Users/D203-02/Project/Reflow-Oven/STM32/PWM/Drivers/CMSIS/Include"  -Og -g3 -Wall -fmessage-length=0 -ffunction-sections -c -fmessage-length=0 -MMD -MP -MF"Src/main.d" -MT"Src/main.o" -o "Src/main.o" "../Src/main.c"
<command-line>:0:0: warning: "__packed" redefined
<command-line>:0:0: note: this is the location of the previous definition
Finished building: ../Src/main.c
 
Building target: PWM.elf
Invoking: MCU GCC Linker
arm-none-eabi-gcc -mcpu=cortex-m3 -mthumb -mfloat-abi=soft -L"C:\Ac6\SystemWorkbench\/../CMSIS/Lib/GCC" -L"\pack\2.1.14\Libraries\CMS IS\Lib\GCC" -specs=nosys.specs -specs=nano.specs -T"../STM32F103C8Tx_FLASH.ld" -Wl,-Map=output.map -Wl,--gc-sections -o "PWM.elf" @"objects.list"   -lm
Finished building target: PWM.elf
 
make --no-print-directory post-build
Generating hex and Printing size information:
arm-none-eabi-objcopy -O ihex "PWM.elf" "PWM.hex"
arm-none-eabi-size "PWM.elf"
   text	   data	    bss	    dec	    hex	filename
  12180	     32	   2000	  14212	   3784	PWM.elf
 
14:29:18 **** Incremental Build of configuration Debug for project PWM ****
make all 
Building file: ../Src/main.c
Invoking: MCU GCC Compiler
C:\Users\D203-02\Project\Reflow-Oven\STM32\PWM\Debug
arm-none-eabi-gcc -mcpu=cortex-m3 -mthumb -mfloat-abi=soft '-D__weak=__attribute__((weak))' -D__FPU_PRESENT '-D__packed="__attribute__((__packed__))"' -DUSE_HAL_DRIVER -DSTM32F103xB '-D__weak=__attribute__((weak))' '-D__packed=__attribute__((__packed__))' -DARM_MATH_CM4 -I"C:/Users/D203-02/Project/Reflow-Oven/STM32/PWM/Inc" -I"C:/Users/D203-02/Project/Reflow-Oven/STM32/PWM/Drivers/STM32F1xx_HAL_Driver/Inc" -I"C:/Users/D203-02/Project/Reflow-Oven/STM32/PWM/Drivers/STM32F1xx_HAL_Driver/Inc/Legacy" -I"C:/Users/D203-02/Project/Reflow-Oven/STM32/PWM/Drivers/CMSIS/Device/ST/STM32F1xx/Include" -I"C:/Users/D203-02/Project/Reflow-Oven/STM32/PWM/Drivers/CMSIS/Include"  -Og -g3 -Wall -fmessage-length=0 -ffunction-sections -c -fmessage-length=0 -MMD -MP -MF"Src/main.d" -MT"Src/main.o" -o "Src/main.o" "../Src/main.c"
<command-line>:0:0: warning: "__packed" redefined
<command-line>:0:0: note: this is the location of the previous definition
Finished building: ../Src/main.c
 
Building target: PWM.elf
Invoking: MCU GCC Linker
arm-none-eabi-gcc -mcpu=cortex-m3 -mthumb -mfloat-abi=soft -L"C:\Ac6\SystemWorkbench\/../CMSIS/Lib/GCC" -L"\pack\2.1.14\Libraries\CMS IS\Lib\GCC" -specs=nosys.specs -specs=nano.specs -T"../STM32F103C8Tx_FLASH.ld" -Wl,-Map=output.map -Wl,--gc-sections -o "PWM.elf" @"objects.list"   -lm
Finished building target: PWM.elf
 
make --no-print-directory post-build
Generating hex and Printing size information:
arm-none-eabi-objcopy -O ihex "PWM.elf" "PWM.hex"
arm-none-eabi-size "PWM.elf"
   text	   data	    bss	    dec	    hex	filename
  12180	     32	   2000	  14212	   3784	PWM.elf
 
14:46:05 **** Incremental Build of configuration Debug for project PWM ****
make all 
Building file: ../Src/main.c
Invoking: MCU GCC Compiler
C:\Users\D203-02\Project\Reflow-Oven\STM32\PWM\Debug
arm-none-eabi-gcc -mcpu=cortex-m3 -mthumb -mfloat-abi=soft '-D__weak=__attribute__((weak))' -D__FPU_PRESENT '-D__packed="__attribute__((__packed__))"' -DUSE_HAL_DRIVER -DSTM32F103xB '-D__weak=__attribute__((weak))' '-D__packed=__attribute__((__packed__))' -DARM_MATH_CM4 -I"C:/Users/D203-02/Project/Reflow-Oven/STM32/PWM/Inc" -I"C:/Users/D203-02/Project/Reflow-Oven/STM32/PWM/Drivers/STM32F1xx_HAL_Driver/Inc" -I"C:/Users/D203-02/Project/Reflow-Oven/STM32/PWM/Drivers/STM32F1xx_HAL_Driver/Inc/Legacy" -I"C:/Users/D203-02/Project/Reflow-Oven/STM32/PWM/Drivers/CMSIS/Device/ST/STM32F1xx/Include" -I"C:/Users/D203-02/Project/Reflow-Oven/STM32/PWM/Drivers/CMSIS/Include"  -Og -g3 -Wall -fmessage-length=0 -ffunction-sections -c -fmessage-length=0 -MMD -MP -MF"Src/main.d" -MT"Src/main.o" -o "Src/main.o" "../Src/main.c"
<command-line>:0:0: warning: "__packed" redefined
<command-line>:0:0: note: this is the location of the previous definition
Finished building: ../Src/main.c
 
Building target: PWM.elf
Invoking: MCU GCC Linker
arm-none-eabi-gcc -mcpu=cortex-m3 -mthumb -mfloat-abi=soft -L"C:\Ac6\SystemWorkbench\/../CMSIS/Lib/GCC" -L"\pack\2.1.14\Libraries\CMS IS\Lib\GCC" -specs=nosys.specs -specs=nano.specs -T"../STM32F103C8Tx_FLASH.ld" -Wl,-Map=output.map -Wl,--gc-sections -o "PWM.elf" @"objects.list"   -lm
Finished building target: PWM.elf
 
make --no-print-directory post-build
Generating hex and Printing size information:
arm-none-eabi-objcopy -O ihex "PWM.elf" "PWM.hex"
arm-none-eabi-size "PWM.elf"
   text	   data	    bss	    dec	    hex	filename
  11036	     32	   2000	  13068	   330c	PWM.elf
 
14:50:18 **** Incremental Build of configuration Debug for project PWM ****
make all 
Building file: ../Src/main.c
Invoking: MCU GCC Compiler
C:\Users\D203-02\Project\Reflow-Oven\STM32\PWM\Debug
arm-none-eabi-gcc -mcpu=cortex-m3 -mthumb -mfloat-abi=soft '-D__weak=__attribute__((weak))' -D__FPU_PRESENT '-D__packed="__attribute__((__packed__))"' -DUSE_HAL_DRIVER -DSTM32F103xB '-D__weak=__attribute__((weak))' '-D__packed=__attribute__((__packed__))' -DARM_MATH_CM4 -I"C:/Users/D203-02/Project/Reflow-Oven/STM32/PWM/Inc" -I"C:/Users/D203-02/Project/Reflow-Oven/STM32/PWM/Drivers/STM32F1xx_HAL_Driver/Inc" -I"C:/Users/D203-02/Project/Reflow-Oven/STM32/PWM/Drivers/STM32F1xx_HAL_Driver/Inc/Legacy" -I"C:/Users/D203-02/Project/Reflow-Oven/STM32/PWM/Drivers/CMSIS/Device/ST/STM32F1xx/Include" -I"C:/Users/D203-02/Project/Reflow-Oven/STM32/PWM/Drivers/CMSIS/Include"  -Og -g3 -Wall -fmessage-length=0 -ffunction-sections -c -fmessage-length=0 -MMD -MP -MF"Src/main.d" -MT"Src/main.o" -o "Src/main.o" "../Src/main.c"
<command-line>:0:0: warning: "__packed" redefined
<command-line>:0:0: note: this is the location of the previous definition
Finished building: ../Src/main.c
 
Building target: PWM.elf
Invoking: MCU GCC Linker
arm-none-eabi-gcc -mcpu=cortex-m3 -mthumb -mfloat-abi=soft -L"C:\Ac6\SystemWorkbench\/../CMSIS/Lib/GCC" -L"\pack\2.1.14\Libraries\CMS IS\Lib\GCC" -specs=nosys.specs -specs=nano.specs -T"../STM32F103C8Tx_FLASH.ld" -Wl,-Map=output.map -Wl,--gc-sections -o "PWM.elf" @"objects.list"   -lm
Finished building target: PWM.elf
 
make --no-print-directory post-build
Generating hex and Printing size information:
arm-none-eabi-objcopy -O ihex "PWM.elf" "PWM.hex"
arm-none-eabi-size "PWM.elf"
   text	   data	    bss	    dec	    hex	filename
  12136	     32	   2000	  14168	   3758	PWM.elf
 
14:52:17 **** Incremental Build of configuration Debug for project PWM ****
make all 
Building file: ../Src/main.c
Invoking: MCU GCC Compiler
C:\Users\D203-02\Project\Reflow-Oven\STM32\PWM\Debug
arm-none-eabi-gcc -mcpu=cortex-m3 -mthumb -mfloat-abi=soft '-D__weak=__attribute__((weak))' -D__FPU_PRESENT '-D__packed="__attribute__((__packed__))"' -DUSE_HAL_DRIVER -DSTM32F103xB '-D__weak=__attribute__((weak))' '-D__packed=__attribute__((__packed__))' -DARM_MATH_CM4 -I"C:/Users/D203-02/Project/Reflow-Oven/STM32/PWM/Inc" -I"C:/Users/D203-02/Project/Reflow-Oven/STM32/PWM/Drivers/STM32F1xx_HAL_Driver/Inc" -I"C:/Users/D203-02/Project/Reflow-Oven/STM32/PWM/Drivers/STM32F1xx_HAL_Driver/Inc/Legacy" -I"C:/Users/D203-02/Project/Reflow-Oven/STM32/PWM/Drivers/CMSIS/Device/ST/STM32F1xx/Include" -I"C:/Users/D203-02/Project/Reflow-Oven/STM32/PWM/Drivers/CMSIS/Include"  -Og -g3 -Wall -fmessage-length=0 -ffunction-sections -c -fmessage-length=0 -MMD -MP -MF"Src/main.d" -MT"Src/main.o" -o "Src/main.o" "../Src/main.c"
<command-line>:0:0: warning: "__packed" redefined
<command-line>:0:0: note: this is the location of the previous definition
Finished building: ../Src/main.c
 
Building target: PWM.elf
Invoking: MCU GCC Linker
arm-none-eabi-gcc -mcpu=cortex-m3 -mthumb -mfloat-abi=soft -L"C:\Ac6\SystemWorkbench\/../CMSIS/Lib/GCC" -L"\pack\2.1.14\Libraries\CMS IS\Lib\GCC" -specs=nosys.specs -specs=nano.specs -T"../STM32F103C8Tx_FLASH.ld" -Wl,-Map=output.map -Wl,--gc-sections -o "PWM.elf" @"objects.list"   -lm
Finished building target: PWM.elf
 
make --no-print-directory post-build
Generating hex and Printing size information:
arm-none-eabi-objcopy -O ihex "PWM.elf" "PWM.hex"
arm-none-eabi-size "PWM.elf"
   text	   data	    bss	    dec	    hex	filename
  12088	     32	   2000	  14120	   3728	PWM.elf
 
14:53:28 **** Incremental Build of configuration Debug for project PWM ****
make all 
make: Nothing to be done for 'all'.
14:54:49 **** Incremental Build of configuration Debug for project PWM ****
make all 
Building file: ../Src/main.c
Invoking: MCU GCC Compiler
C:\Users\D203-02\Project\Reflow-Oven\STM32\PWM\Debug
arm-none-eabi-gcc -mcpu=cortex-m3 -mthumb -mfloat-abi=soft '-D__weak=__attribute__((weak))' -D__FPU_PRESENT '-D__packed="__attribute__((__packed__))"' -DUSE_HAL_DRIVER -DSTM32F103xB '-D__weak=__attribute__((weak))' '-D__packed=__attribute__((__packed__))' -DARM_MATH_CM4 -I"C:/Users/D203-02/Project/Reflow-Oven/STM32/PWM/Inc" -I"C:/Users/D203-02/Project/Reflow-Oven/STM32/PWM/Drivers/STM32F1xx_HAL_Driver/Inc" -I"C:/Users/D203-02/Project/Reflow-Oven/STM32/PWM/Drivers/STM32F1xx_HAL_Driver/Inc/Legacy" -I"C:/Users/D203-02/Project/Reflow-Oven/STM32/PWM/Drivers/CMSIS/Device/ST/STM32F1xx/Include" -I"C:/Users/D203-02/Project/Reflow-Oven/STM32/PWM/Drivers/CMSIS/Include"  -Og -g3 -Wall -fmessage-length=0 -ffunction-sections -c -fmessage-length=0 -MMD -MP -MF"Src/main.d" -MT"Src/main.o" -o "Src/main.o" "../Src/main.c"
<command-line>:0:0: warning: "__packed" redefined
<command-line>:0:0: note: this is the location of the previous definition
Finished building: ../Src/main.c
 
Building target: PWM.elf
Invoking: MCU GCC Linker
arm-none-eabi-gcc -mcpu=cortex-m3 -mthumb -mfloat-abi=soft -L"C:\Ac6\SystemWorkbench\/../CMSIS/Lib/GCC" -L"\pack\2.1.14\Libraries\CMS IS\Lib\GCC" -specs=nosys.specs -specs=nano.specs -T"../STM32F103C8Tx_FLASH.ld" -Wl,-Map=output.map -Wl,--gc-sections -o "PWM.elf" @"objects.list"   -lm
Finished building target: PWM.elf
 
make --no-print-directory post-build
Generating hex and Printing size information:
arm-none-eabi-objcopy -O ihex "PWM.elf" "PWM.hex"
arm-none-eabi-size "PWM.elf"
   text	   data	    bss	    dec	    hex	filename
  12080	     32	   2000	  14112	   3720	PWM.elf
 
14:56:13 **** Incremental Build of configuration Debug for project PWM ****
make all 
Building file: ../Src/main.c
Invoking: MCU GCC Compiler
C:\Users\D203-02\Project\Reflow-Oven\STM32\PWM\Debug
arm-none-eabi-gcc -mcpu=cortex-m3 -mthumb -mfloat-abi=soft '-D__weak=__attribute__((weak))' -D__FPU_PRESENT '-D__packed="__attribute__((__packed__))"' -DUSE_HAL_DRIVER -DSTM32F103xB '-D__weak=__attribute__((weak))' '-D__packed=__attribute__((__packed__))' -DARM_MATH_CM4 -I"C:/Users/D203-02/Project/Reflow-Oven/STM32/PWM/Inc" -I"C:/Users/D203-02/Project/Reflow-Oven/STM32/PWM/Drivers/STM32F1xx_HAL_Driver/Inc" -I"C:/Users/D203-02/Project/Reflow-Oven/STM32/PWM/Drivers/STM32F1xx_HAL_Driver/Inc/Legacy" -I"C:/Users/D203-02/Project/Reflow-Oven/STM32/PWM/Drivers/CMSIS/Device/ST/STM32F1xx/Include" -I"C:/Users/D203-02/Project/Reflow-Oven/STM32/PWM/Drivers/CMSIS/Include"  -Og -g3 -Wall -fmessage-length=0 -ffunction-sections -c -fmessage-length=0 -MMD -MP -MF"Src/main.d" -MT"Src/main.o" -o "Src/main.o" "../Src/main.c"
<command-line>:0:0: warning: "__packed" redefined
<command-line>:0:0: note: this is the location of the previous definition
Finished building: ../Src/main.c
 
Building target: PWM.elf
Invoking: MCU GCC Linker
arm-none-eabi-gcc -mcpu=cortex-m3 -mthumb -mfloat-abi=soft -L"C:\Ac6\SystemWorkbench\/../CMSIS/Lib/GCC" -L"\pack\2.1.14\Libraries\CMS IS\Lib\GCC" -specs=nosys.specs -specs=nano.specs -T"../STM32F103C8Tx_FLASH.ld" -Wl,-Map=output.map -Wl,--gc-sections -o "PWM.elf" @"objects.list"   -lm
Finished building target: PWM.elf
 
make --no-print-directory post-build
Generating hex and Printing size information:
arm-none-eabi-objcopy -O ihex "PWM.elf" "PWM.hex"
arm-none-eabi-size "PWM.elf"
   text	   data	    bss	    dec	    hex	filename
  12084	     32	   2000	  14116	   3724	PWM.elf
 
14:56:25 **** Incremental Build of configuration Debug for project PWM ****
make all 
make: Nothing to be done for 'all'.
14:57:22 **** Incremental Build of configuration Debug for project PWM ****
make all 
Building file: ../Src/main.c
Invoking: MCU GCC Compiler
C:\Users\D203-02\Project\Reflow-Oven\STM32\PWM\Debug
arm-none-eabi-gcc -mcpu=cortex-m3 -mthumb -mfloat-abi=soft '-D__weak=__attribute__((weak))' -D__FPU_PRESENT '-D__packed="__attribute__((__packed__))"' -DUSE_HAL_DRIVER -DSTM32F103xB '-D__weak=__attribute__((weak))' '-D__packed=__attribute__((__packed__))' -DARM_MATH_CM4 -I"C:/Users/D203-02/Project/Reflow-Oven/STM32/PWM/Inc" -I"C:/Users/D203-02/Project/Reflow-Oven/STM32/PWM/Drivers/STM32F1xx_HAL_Driver/Inc" -I"C:/Users/D203-02/Project/Reflow-Oven/STM32/PWM/Drivers/STM32F1xx_HAL_Driver/Inc/Legacy" -I"C:/Users/D203-02/Project/Reflow-Oven/STM32/PWM/Drivers/CMSIS/Device/ST/STM32F1xx/Include" -I"C:/Users/D203-02/Project/Reflow-Oven/STM32/PWM/Drivers/CMSIS/Include"  -Og -g3 -Wall -fmessage-length=0 -ffunction-sections -c -fmessage-length=0 -MMD -MP -MF"Src/main.d" -MT"Src/main.o" -o "Src/main.o" "../Src/main.c"
<command-line>:0:0: warning: "__packed" redefined
<command-line>:0:0: note: this is the location of the previous definition
Finished building: ../Src/main.c
 
Building target: PWM.elf
Invoking: MCU GCC Linker
arm-none-eabi-gcc -mcpu=cortex-m3 -mthumb -mfloat-abi=soft -L"C:\Ac6\SystemWorkbench\/../CMSIS/Lib/GCC" -L"\pack\2.1.14\Libraries\CMS IS\Lib\GCC" -specs=nosys.specs -specs=nano.specs -T"../STM32F103C8Tx_FLASH.ld" -Wl,-Map=output.map -Wl,--gc-sections -o "PWM.elf" @"objects.list"   -lm
Finished building target: PWM.elf
 
make --no-print-directory post-build
Generating hex and Printing size information:
arm-none-eabi-objcopy -O ihex "PWM.elf" "PWM.hex"
arm-none-eabi-size "PWM.elf"
   text	   data	    bss	    dec	    hex	filename
  12084	     32	   2000	  14116	   3724	PWM.elf
 
15:00:09 **** Incremental Build of configuration Debug for project PWM ****
make all 
Building file: ../Src/main.c
Invoking: MCU GCC Compiler
C:\Users\D203-02\Project\Reflow-Oven\STM32\PWM\Debug
arm-none-eabi-gcc -mcpu=cortex-m3 -mthumb -mfloat-abi=soft '-D__weak=__attribute__((weak))' -D__FPU_PRESENT '-D__packed="__attribute__((__packed__))"' -DUSE_HAL_DRIVER -DSTM32F103xB '-D__weak=__attribute__((weak))' '-D__packed=__attribute__((__packed__))' -DARM_MATH_CM4 -I"C:/Users/D203-02/Project/Reflow-Oven/STM32/PWM/Inc" -I"C:/Users/D203-02/Project/Reflow-Oven/STM32/PWM/Drivers/STM32F1xx_HAL_Driver/Inc" -I"C:/Users/D203-02/Project/Reflow-Oven/STM32/PWM/Drivers/STM32F1xx_HAL_Driver/Inc/Legacy" -I"C:/Users/D203-02/Project/Reflow-Oven/STM32/PWM/Drivers/CMSIS/Device/ST/STM32F1xx/Include" -I"C:/Users/D203-02/Project/Reflow-Oven/STM32/PWM/Drivers/CMSIS/Include"  -Og -g3 -Wall -fmessage-length=0 -ffunction-sections -c -fmessage-length=0 -MMD -MP -MF"Src/main.d" -MT"Src/main.o" -o "Src/main.o" "../Src/main.c"
<command-line>:0:0: warning: "__packed" redefined
<command-line>:0:0: note: this is the location of the previous definition
Finished building: ../Src/main.c
 
Building target: PWM.elf
Invoking: MCU GCC Linker
arm-none-eabi-gcc -mcpu=cortex-m3 -mthumb -mfloat-abi=soft -L"C:\Ac6\SystemWorkbench\/../CMSIS/Lib/GCC" -L"\pack\2.1.14\Libraries\CMS IS\Lib\GCC" -specs=nosys.specs -specs=nano.specs -T"../STM32F103C8Tx_FLASH.ld" -Wl,-Map=output.map -Wl,--gc-sections -o "PWM.elf" @"objects.list"   -lm
Finished building target: PWM.elf
 
make --no-print-directory post-build
Generating hex and Printing size information:
arm-none-eabi-objcopy -O ihex "PWM.elf" "PWM.hex"
arm-none-eabi-size "PWM.elf"
   text	   data	    bss	    dec	    hex	filename
  12100	     32	   2000	  14132	   3734	PWM.elf
 
15:05:03 **** Incremental Build of configuration Debug for project PWM ****
make all 
Building file: ../Src/main.c
Invoking: MCU GCC Compiler
C:\Users\D203-02\Project\Reflow-Oven\STM32\PWM\Debug
arm-none-eabi-gcc -mcpu=cortex-m3 -mthumb -mfloat-abi=soft '-D__weak=__attribute__((weak))' -D__FPU_PRESENT '-D__packed="__attribute__((__packed__))"' -DUSE_HAL_DRIVER -DSTM32F103xB '-D__weak=__attribute__((weak))' '-D__packed=__attribute__((__packed__))' -DARM_MATH_CM4 -I"C:/Users/D203-02/Project/Reflow-Oven/STM32/PWM/Inc" -I"C:/Users/D203-02/Project/Reflow-Oven/STM32/PWM/Drivers/STM32F1xx_HAL_Driver/Inc" -I"C:/Users/D203-02/Project/Reflow-Oven/STM32/PWM/Drivers/STM32F1xx_HAL_Driver/Inc/Legacy" -I"C:/Users/D203-02/Project/Reflow-Oven/STM32/PWM/Drivers/CMSIS/Device/ST/STM32F1xx/Include" -I"C:/Users/D203-02/Project/Reflow-Oven/STM32/PWM/Drivers/CMSIS/Include"  -Og -g3 -Wall -fmessage-length=0 -ffunction-sections -c -fmessage-length=0 -MMD -MP -MF"Src/main.d" -MT"Src/main.o" -o "Src/main.o" "../Src/main.c"
<command-line>:0:0: warning: "__packed" redefined
<command-line>:0:0: note: this is the location of the previous definition
Finished building: ../Src/main.c
 
Building target: PWM.elf
Invoking: MCU GCC Linker
arm-none-eabi-gcc -mcpu=cortex-m3 -mthumb -mfloat-abi=soft -L"C:\Ac6\SystemWorkbench\/../CMSIS/Lib/GCC" -L"\pack\2.1.14\Libraries\CMS IS\Lib\GCC" -specs=nosys.specs -specs=nano.specs -T"../STM32F103C8Tx_FLASH.ld" -Wl,-Map=output.map -Wl,--gc-sections -o "PWM.elf" @"objects.list"   -lm
Finished building target: PWM.elf
 
make --no-print-directory post-build
Generating hex and Printing size information:
arm-none-eabi-objcopy -O ihex "PWM.elf" "PWM.hex"
arm-none-eabi-size "PWM.elf"
   text	   data	    bss	    dec	    hex	filename
  12104	     32	   2000	  14136	   3738	PWM.elf
 
15:05:19 **** Incremental Build of configuration Debug for project PWM ****
make all 
make: Nothing to be done for 'all'.
15:05:23 **** Incremental Build of configuration Debug for project PWM ****
make all 
make: Nothing to be done for 'all'.
15:05:30 **** Incremental Build of configuration Debug for project PWM ****
make all 
make: Nothing to be done for 'all'.
15:05:45 **** Incremental Build of configuration Debug for project PWM ****
make all 
make: Nothing to be done for 'all'.
15:06:01 **** Incremental Build of configuration Debug for project PWM ****
make all 
make: Nothing to be done for 'all'.
15:11:18 **** Incremental Build of configuration Debug for project PWM ****
make all 
Building file: ../Src/main.c
Invoking: MCU GCC Compiler
C:\Users\D203-02\Project\Reflow-Oven\STM32\PWM\Debug
[...]
Building file: ../Src/main.c
Invoking: MCU GCC Compiler
C:\Users\D203-02\Project\Reflow-Oven\STM32\PWM\Debug
arm-none-eabi-gcc -mcpu=cortex-m3 -mthumb -mfloat-abi=soft '-D__weak=__attribute__((weak))' -D__FPU_PRESENT '-D__packed="__attribute__((__packed__))"' -DUSE_HAL_DRIVER -DSTM32F103xB '-D__weak=__attribute__((weak))' '-D__packed=__attribute__((__packed__))' -DARM_MATH_CM4 -I"C:/Users/D203-02/Project/Reflow-Oven/STM32/PWM/Inc" -I"C:/Users/D203-02/Project/Reflow-Oven/STM32/PWM/Drivers/STM32F1xx_HAL_Driver/Inc" -I"C:/Users/D203-02/Project/Reflow-Oven/STM32/PWM/Drivers/STM32F1xx_HAL_Driver/Inc/Legacy" -I"C:/Users/D203-02/Project/Reflow-Oven/STM32/PWM/Drivers/CMSIS/Device/ST/STM32F1xx/Include" -I"C:/Users/D203-02/Project/Reflow-Oven/STM32/PWM/Drivers/CMSIS/Include"  -Og -g3 -Wall -fmessage-length=0 -ffunction-sections -c -fmessage-length=0 -MMD -MP -MF"Src/main.d" -MT"Src/main.o" -o "Src/main.o" "../Src/main.c"
<command-line>:0:0: warning: "__packed" redefined
<command-line>:0:0: note: this is the location of the previous definition
Finished building: ../Src/main.c
 
Building target: PWM.elf
Invoking: MCU GCC Linker
arm-none-eabi-gcc -mcpu=cortex-m3 -mthumb -mfloat-abi=soft -L"C:\Ac6\SystemWorkbench\/../CMSIS/Lib/GCC" -L"\pack\2.1.14\Libraries\CMS IS\Lib\GCC" -specs=nosys.specs -specs=nano.specs -T"../STM32F103C8Tx_FLASH.ld" -Wl,-Map=output.map -Wl,--gc-sections -o "PWM.elf" @"objects.list"   -lm
Finished building target: PWM.elf
 
make --no-print-directory post-build
Generating hex and Printing size information:
arm-none-eabi-objcopy -O ihex "PWM.elf" "PWM.hex"
arm-none-eabi-size "PWM.elf"
   text	   data	    bss	    dec	    hex	filename
  12396	     32	   2000	  14428	   385c	PWM.elf
 
18:37:53 **** Incremental Build of configuration Debug for project PWM ****
make all 
Building file: ../Src/main.c
Invoking: MCU GCC Compiler
C:\Users\D203-02\Project\Reflow-Oven\STM32\PWM\Debug
arm-none-eabi-gcc -mcpu=cortex-m3 -mthumb -mfloat-abi=soft '-D__weak=__attribute__((weak))' -D__FPU_PRESENT '-D__packed="__attribute__((__packed__))"' -DUSE_HAL_DRIVER -DSTM32F103xB '-D__weak=__attribute__((weak))' '-D__packed=__attribute__((__packed__))' -DARM_MATH_CM4 -I"C:/Users/D203-02/Project/Reflow-Oven/STM32/PWM/Inc" -I"C:/Users/D203-02/Project/Reflow-Oven/STM32/PWM/Drivers/STM32F1xx_HAL_Driver/Inc" -I"C:/Users/D203-02/Project/Reflow-Oven/STM32/PWM/Drivers/STM32F1xx_HAL_Driver/Inc/Legacy" -I"C:/Users/D203-02/Project/Reflow-Oven/STM32/PWM/Drivers/CMSIS/Device/ST/STM32F1xx/Include" -I"C:/Users/D203-02/Project/Reflow-Oven/STM32/PWM/Drivers/CMSIS/Include"  -Og -g3 -Wall -fmessage-length=0 -ffunction-sections -c -fmessage-length=0 -MMD -MP -MF"Src/main.d" -MT"Src/main.o" -o "Src/main.o" "../Src/main.c"
<command-line>:0:0: warning: "__packed" redefined
<command-line>:0:0: note: this is the location of the previous definition
Finished building: ../Src/main.c
 
Building target: PWM.elf
Invoking: MCU GCC Linker
arm-none-eabi-gcc -mcpu=cortex-m3 -mthumb -mfloat-abi=soft -L"C:\Ac6\SystemWorkbench\/../CMSIS/Lib/GCC" -L"\pack\2.1.14\Libraries\CMS IS\Lib\GCC" -specs=nosys.specs -specs=nano.specs -T"../STM32F103C8Tx_FLASH.ld" -Wl,-Map=output.map -Wl,--gc-sections -o "PWM.elf" @"objects.list"   -lm
Finished building target: PWM.elf
 
make --no-print-directory post-build
Generating hex and Printing size information:
arm-none-eabi-objcopy -O ihex "PWM.elf" "PWM.hex"
arm-none-eabi-size "PWM.elf"
   text	   data	    bss	    dec	    hex	filename
  12380	     32	   2000	  14412	   384c	PWM.elf
 
18:38:52 **** Incremental Build of configuration Debug for project PWM ****
make all 
Building file: ../Src/main.c
Invoking: MCU GCC Compiler
C:\Users\D203-02\Project\Reflow-Oven\STM32\PWM\Debug
arm-none-eabi-gcc -mcpu=cortex-m3 -mthumb -mfloat-abi=soft '-D__weak=__attribute__((weak))' -D__FPU_PRESENT '-D__packed="__attribute__((__packed__))"' -DUSE_HAL_DRIVER -DSTM32F103xB '-D__weak=__attribute__((weak))' '-D__packed=__attribute__((__packed__))' -DARM_MATH_CM4 -I"C:/Users/D203-02/Project/Reflow-Oven/STM32/PWM/Inc" -I"C:/Users/D203-02/Project/Reflow-Oven/STM32/PWM/Drivers/STM32F1xx_HAL_Driver/Inc" -I"C:/Users/D203-02/Project/Reflow-Oven/STM32/PWM/Drivers/STM32F1xx_HAL_Driver/Inc/Legacy" -I"C:/Users/D203-02/Project/Reflow-Oven/STM32/PWM/Drivers/CMSIS/Device/ST/STM32F1xx/Include" -I"C:/Users/D203-02/Project/Reflow-Oven/STM32/PWM/Drivers/CMSIS/Include"  -Og -g3 -Wall -fmessage-length=0 -ffunction-sections -c -fmessage-length=0 -MMD -MP -MF"Src/main.d" -MT"Src/main.o" -o "Src/main.o" "../Src/main.c"
<command-line>:0:0: warning: "__packed" redefined
<command-line>:0:0: note: this is the location of the previous definition
Finished building: ../Src/main.c
 
Building target: PWM.elf
Invoking: MCU GCC Linker
arm-none-eabi-gcc -mcpu=cortex-m3 -mthumb -mfloat-abi=soft -L"C:\Ac6\SystemWorkbench\/../CMSIS/Lib/GCC" -L"\pack\2.1.14\Libraries\CMS IS\Lib\GCC" -specs=nosys.specs -specs=nano.specs -T"../STM32F103C8Tx_FLASH.ld" -Wl,-Map=output.map -Wl,--gc-sections -o "PWM.elf" @"objects.list"   -lm
Finished building target: PWM.elf
 
make --no-print-directory post-build
Generating hex and Printing size information:
arm-none-eabi-objcopy -O ihex "PWM.elf" "PWM.hex"
arm-none-eabi-size "PWM.elf"
   text	   data	    bss	    dec	    hex	filename
  12368	     32	   2000	  14400	   3840	PWM.elf
 
18:40:53 **** Incremental Build of configuration Debug for project PWM ****
make all 
Building file: ../Src/main.c
Invoking: MCU GCC Compiler
C:\Users\D203-02\Project\Reflow-Oven\STM32\PWM\Debug
arm-none-eabi-gcc -mcpu=cortex-m3 -mthumb -mfloat-abi=soft '-D__weak=__attribute__((weak))' -D__FPU_PRESENT '-D__packed="__attribute__((__packed__))"' -DUSE_HAL_DRIVER -DSTM32F103xB '-D__weak=__attribute__((weak))' '-D__packed=__attribute__((__packed__))' -DARM_MATH_CM4 -I"C:/Users/D203-02/Project/Reflow-Oven/STM32/PWM/Inc" -I"C:/Users/D203-02/Project/Reflow-Oven/STM32/PWM/Drivers/STM32F1xx_HAL_Driver/Inc" -I"C:/Users/D203-02/Project/Reflow-Oven/STM32/PWM/Drivers/STM32F1xx_HAL_Driver/Inc/Legacy" -I"C:/Users/D203-02/Project/Reflow-Oven/STM32/PWM/Drivers/CMSIS/Device/ST/STM32F1xx/Include" -I"C:/Users/D203-02/Project/Reflow-Oven/STM32/PWM/Drivers/CMSIS/Include"  -Og -g3 -Wall -fmessage-length=0 -ffunction-sections -c -fmessage-length=0 -MMD -MP -MF"Src/main.d" -MT"Src/main.o" -o "Src/main.o" "../Src/main.c"
<command-line>:0:0: warning: "__packed" redefined
<command-line>:0:0: note: this is the location of the previous definition
Finished building: ../Src/main.c
 
Building target: PWM.elf
Invoking: MCU GCC Linker
arm-none-eabi-gcc -mcpu=cortex-m3 -mthumb -mfloat-abi=soft -L"C:\Ac6\SystemWorkbench\/../CMSIS/Lib/GCC" -L"\pack\2.1.14\Libraries\CMS IS\Lib\GCC" -specs=nosys.specs -specs=nano.specs -T"../STM32F103C8Tx_FLASH.ld" -Wl,-Map=output.map -Wl,--gc-sections -o "PWM.elf" @"objects.list"   -lm
Finished building target: PWM.elf
 
make --no-print-directory post-build
Generating hex and Printing size information:
arm-none-eabi-objcopy -O ihex "PWM.elf" "PWM.hex"
arm-none-eabi-size "PWM.elf"
   text	   data	    bss	    dec	    hex	filename
  12320	     32	   2000	  14352	   3810	PWM.elf
 
18:47:47 **** Incremental Build of configuration Debug for project PWM ****
make all 
Building file: ../Src/main.c
Invoking: MCU GCC Compiler
C:\Users\D203-02\Project\Reflow-Oven\STM32\PWM\Debug
arm-none-eabi-gcc -mcpu=cortex-m3 -mthumb -mfloat-abi=soft '-D__weak=__attribute__((weak))' -D__FPU_PRESENT '-D__packed="__attribute__((__packed__))"' -DUSE_HAL_DRIVER -DSTM32F103xB '-D__weak=__attribute__((weak))' '-D__packed=__attribute__((__packed__))' -DARM_MATH_CM4 -I"C:/Users/D203-02/Project/Reflow-Oven/STM32/PWM/Inc" -I"C:/Users/D203-02/Project/Reflow-Oven/STM32/PWM/Drivers/STM32F1xx_HAL_Driver/Inc" -I"C:/Users/D203-02/Project/Reflow-Oven/STM32/PWM/Drivers/STM32F1xx_HAL_Driver/Inc/Legacy" -I"C:/Users/D203-02/Project/Reflow-Oven/STM32/PWM/Drivers/CMSIS/Device/ST/STM32F1xx/Include" -I"C:/Users/D203-02/Project/Reflow-Oven/STM32/PWM/Drivers/CMSIS/Include"  -Og -g3 -Wall -fmessage-length=0 -ffunction-sections -c -fmessage-length=0 -MMD -MP -MF"Src/main.d" -MT"Src/main.o" -o "Src/main.o" "../Src/main.c"
<command-line>:0:0: warning: "__packed" redefined
<command-line>:0:0: note: this is the location of the previous definition
Finished building: ../Src/main.c
 
Building target: PWM.elf
Invoking: MCU GCC Linker
arm-none-eabi-gcc -mcpu=cortex-m3 -mthumb -mfloat-abi=soft -L"C:\Ac6\SystemWorkbench\/../CMSIS/Lib/GCC" -L"\pack\2.1.14\Libraries\CMS IS\Lib\GCC" -specs=nosys.specs -specs=nano.specs -T"../STM32F103C8Tx_FLASH.ld" -Wl,-Map=output.map -Wl,--gc-sections -o "PWM.elf" @"objects.list"   -lm
Finished building target: PWM.elf
 
make --no-print-directory post-build
Generating hex and Printing size information:
arm-none-eabi-objcopy -O ihex "PWM.elf" "PWM.hex"
arm-none-eabi-size "PWM.elf"
   text	   data	    bss	    dec	    hex	filename
  12320	     32	   2000	  14352	   3810	PWM.elf
 
18:50:21 **** Incremental Build of configuration Debug for project PWM ****
make all 
Building file: ../Src/main.c
Invoking: MCU GCC Compiler
C:\Users\D203-02\Project\Reflow-Oven\STM32\PWM\Debug
arm-none-eabi-gcc -mcpu=cortex-m3 -mthumb -mfloat-abi=soft '-D__weak=__attribute__((weak))' -D__FPU_PRESENT '-D__packed="__attribute__((__packed__))"' -DUSE_HAL_DRIVER -DSTM32F103xB '-D__weak=__attribute__((weak))' '-D__packed=__attribute__((__packed__))' -DARM_MATH_CM4 -I"C:/Users/D203-02/Project/Reflow-Oven/STM32/PWM/Inc" -I"C:/Users/D203-02/Project/Reflow-Oven/STM32/PWM/Drivers/STM32F1xx_HAL_Driver/Inc" -I"C:/Users/D203-02/Project/Reflow-Oven/STM32/PWM/Drivers/STM32F1xx_HAL_Driver/Inc/Legacy" -I"C:/Users/D203-02/Project/Reflow-Oven/STM32/PWM/Drivers/CMSIS/Device/ST/STM32F1xx/Include" -I"C:/Users/D203-02/Project/Reflow-Oven/STM32/PWM/Drivers/CMSIS/Include"  -Og -g3 -Wall -fmessage-length=0 -ffunction-sections -c -fmessage-length=0 -MMD -MP -MF"Src/main.d" -MT"Src/main.o" -o "Src/main.o" "../Src/main.c"
<command-line>:0:0: warning: "__packed" redefined
<command-line>:0:0: note: this is the location of the previous definition
Finished building: ../Src/main.c
 
Building target: PWM.elf
Invoking: MCU GCC Linker
arm-none-eabi-gcc -mcpu=cortex-m3 -mthumb -mfloat-abi=soft -L"C:\Ac6\SystemWorkbench\/../CMSIS/Lib/GCC" -L"\pack\2.1.14\Libraries\CMS IS\Lib\GCC" -specs=nosys.specs -specs=nano.specs -T"../STM32F103C8Tx_FLASH.ld" -Wl,-Map=output.map -Wl,--gc-sections -o "PWM.elf" @"objects.list"   -lm
Finished building target: PWM.elf
 
make --no-print-directory post-build
Generating hex and Printing size information:
arm-none-eabi-objcopy -O ihex "PWM.elf" "PWM.hex"
arm-none-eabi-size "PWM.elf"
   text	   data	    bss	    dec	    hex	filename
  12320	     32	   2000	  14352	   3810	PWM.elf
 
19:01:29 **** Incremental Build of configuration Debug for project PWM ****
make all 
Building file: ../Src/main.c
Invoking: MCU GCC Compiler
C:\Users\D203-02\Project\Reflow-Oven\STM32\PWM\Debug
arm-none-eabi-gcc -mcpu=cortex-m3 -mthumb -mfloat-abi=soft '-D__weak=__attribute__((weak))' -D__FPU_PRESENT '-D__packed="__attribute__((__packed__))"' -DUSE_HAL_DRIVER -DSTM32F103xB '-D__weak=__attribute__((weak))' '-D__packed=__attribute__((__packed__))' -DARM_MATH_CM4 -I"C:/Users/D203-02/Project/Reflow-Oven/STM32/PWM/Inc" -I"C:/Users/D203-02/Project/Reflow-Oven/STM32/PWM/Drivers/STM32F1xx_HAL_Driver/Inc" -I"C:/Users/D203-02/Project/Reflow-Oven/STM32/PWM/Drivers/STM32F1xx_HAL_Driver/Inc/Legacy" -I"C:/Users/D203-02/Project/Reflow-Oven/STM32/PWM/Drivers/CMSIS/Device/ST/STM32F1xx/Include" -I"C:/Users/D203-02/Project/Reflow-Oven/STM32/PWM/Drivers/CMSIS/Include"  -Og -g3 -Wall -fmessage-length=0 -ffunction-sections -c -fmessage-length=0 -MMD -MP -MF"Src/main.d" -MT"Src/main.o" -o "Src/main.o" "../Src/main.c"
<command-line>:0:0: warning: "__packed" redefined
<command-line>:0:0: note: this is the location of the previous definition
Finished building: ../Src/main.c
 
Building target: PWM.elf
Invoking: MCU GCC Linker
arm-none-eabi-gcc -mcpu=cortex-m3 -mthumb -mfloat-abi=soft -L"C:\Ac6\SystemWorkbench\/../CMSIS/Lib/GCC" -L"\pack\2.1.14\Libraries\CMS IS\Lib\GCC" -specs=nosys.specs -specs=nano.specs -T"../STM32F103C8Tx_FLASH.ld" -Wl,-Map=output.map -Wl,--gc-sections -o "PWM.elf" @"objects.list"   -lm
Finished building target: PWM.elf
 
make --no-print-directory post-build
Generating hex and Printing size information:
arm-none-eabi-objcopy -O ihex "PWM.elf" "PWM.hex"
arm-none-eabi-size "PWM.elf"
   text	   data	    bss	    dec	    hex	filename
  12304	     32	   2000	  14336	   3800	PWM.elf
 
19:14:44 **** Incremental Build of configuration Debug for project PWM ****
make all 
Building file: ../Src/main.c
Invoking: MCU GCC Compiler
C:\Users\D203-02\Project\Reflow-Oven\STM32\PWM\Debug
arm-none-eabi-gcc -mcpu=cortex-m3 -mthumb -mfloat-abi=soft '-D__weak=__attribute__((weak))' -D__FPU_PRESENT '-D__packed="__attribute__((__packed__))"' -DUSE_HAL_DRIVER -DSTM32F103xB '-D__weak=__attribute__((weak))' '-D__packed=__attribute__((__packed__))' -DARM_MATH_CM4 -I"C:/Users/D203-02/Project/Reflow-Oven/STM32/PWM/Inc" -I"C:/Users/D203-02/Project/Reflow-Oven/STM32/PWM/Drivers/STM32F1xx_HAL_Driver/Inc" -I"C:/Users/D203-02/Project/Reflow-Oven/STM32/PWM/Drivers/STM32F1xx_HAL_Driver/Inc/Legacy" -I"C:/Users/D203-02/Project/Reflow-Oven/STM32/PWM/Drivers/CMSIS/Device/ST/STM32F1xx/Include" -I"C:/Users/D203-02/Project/Reflow-Oven/STM32/PWM/Drivers/CMSIS/Include"  -Og -g3 -Wall -fmessage-length=0 -ffunction-sections -c -fmessage-length=0 -MMD -MP -MF"Src/main.d" -MT"Src/main.o" -o "Src/main.o" "../Src/main.c"
<command-line>:0:0: warning: "__packed" redefined
<command-line>:0:0: note: this is the location of the previous definition
Finished building: ../Src/main.c
 
Building target: PWM.elf
Invoking: MCU GCC Linker
arm-none-eabi-gcc -mcpu=cortex-m3 -mthumb -mfloat-abi=soft -L"C:\Ac6\SystemWorkbench\/../CMSIS/Lib/GCC" -L"\pack\2.1.14\Libraries\CMS IS\Lib\GCC" -specs=nosys.specs -specs=nano.specs -T"../STM32F103C8Tx_FLASH.ld" -Wl,-Map=output.map -Wl,--gc-sections -o "PWM.elf" @"objects.list"   -lm
Finished building target: PWM.elf
 
make --no-print-directory post-build
Generating hex and Printing size information:
arm-none-eabi-objcopy -O ihex "PWM.elf" "PWM.hex"
arm-none-eabi-size "PWM.elf"
   text	   data	    bss	    dec	    hex	filename
  12304	     32	   2000	  14336	   3800	PWM.elf
 
19:21:12 **** Incremental Build of configuration Debug for project PWM ****
make all 
Building file: ../Src/main.c
Invoking: MCU GCC Compiler
C:\Users\D203-02\Project\Reflow-Oven\STM32\PWM\Debug
arm-none-eabi-gcc -mcpu=cortex-m3 -mthumb -mfloat-abi=soft '-D__weak=__attribute__((weak))' -D__FPU_PRESENT '-D__packed="__attribute__((__packed__))"' -DUSE_HAL_DRIVER -DSTM32F103xB '-D__weak=__attribute__((weak))' '-D__packed=__attribute__((__packed__))' -DARM_MATH_CM4 -I"C:/Users/D203-02/Project/Reflow-Oven/STM32/PWM/Inc" -I"C:/Users/D203-02/Project/Reflow-Oven/STM32/PWM/Drivers/STM32F1xx_HAL_Driver/Inc" -I"C:/Users/D203-02/Project/Reflow-Oven/STM32/PWM/Drivers/STM32F1xx_HAL_Driver/Inc/Legacy" -I"C:/Users/D203-02/Project/Reflow-Oven/STM32/PWM/Drivers/CMSIS/Device/ST/STM32F1xx/Include" -I"C:/Users/D203-02/Project/Reflow-Oven/STM32/PWM/Drivers/CMSIS/Include"  -Og -g3 -Wall -fmessage-length=0 -ffunction-sections -c -fmessage-length=0 -MMD -MP -MF"Src/main.d" -MT"Src/main.o" -o "Src/main.o" "../Src/main.c"
<command-line>:0:0: warning: "__packed" redefined
<command-line>:0:0: note: this is the location of the previous definition
Finished building: ../Src/main.c
 
Building target: PWM.elf
Invoking: MCU GCC Linker
arm-none-eabi-gcc -mcpu=cortex-m3 -mthumb -mfloat-abi=soft -L"C:\Ac6\SystemWorkbench\/../CMSIS/Lib/GCC" -L"\pack\2.1.14\Libraries\CMS IS\Lib\GCC" -specs=nosys.specs -specs=nano.specs -T"../STM32F103C8Tx_FLASH.ld" -Wl,-Map=output.map -Wl,--gc-sections -o "PWM.elf" @"objects.list"   -lm
Finished building target: PWM.elf
 
make --no-print-directory post-build
Generating hex and Printing size information:
arm-none-eabi-objcopy -O ihex "PWM.elf" "PWM.hex"
arm-none-eabi-size "PWM.elf"
   text	   data	    bss	    dec	    hex	filename
  12296	     32	   2008	  14336	   3800	PWM.elf
 
19:21:36 **** Incremental Build of configuration Debug for project PWM ****
make all 
make: Nothing to be done for 'all'.
19:24:29 **** Incremental Build of configuration Debug for project PWM ****
make all 
Building file: ../Src/main.c
Invoking: MCU GCC Compiler
C:\Users\D203-02\Project\Reflow-Oven\STM32\PWM\Debug
arm-none-eabi-gcc -mcpu=cortex-m3 -mthumb -mfloat-abi=soft '-D__weak=__attribute__((weak))' -D__FPU_PRESENT '-D__packed="__attribute__((__packed__))"' -DUSE_HAL_DRIVER -DSTM32F103xB '-D__weak=__attribute__((weak))' '-D__packed=__attribute__((__packed__))' -DARM_MATH_CM4 -I"C:/Users/D203-02/Project/Reflow-Oven/STM32/PWM/Inc" -I"C:/Users/D203-02/Project/Reflow-Oven/STM32/PWM/Drivers/STM32F1xx_HAL_Driver/Inc" -I"C:/Users/D203-02/Project/Reflow-Oven/STM32/PWM/Drivers/STM32F1xx_HAL_Driver/Inc/Legacy" -I"C:/Users/D203-02/Project/Reflow-Oven/STM32/PWM/Drivers/CMSIS/Device/ST/STM32F1xx/Include" -I"C:/Users/D203-02/Project/Reflow-Oven/STM32/PWM/Drivers/CMSIS/Include"  -Og -g3 -Wall -fmessage-length=0 -ffunction-sections -c -fmessage-length=0 -MMD -MP -MF"Src/main.d" -MT"Src/main.o" -o "Src/main.o" "../Src/main.c"
<command-line>:0:0: warning: "__packed" redefined
<command-line>:0:0: note: this is the location of the previous definition
Finished building: ../Src/main.c
 
Building target: PWM.elf
Invoking: MCU GCC Linker
arm-none-eabi-gcc -mcpu=cortex-m3 -mthumb -mfloat-abi=soft -L"C:\Ac6\SystemWorkbench\/../CMSIS/Lib/GCC" -L"\pack\2.1.14\Libraries\CMS IS\Lib\GCC" -specs=nosys.specs -specs=nano.specs -T"../STM32F103C8Tx_FLASH.ld" -Wl,-Map=output.map -Wl,--gc-sections -o "PWM.elf" @"objects.list"   -lm
Finished building target: PWM.elf
 
make --no-print-directory post-build
Generating hex and Printing size information:
arm-none-eabi-objcopy -O ihex "PWM.elf" "PWM.hex"
arm-none-eabi-size "PWM.elf"
   text	   data	    bss	    dec	    hex	filename
  12304	     32	   2000	  14336	   3800	PWM.elf
 
19:45:31 **** Incremental Build of configuration Debug for project PWM ****
make all 
Building file: ../Src/main.c
Invoking: MCU GCC Compiler
C:\Users\D203-02\Project\Reflow-Oven\STM32\PWM\Debug
arm-none-eabi-gcc -mcpu=cortex-m3 -mthumb -mfloat-abi=soft '-D__weak=__attribute__((weak))' -D__FPU_PRESENT '-D__packed="__attribute__((__packed__))"' -DUSE_HAL_DRIVER -DSTM32F103xB '-D__weak=__attribute__((weak))' '-D__packed=__attribute__((__packed__))' -DARM_MATH_CM4 -I"C:/Users/D203-02/Project/Reflow-Oven/STM32/PWM/Inc" -I"C:/Users/D203-02/Project/Reflow-Oven/STM32/PWM/Drivers/STM32F1xx_HAL_Driver/Inc" -I"C:/Users/D203-02/Project/Reflow-Oven/STM32/PWM/Drivers/STM32F1xx_HAL_Driver/Inc/Legacy" -I"C:/Users/D203-02/Project/Reflow-Oven/STM32/PWM/Drivers/CMSIS/Device/ST/STM32F1xx/Include" -I"C:/Users/D203-02/Project/Reflow-Oven/STM32/PWM/Drivers/CMSIS/Include"  -Og -g3 -Wall -fmessage-length=0 -ffunction-sections -c -fmessage-length=0 -MMD -MP -MF"Src/main.d" -MT"Src/main.o" -o "Src/main.o" "../Src/main.c"
<command-line>:0:0: warning: "__packed" redefined
<command-line>:0:0: note: this is the location of the previous definition
Finished building: ../Src/main.c
 
Building target: PWM.elf
Invoking: MCU GCC Linker
arm-none-eabi-gcc -mcpu=cortex-m3 -mthumb -mfloat-abi=soft -L"C:\Ac6\SystemWorkbench\/../CMSIS/Lib/GCC" -L"\pack\2.1.14\Libraries\CMS IS\Lib\GCC" -specs=nosys.specs -specs=nano.specs -T"../STM32F103C8Tx_FLASH.ld" -Wl,-Map=output.map -Wl,--gc-sections -o "PWM.elf" @"objects.list"   -lm
Finished building target: PWM.elf
 
make --no-print-directory post-build
Generating hex and Printing size information:
arm-none-eabi-objcopy -O ihex "PWM.elf" "PWM.hex"
arm-none-eabi-size "PWM.elf"
   text	   data	    bss	    dec	    hex	filename
  12288	     32	   2000	  14320	   37f0	PWM.elf
 
19:45:51 **** Incremental Build of configuration Debug for project PWM ****
make all 
make: Nothing to be done for 'all'.
